Microchip MPLAB XC8 Compiler V2.36

Linker command line:

-W-3 --edf=C:\Program Files\Microchip\xc8\v2.36\pic\dat\en_msgs.txt -cn \
  -h+dist/default/debug\MC50UNI.V.0.2.3.X.debug.sym \
  --cmf=dist/default/debug\MC50UNI.V.0.2.3.X.debug.cmf -z -Q18F46K40 \
  -oC:\Users\RAFAEL~1\AppData\Local\Temp\xcAsce0.4 --defsym=__MPLAB_BUILD=1 \
  -Mdist/default/debug/MC50UNI.V.0.2.3.X.debug.map \
  --md=C:\Users\RAFAEL~1\AppData\Local\Temp\xcAsce0.dat -E1 \
  -ver=XC8 Compiler --acfsm=1493 -ACODE=00h-0FFFFh -ACONST=00h-0FFFFh \
  -ASMALLCONST=0F00h-0FFFhx241 -AMEDIUMCONST=0F00h-0FFFFh -ACOMRAM=01h-05Fh \
  -AABS1=00h-0E87h -ABIGRAM=01h-0E87h \
  -ARAM=060h-0FFh,0100h-01FFhx13,0E00h-0E87h -ABANK0=060h-0FFh \
  -ABANK1=0100h-01FFh -ABANK2=0200h-02FFh -ABANK3=0300h-03FFh \
  -ABANK4=0400h-04FFh -ABANK5=0500h-05FFh -ABANK6=0600h-06FFh \
  -ABANK7=0700h-07FFh -ABANK8=0800h-08FFh -ABANK9=0900h-09FFh \
  -ABANK10=0A00h-0AFFh -ABANK11=0B00h-0BFFh -ABANK12=0C00h-0CFFh \
  -ABANK13=0D00h-0DFFh -ABANK14=0E00h-0E87h \
  -ASFR=0E8Dh-0EFFh,0F00h-0F5Fh,0F60h-0FFFh -ABIGSFR=0E8Dh-0FFFh \
  -ACONFIG=0300000h-030000Bh -AIDLOC=0200000h-020000Fh \
  -AEEDATA=0310000h-03103FFh -peeprom_data=EEDATA \
  -preset_vec=00h,intcode=08h,intcodelo,powerup,init -pramtop=0F00h \
  -psmallconst=SMALLCONST -pmediumconst=MEDIUMCONST -pconst=CONST \
  -AFARRAM=00h-00h \
  -prdata=COMRAM,nvrram=COMRAM,nvbit=COMRAM,rbss=COMRAM,rbit=COMRAM \
  -pfarbss=FARRAM,fardata=FARRAM,nvFARRAM=FARRAM \
  -pintsave_regs=BIGRAM,bigbss=BIGRAM,bigdata=BIGRAM -pbss=RAM \
  -pidata=CODE,irdata=CODE,ibigdata=CODE,ifardata=CODE -prparam=COMRAM \
  C:\Users\RAFAEL~1\AppData\Local\Temp\xcAsce0.o \
  dist/default/debug\MC50UNI.V.0.2.3.X.debug.o 

Object code version is 3.11

Machine type is 18F46K40



                Name                               Link     Load   Length Selector   Space Scale
C:\Users\RAFAEL~1\AppData\Local\Temp\xcAsce0.o
                idloc                            200000   200000       10        0       5
                config                           300000   300000        C        0       4
                init                                 9C       9C        4        4       0
                reset_vec                             0        0        6        0       0
dist/default/debug\MC50UNI.V.0.2.3.X.debug.o
                intcode                               8        8       94        4       0
                idloc                            200000   200000       10        0       5
                config                           300000   300000        C        0       4
                temp                                 50       50        1        1       1
                smallconst                          F00      F00       22      780       0
                text206                            8EC6     8EC6       22     471E       0
                text205                            9236     9236        6     471E       0
                text204                            9278     9278        2     4921       0
                text203                            9230     9230        6     471E       0
                text202                            73EE     73EE       9A      791       0
                text201                            8A62     8A62       32      791       0
                text200                            9276     9276        2     4921       0
                text199                            4236     4236      276      791       0
                text198                            8DF0     8DF0       26      791       0
                text197                            9274     9274        2     4921       0
                text196                            8F3C     8F3C       1C     471E       0
                text195                            6FC8     6FC8       C6      791       0
                text194                            7CEA     7CEA       78      791       0
                text193                            494A     494A      222      791       0
                text192                            890E     890E       40      791       0
                text191                            907E     907E       16     471E       0
                text190                            8474     8474       56      791       0
                text189                            9272     9272        2     4921       0
                text188                            8D2C     8D2C       2A      791       0
                text187                            57E8     57E8      19A      791       0
                text186                            9138     9138        C     471E       0
                text185                            786E     786E       86      791       0
                text184                            5F98     5F98      14E      791       0
                text182                            922A     922A        6     471E       0
                text181                            926A     926A        4     4921       0
                text180                            9266     9266        4     4921       0
                text179                            8EA4     8EA4       22     471E       0
                text178                            9262     9262        4     4921       0
                text177                            925E     925E        4     4921       0
                text176                            925A     925A        4     4921       0
                text175                            8FC0     8FC0       1A     471E       0
                text174                            7F9A     7F9A       6E      791       0
                text173                            903A     903A       18     471E       0
                text172                            8CD6     8CD6       2C      791       0
                text171                            8CAA     8CAA       2C      791       0
                text170                            8C7E     8C7E       2C      791       0
                text169                            8C52     8C52       2C      791       0
                text168                            8C26     8C26       2C      791       0
                text167                            88CE     88CE       40      791       0
                text166                            8BFA     8BFA       2C      791       0
                text165                            8BCE     8BCE       2C      791       0
                text164                            8BA2     8BA2       2C      791       0
                text163                            888E     888E       40      791       0
                text162                            9256     9256        4     4921       0
                text161                            9252     9252        4     4921       0
                text160                            924E     924E        4     4921       0
                text159                            9224     9224        6     471E       0
                text158                            924A     924A        4     4921       0
                text157                            921E     921E        6     471E       0
                text156                            9204     9204        8     471E       0
                text155                            912C     912C        C     471E       0
                text154                            9218     9218        6     471E       0
                text153                            81A4     81A4       5E      791       0
                text152                            91B2     91B2        A     471E       0
                text151                            911E     911E        E     471E       0
                text150                            9110     9110        E     471E       0
                text149                            775A     775A       8C      791       0
                text148                            7BF8     7BF8       7A      791       0
                text147                            91A8     91A8        A     471E       0
                text146                            91FC     91FC        8     471E       0
                text145                            91F4     91F4        8     471E       0
                text144                            91EC     91EC        8     471E       0
                text143                            91E4     91E4        8     471E       0
                text142                            91DC     91DC        8     471E       0
                text141                            91D4     91D4        8     471E       0
                text140                            91CC     91CC        8     471E       0
                text139                            919E     919E        A     471E       0
                text138                            865E     865E       4E      791       0
                text137                            84CA     84CA       54      791       0
                text136                            91C4     91C4        8     471E       0
                text135                            90F2     90F2       10     471E       0
                text134                            8B76     8B76       2C      791       0
                text133                            91BC     91BC        8     471E       0
                text132                            9022     9022       18     471E       0
                text131                            7978     7978       84      791       0
                text130                            900A     900A       18     471E       0
                text129                            87C8     87C8       44      791       0
                text128                            7DD8     7DD8       74      791       0
                text127                            89C4     89C4       38      791       0
                text126                            8316     8316       5A      791       0
                text125                            6F02     6F02       C6      791       0
                text124                            8DCA     8DCA       26      791       0
                text123                            564E     564E      19A      791       0
                text122                            851E     851E       52      791       0
                text121                            68B4     68B4       FE      791       0
                text120                            8D56     8D56       28      791       0
                text119                            76CE     76CE       8C      791       0
                text118                            6AAE     6AAE       FA      791       0
                text117                            873E     873E       46      791       0
                text116                            5E24     5E24      174      791       0
                text115                            646A     646A      124      791       0
                text114                            894E     894E       3C      791       0
                text113                            9102     9102        E     471E       0
                text112                            75B2     75B2       90      791       0
                text111                            3990     3990      324      791       0
                text110                            7C72     7C72       78      791       0
                text109                            4700     4700      24A      791       0
                text108                            90E2     90E2       10     471E       0
                text107                            85C0     85C0       50      791       0
                text106                            9194     9194        A     471E       0
                text105                            918A     918A        A     471E       0
                text104                            9180     9180        A     471E       0
                text103                            9176     9176        A     471E       0
                text102                            916C     916C        A     471E       0
                text101                            7AFE     7AFE       7E      791       0
                text100                            90BC     90BC       14     471E       0
                text99                             9246     9246        4     4921       0
                text98                             9068     9068       16     471E       0
                text97                             7488     7488       98      791       0
                text96                             8F20     8F20       1C     471E       0
                text95                             9162     9162        A     471E       0
                text94                             8E82     8E82       22     471E       0
                text93                             9158     9158        A     471E       0
                text92                             880C     880C       42      791       0
                text91                             914E     914E        A     471E       0
                text90                             8B4A     8B4A       2C      791       0
                text89                             9144     9144        A     471E       0
                text88                             8AC4     8AC4       2E      791       0
                text87                             8FA6     8FA6       1A     471E       0
                text86                             80DC     80DC       66      791       0
                text85                             9242     9242        4     4921       0
                text84                             8F04     8F04       1C     471E       0
                text83                             884E     884E       40      791       0
                text82                             8B1E     8B1E       2C      791       0
                text81                             249C     249C      508      791       0
                text80                             2E74     2E74      424      791       0
                text79                             6E38     6E38       CA      791       0
                text78                             8FF2     8FF2       18     471E       0
                text77                             82BA     82BA       5C      791       0
                text76                             5B18     5B18      18A      791       0
                text75                             5312     5312      1A0      791       0
                text74                             7D62     7D62       76      791       0
                text73                             6214     6214      12E      791       0
                text72                             67AC     67AC      108      791       0
                text71                             54B2     54B2      19C      791       0
                text70                             7642     7642       8C      791       0
                text69                             8A30     8A30       32      791       0
                text68                             9052     9052       16     471E       0
                text67                             60E6     60E6      12E      791       0
                text66                             77E6     77E6       88      791       0
                text65                             6D6C     6D6C       CC      791       0
                text64                             8E60     8E60       22     471E       0
                text63                             669E     669E      10E      791       0
                text62                             8370     8370       58      791       0
                text61                             89FC     89FC       34      791       0
                text60                             4F78     4F78      1D2      791       0
                text59                             5982     5982      196      791       0
                text58                             86F6     86F6       48      791       0
                text57                             8570     8570       50      791       0
                text56                             8008     8008       6C      791       0
                text55                             90A8     90A8       14     471E       0
                text54                             898A     898A       3A      791       0
                text53                             514A     514A      1C8      791       0
                text52                             8AF2     8AF2       2C      791       0
                text51                             7348     7348       A6      791       0
                text50                             9094     9094       14     471E       0
                text49                             825E     825E       5C      791       0
                text48                             90D0     90D0       12     471E       0
                text47                             8202     8202       5C      791       0
                text46                             7F2C     7F2C       6E      791       0
                text45                             8F8C     8F8C       1A     471E       0
                text44                             8DA4     8DA4       26      791       0
                text43                             7EBC     7EBC       70      791       0
                text42                             71F8     71F8       AA      791       0
                text41                             72A2     72A2       A6      791       0
                text40                             8EE8     8EE8       1C     471E       0
                text39                             841E     841E       56      791       0
                text38                             6BA8     6BA8       E8      791       0
                text37                             6342     6342      128      791       0
                text36                             3FAA     3FAA      28C      791       0
                text35                             8D7E     8D7E       26      791       0
                text34                             8E3C     8E3C       24     471E       0
                text33                             4D8A     4D8A      1EE      791       0
                text32                             8FDA     8FDA       18     471E       0
                text31                             86AC     86AC       4A      791       0
                text30                             658E     658E      110      791       0
                text29                             4B6C     4B6C      21E      791       0
                text28                             6C90     6C90       DC      791       0
                text27                             44AC     44AC      254      791       0
                text26                             8142     8142       62      791       0
                text25                             7B7C     7B7C       7C      791       0
                text24                             8784     8784       44      791       0
                text23                             83C8     83C8       56      791       0
                text22                             8074     8074       68      791       0
                text21                             1886     1886      70E      791       0
                text20                             3646     3646      34A      791       0
                text19                             79FC     79FC       82      791       0
                text18                             69B2     69B2       FC      791       0
                text17                             8A94     8A94       30      791       0
                text16                             9212     9212        6     471E       0
                text15                             8F72     8F72       1A     471E       0
                text14                             78F4     78F4       84      791       0
                text13                             8D02     8D02       2A      791       0
                text12                             7144     7144       B4      791       0
                text11                             7A7E     7A7E       80      791       0
                text10                             7520     7520       92      791       0
                text9                              8610     8610       4E      791       0
                text8                              920C     920C        6     471E       0
                text7                              7E4C     7E4C       70      791       0
                text6                              3298     3298      3AE      791       0
                text5                              8F58     8F58       1A     471E       0
                text4                              3CB4     3CB4      2F6      791       0
                text3                              29A4     29A4      4D0      791       0
                text2                               F22      F22      964      791       0
                text1                              1F94     1F94      508      791       0
                text0                              5CA2     5CA2      182      791       0
                cstackCOMRAM                          1        1       3A        1       1
                cstackBANK0                          D8       D8       20       60       1
                dataBANK3                           3D2      3D2       25      300       1
                bssBANK3                            300      300       D2      300       1
                dataBANK2                           2ED      2ED        2      200       1
                bssBANK2                            200      200       DB      200       1
                dataBANK1                           1FA      1FA        5      100       1
                bssBANK1                            100      100       FA      100       1
                dataBANK0                            F8       F8        2       60       1
                bssBANK0                             60       60       78       60       1
                bssCOMRAM                            3B       3B       15        1       1
                cinit                              708E     708E       B6      791       0
                nvBANK2                             2DB      2DB       12      200       1
                nvBANK1                             1FF      1FF        1      100       1
                idataBANK3                         8E16     8E16       25      791       0
                idataBANK2                         9270     9270        2     4921       0
                idataBANK1                         923C     923C        5     471E       0
                idataBANK0                         926E     926E        2     4921       0

TOTAL           Name                               Link     Load   Length     Space
        CLASS   CODE           
                intcode                               8        8       94         0
                init                                 9C       9C        4         0
                reset_vec                             0        0        6         0
                text206                            8EC6     8EC6       22         0
                text205                            9236     9236        6         0
                text204                            9278     9278        2         0
                text203                            9230     9230        6         0
                text202                            73EE     73EE       9A         0
                text201                            8A62     8A62       32         0
                text200                            9276     9276        2         0
                text199                            4236     4236      276         0
                text198                            8DF0     8DF0       26         0
                text197                            9274     9274        2         0
                text196                            8F3C     8F3C       1C         0
                text195                            6FC8     6FC8       C6         0
                text194                            7CEA     7CEA       78         0
                text193                            494A     494A      222         0
                text192                            890E     890E       40         0
                text191                            907E     907E       16         0
                text190                            8474     8474       56         0
                text189                            9272     9272        2         0
                text188                            8D2C     8D2C       2A         0
                text187                            57E8     57E8      19A         0
                text186                            9138     9138        C         0
                text185                            786E     786E       86         0
                text184                            5F98     5F98      14E         0
                text182                            922A     922A        6         0
                text181                            926A     926A        4         0
                text180                            9266     9266        4         0
                text179                            8EA4     8EA4       22         0
                text178                            9262     9262        4         0
                text177                            925E     925E        4         0
                text176                            925A     925A        4         0
                text175                            8FC0     8FC0       1A         0
                text174                            7F9A     7F9A       6E         0
                text173                            903A     903A       18         0
                text172                            8CD6     8CD6       2C         0
                text171                            8CAA     8CAA       2C         0
                text170                            8C7E     8C7E       2C         0
                text169                            8C52     8C52       2C         0
                text168                            8C26     8C26       2C         0
                text167                            88CE     88CE       40         0
                text166                            8BFA     8BFA       2C         0
                text165                            8BCE     8BCE       2C         0
                text164                            8BA2     8BA2       2C         0
                text163                            888E     888E       40         0
                text162                            9256     9256        4         0
                text161                            9252     9252        4         0
                text160                            924E     924E        4         0
                text159                            9224     9224        6         0
                text158                            924A     924A        4         0
                text157                            921E     921E        6         0
                text156                            9204     9204        8         0
                text155                            912C     912C        C         0
                text154                            9218     9218        6         0
                text153                            81A4     81A4       5E         0
                text152                            91B2     91B2        A         0
                text151                            911E     911E        E         0
                text150                            9110     9110        E         0
                text149                            775A     775A       8C         0
                text148                            7BF8     7BF8       7A         0
                text147                            91A8     91A8        A         0
                text146                            91FC     91FC        8         0
                text145                            91F4     91F4        8         0
                text144                            91EC     91EC        8         0
                text143                            91E4     91E4        8         0
                text142                            91DC     91DC        8         0
                text141                            91D4     91D4        8         0
                text140                            91CC     91CC        8         0
                text139                            919E     919E        A         0
                text138                            865E     865E       4E         0
                text137                            84CA     84CA       54         0
                text136                            91C4     91C4        8         0
                text135                            90F2     90F2       10         0
                text134                            8B76     8B76       2C         0
                text133                            91BC     91BC        8         0
                text132                            9022     9022       18         0
                text131                            7978     7978       84         0
                text130                            900A     900A       18         0
                text129                            87C8     87C8       44         0
                text128                            7DD8     7DD8       74         0
                text127                            89C4     89C4       38         0
                text126                            8316     8316       5A         0
                text125                            6F02     6F02       C6         0
                text124                            8DCA     8DCA       26         0
                text123                            564E     564E      19A         0
                text122                            851E     851E       52         0
                text121                            68B4     68B4       FE         0
                text120                            8D56     8D56       28         0
                text119                            76CE     76CE       8C         0
                text118                            6AAE     6AAE       FA         0
                text117                            873E     873E       46         0
                text116                            5E24     5E24      174         0
                text115                            646A     646A      124         0
                text114                            894E     894E       3C         0
                text113                            9102     9102        E         0
                text112                            75B2     75B2       90         0
                text111                            3990     3990      324         0
                text110                            7C72     7C72       78         0
                text109                            4700     4700      24A         0
                text108                            90E2     90E2       10         0
                text107                            85C0     85C0       50         0
                text106                            9194     9194        A         0
                text105                            918A     918A        A         0
                text104                            9180     9180        A         0
                text103                            9176     9176        A         0
                text102                            916C     916C        A         0
                text101                            7AFE     7AFE       7E         0
                text100                            90BC     90BC       14         0
                text99                             9246     9246        4         0
                text98                             9068     9068       16         0
                text97                             7488     7488       98         0
                text96                             8F20     8F20       1C         0
                text95                             9162     9162        A         0
                text94                             8E82     8E82       22         0
                text93                             9158     9158        A         0
                text92                             880C     880C       42         0
                text91                             914E     914E        A         0
                text90                             8B4A     8B4A       2C         0
                text89                             9144     9144        A         0
                text88                             8AC4     8AC4       2E         0
                text87                             8FA6     8FA6       1A         0
                text86                             80DC     80DC       66         0
                text85                             9242     9242        4         0
                text84                             8F04     8F04       1C         0
                text83                             884E     884E       40         0
                text82                             8B1E     8B1E       2C         0
                text81                             249C     249C      508         0
                text80                             2E74     2E74      424         0
                text79                             6E38     6E38       CA         0
                text78                             8FF2     8FF2       18         0
                text77                             82BA     82BA       5C         0
                text76                             5B18     5B18      18A         0
                text75                             5312     5312      1A0         0
                text74                             7D62     7D62       76         0
                text73                             6214     6214      12E         0
                text72                             67AC     67AC      108         0
                text71                             54B2     54B2      19C         0
                text70                             7642     7642       8C         0
                text69                             8A30     8A30       32         0
                text68                             9052     9052       16         0
                text67                             60E6     60E6      12E         0
                text66                             77E6     77E6       88         0
                text65                             6D6C     6D6C       CC         0
                text64                             8E60     8E60       22         0
                text63                             669E     669E      10E         0
                text62                             8370     8370       58         0
                text61                             89FC     89FC       34         0
                text60                             4F78     4F78      1D2         0
                text59                             5982     5982      196         0
                text58                             86F6     86F6       48         0
                text57                             8570     8570       50         0
                text56                             8008     8008       6C         0
                text55                             90A8     90A8       14         0
                text54                             898A     898A       3A         0
                text53                             514A     514A      1C8         0
                text52                             8AF2     8AF2       2C         0
                text51                             7348     7348       A6         0
                text50                             9094     9094       14         0
                text49                             825E     825E       5C         0
                text48                             90D0     90D0       12         0
                text47                             8202     8202       5C         0
                text46                             7F2C     7F2C       6E         0
                text45                             8F8C     8F8C       1A         0
                text44                             8DA4     8DA4       26         0
                text43                             7EBC     7EBC       70         0
                text42                             71F8     71F8       AA         0
                text41                             72A2     72A2       A6         0
                text40                             8EE8     8EE8       1C         0
                text39                             841E     841E       56         0
                text38                             6BA8     6BA8       E8         0
                text37                             6342     6342      128         0
                text36                             3FAA     3FAA      28C         0
                text35                             8D7E     8D7E       26         0
                text34                             8E3C     8E3C       24         0
                text33                             4D8A     4D8A      1EE         0
                text32                             8FDA     8FDA       18         0
                text31                             86AC     86AC       4A         0
                text30                             658E     658E      110         0
                text29                             4B6C     4B6C      21E         0
                text28                             6C90     6C90       DC         0
                text27                             44AC     44AC      254         0
                text26                             8142     8142       62         0
                text25                             7B7C     7B7C       7C         0
                text24                             8784     8784       44         0
                text23                             83C8     83C8       56         0
                text22                             8074     8074       68         0
                text21                             1886     1886      70E         0
                text20                             3646     3646      34A         0
                text19                             79FC     79FC       82         0
                text18                             69B2     69B2       FC         0
                text17                             8A94     8A94       30         0
                text16                             9212     9212        6         0
                text15                             8F72     8F72       1A         0
                text14                             78F4     78F4       84         0
                text13                             8D02     8D02       2A         0
                text12                             7144     7144       B4         0
                text11                             7A7E     7A7E       80         0
                text10                             7520     7520       92         0
                text9                              8610     8610       4E         0
                text8                              920C     920C        6         0
                text7                              7E4C     7E4C       70         0
                text6                              3298     3298      3AE         0
                text5                              8F58     8F58       1A         0
                text4                              3CB4     3CB4      2F6         0
                text3                              29A4     29A4      4D0         0
                text2                               F22      F22      964         0
                text1                              1F94     1F94      508         0
                text0                              5CA2     5CA2      182         0
                cinit                              708E     708E       B6         0
                idataBANK3                         8E16     8E16       25         0
                idataBANK2                         9270     9270        2         0
                idataBANK1                         923C     923C        5         0
                idataBANK0                         926E     926E        2         0

        CLASS   CONST          

        CLASS   SMALLCONST     
                smallconst                          F00      F00       22         0

        CLASS   MEDIUMCONST    

        CLASS   COMRAM         
                temp                                 50       50        1         1
                cstackCOMRAM                          1        1       3A         1
                bssCOMRAM                            3B       3B       15         1

        CLASS   ABS1           

        CLASS   BIGRAM         

        CLASS   RAM            

        CLASS   BANK0          
                cstackBANK0                          D8       D8       20         1
                dataBANK0                            F8       F8        2         1
                bssBANK0                             60       60       78         1

        CLASS   BANK1          
                dataBANK1                           1FA      1FA        5         1
                bssBANK1                            100      100       FA         1
                nvBANK1                             1FF      1FF        1         1

        CLASS   BANK2          
                dataBANK2                           2ED      2ED        2         1
                bssBANK2                            200      200       DB         1
                nvBANK2                             2DB      2DB       12         1

        CLASS   BANK3          
                dataBANK3                           3D2      3D2       25         1
                bssBANK3                            300      300       D2         1

        CLASS   BANK4          

        CLASS   BANK5          

        CLASS   BANK6          

        CLASS   BANK7          

        CLASS   BANK8          

        CLASS   BANK9          

        CLASS   BANK10         

        CLASS   BANK11         

        CLASS   BANK12         

        CLASS   BANK13         

        CLASS   BANK14         

        CLASS   SFR            

        CLASS   BIGSFR         

        CLASS   CONFIG         
                config                           300000   300000        C         4

        CLASS   IDLOC          
                idloc                            200000   200000       10         5

        CLASS   EEDATA         

        CLASS   FARRAM         

        CLASS   HEAP           

        CLASS   STACK          



SEGMENTS        Name                           Load    Length   Top    Selector   Space  Class

                reset_vec                      000000  000006  000006         0       0  CODE    
                cstackCOMRAM                   000001  000050  000051         1       1  COMRAM  
                intcode                        000008  000098  0000A0         4       0  CODE    
                bssBANK0                       000060  00009A  0000FA        60       1  BANK0   
                bssBANK1                       000100  000100  000200       100       1  BANK1   
                bssBANK2                       000200  0000EF  0002EF       200       1  BANK2   
                bssBANK3                       000300  0000F7  0003F7       300       1  BANK3   
                smallconst                     000F00  000022  000F22       780       0  SMALLCON
                text2                          000F22  007F19  008E3B       791       0  CODE    
                text34                         008E3C  000405  009241      471E       0  CODE    
                text85                         009242  000038  00927A      4921       0  CODE    


UNUSED ADDRESS RANGES

        Name                Unused          Largest block    Delta
        BANK0            0000FA-0000FF                6
        BANK10           000A00-000AFF              100
        BANK11           000B00-000BFF              100
        BANK12           000C00-000CFF              100
        BANK13           000D00-000DFF              100
        BANK14           000E00-000E87               88
        BANK2            0002EF-0002FF               11
        BANK3            0003F7-0003FF                9
        BANK4            000400-0004FF              100
        BANK5            000500-0005FF              100
        BANK6            000600-0006FF              100
        BANK7            000700-0007FF              100
        BANK8            000800-0008FF              100
        BANK9            000900-0009FF              100
        BIGRAM           000051-00005F                F
                         0000FA-0000FF                6
                         0002EF-0002FF               11
                         0003F7-000E87              A91
        BIGSFR           000E8D-000FFF              173
        CODE             000006-000007                2
                         0000A0-000EFF              E60
                         008E3B-008E3B                1
                         009241-009241                1
                         00927A-00FFFF             6D86
        COMRAM           000051-00005F                F
        CONST            000006-000007                2
                         0000A0-000EFF              E60
                         008E3B-008E3B                1
                         009241-009241                1
                         00927A-00FFFF             6D86
        EEDATA           310000-3103FF              400
        MEDIUMCONST      008E3B-008E3B                1
                         009241-009241                1
                         00927A-00FFFF             6D86
        RAM              0000FA-0000FF                6
                         0002EF-0002FF               11
                         0003F7-000E87              100
        SFR              000E8D-000FFF               73
        SMALLCONST       008E3B-008E3B                1
                         009241-009241                1
                         00927A-00FFFF              100

                                  Symbol Table

?___awdiv                                                 cstackCOMRAM 000014
?___lldiv                                                 cstackCOMRAM 000010
?___lmul                                                  cstackCOMRAM 00001D
?___lwdiv                                                 cstackCOMRAM 000010
?___wmul                                                  cstackCOMRAM 000010
?_calculateMean                                           cstackCOMRAM 000010
?_getCurrentComparator                                    cstackCOMRAM 000016
?_getHopCode                                              cstackCOMRAM 000016
?_getTimeDecelaration                                     cstackCOMRAM 000029
?_read_package                                            cstackCOMRAM 000011
?_sm_get_current_state                                    cstackCOMRAM 000010
?_sumEnergyADC                                            cstackCOMRAM 000010
?_sumHIST                                                 cstackCOMRAM 000010
ADCC_GetSingleConversion@channel                          cstackCOMRAM 000001
ControlMotor@stateMotor                                   cstackCOMRAM 000018
DecCHK@data                                               cstackCOMRAM 000010
Decrypt@Buffer                                            cstackCOMRAM 000022
Decrypt@aux                                               cstackCOMRAM 000021
Decrypt@i                                                 cstackCOMRAM 00001E
Decrypt@j                                                 cstackCOMRAM 00001F
Decrypt@key                                               cstackCOMRAM 00001D
Decrypt@p                                                 cstackCOMRAM 000020
Decrypt@packet                                            cstackCOMRAM 00001B
DecryptPacket_12BIT@classic_data                          cstackBANK0  0000E2
DecryptPacket_12BIT@commandType                           cstackBANK0  0000E4
DecryptPacket_12BIT@data                                  cstackBANK0  0000E0
EUSART1_Read@readValue                                    cstackCOMRAM 000010
EUSART1_SetErrorHandler@interruptHandler                  cstackCOMRAM 000010
EUSART1_SetFramingErrorHandler@interruptHandler           cstackCOMRAM 000010
EUSART1_SetOverrunErrorHandler@interruptHandler           cstackCOMRAM 000010
EUSART1_SetRxInterruptHandler@interruptHandler            cstackCOMRAM 000010
EUSART1_SetTxInterruptHandler@interruptHandler            cstackCOMRAM 000010
EUSART1_Write@txData                                      cstackCOMRAM 000010
GetMotorPower@defineatraso                                cstackCOMRAM 000013
HopCHK@data                                               cstackCOMRAM 000024
HopCHK@hopDiff                                            cstackCOMRAM 000026
I2C1_CallbackReturnReset@funPtr                           cstackCOMRAM 000019
I2C1_Close@returnValue                                    cstackCOMRAM 000010
I2C1_MasterOperation@read                                 cstackCOMRAM 000020
I2C1_MasterOperation@returnValue                          cstackCOMRAM 000021
I2C1_MasterSendTxData@data                                cstackCOMRAM 000010
I2C1_Open@address                                         cstackCOMRAM 000010
I2C1_Open@returnValue                                     cstackCOMRAM 000011
I2C1_Read1ByteRegister@address                            cstackCOMRAM 000023
I2C1_Read1ByteRegister@reg                                cstackCOMRAM 000022
I2C1_Read1ByteRegister@returnValue                        cstackCOMRAM 000024
I2C1_SetAddressNackCallback@cb                            cstackCOMRAM 000015
I2C1_SetAddressNackCallback@ptr                           cstackCOMRAM 000017
I2C1_SetBuffer@buffer                                     cstackCOMRAM 000010
I2C1_SetBuffer@bufferSize                                 cstackCOMRAM 000012
I2C1_SetCallback@cb                                       cstackCOMRAM 000010
I2C1_SetCallback@idx                                      cstackCOMRAM 000014
I2C1_SetCallback@ptr                                      cstackCOMRAM 000012
I2C1_SetDataCompleteCallback@cb                           cstackCOMRAM 000015
I2C1_SetDataCompleteCallback@ptr                          cstackCOMRAM 000017
NormalKeyGen@Buffer                                       cstackCOMRAM 000030
NormalKeyGen@HOPtemp                                      cstackCOMRAM 000028
NormalKeyGen@SEED                                         bssBANK2     0002D7
NormalKeyGen@SKEYtemp                                     cstackCOMRAM 00002C
NormalKeyGen@serial                                       cstackCOMRAM 000026
OpenWalkOrder@diffTime                                    cstackCOMRAM 00001A
RGB_Set@value                                             cstackCOMRAM 000010
RemoveSerial@cmdType                                      cstackBANK0  0000DA
RemoveSerial@position                                     cstackCOMRAM 00003A
RemoveSerial@tempSerial                                   cstackBANK0  0000DB
ReqResync@CurrentHop                                      cstackCOMRAM 000010
ResetDefaultMemory@type                                   cstackCOMRAM 00003A
SaveNVM_VarSystem@page                                    cstackBANK0  0000D8
SaveNVM_VarSystem@point                                   cstackBANK0  0000DB
SaveNVM_VarSystem@tempAdd                                 cstackBANK0  0000D9
Segments_Set@value                                        cstackCOMRAM 000001
SetSegmentValue@d1                                        cstackCOMRAM 00001D
SetSegmentValue@d2                                        cstackCOMRAM 00001C
SetSegmentValueIntermitent@d1                             cstackCOMRAM 000013
SetSegmentValueIntermitent@d2                             cstackCOMRAM 000010
SetSegmentValueIntermitent@time                           cstackCOMRAM 000011
SetSegmentValueIntermitentMain@d1                         cstackCOMRAM 00001F
SetSegmentValueIntermitentMain@d2                         cstackCOMRAM 00001C
SetSegmentValueIntermitentMain@time                       cstackCOMRAM 00001D
SetSegmentValueLearn@direction                            cstackCOMRAM 000012
SetSegmentValueMain@d1                                    cstackCOMRAM 00001D
SetSegmentValueMain@d2                                    cstackCOMRAM 00001C
TMR0_SetInterruptHandler@InterruptHandler                 cstackCOMRAM 000010
TMR1_SetInterruptHandler@InterruptHandler                 cstackCOMRAM 000010
TMR1_WriteTimer@timerVal                                  cstackCOMRAM 000001
TMR2_SetInterruptHandler@InterruptHandler                 cstackCOMRAM 000010
VerifyElectricalBrake@actualState                         cstackCOMRAM 000011
VerifyElectricalBrake@tempState                           cstackCOMRAM 000010
VerifyFollowMe@securityClose                              cstackCOMRAM 000010
WWDT_TimerClear@state                                     cstackCOMRAM 000010
_ADACCH                                                   (abs)        000F71
_ADACCL                                                   (abs)        000F70
_ADACQ                                                    (abs)        000F5C
_ADACT                                                    (abs)        000F56
_ADCAP                                                    (abs)        000F5D
_ADCC_GetSingleConversion                                 text191      00907E
_ADCC_Initialize                                          text107      0085C0
_ADCLK                                                    (abs)        000F57
_ADCNT                                                    (abs)        000F67
_ADCON0                                                   (abs)        000F60
_ADCON0bits                                               (abs)        000F60
_ADCON1                                                   (abs)        000F59
_ADCON2                                                   (abs)        000F5A
_ADCON3                                                   (abs)        000F5B
_ADC_array                                                bssBANK2     000200
_ADC_zero_array                                           bssBANK3     000396
_ADERRH                                                   (abs)        000F6F
_ADERRL                                                   (abs)        000F6E
_ADFLTRH                                                  (abs)        000F73
_ADFLTRL                                                  (abs)        000F72
_ADLTHH                                                   (abs)        000F6B
_ADLTHL                                                   (abs)        000F6A
_ADPCH                                                    (abs)        000F5F
_ADPRE                                                    (abs)        000F5E
_ADPREVH                                                  (abs)        000F62
_ADPREVL                                                  (abs)        000F61
_ADREF                                                    (abs)        000F58
_ADRESH                                                   (abs)        000F64
_ADRESL                                                   (abs)        000F63
_ADRPT                                                    (abs)        000F66
_ADSTAT                                                   (abs)        000F65
_ADSTPTH                                                  (abs)        000F69
_ADSTPTL                                                  (abs)        000F68
_ADUTHH                                                   (abs)        000F6D
_ADUTHL                                                   (abs)        000F6C
_ANSELA                                                   (abs)        000F11
_ANSELB                                                   (abs)        000F19
_ANSELC                                                   (abs)        000F21
_ANSELD                                                   (abs)        000F26
_ANSELE                                                   (abs)        000F2E
_Abertura_pedonal                                         bssBANK1     00018F
_BAUD1CON                                                 (abs)        000F9F
_BitCount                                                 bssBANK0     00008C
_Bptr                                                     bssBANK0     00008D
_BufferRF                                                 bssBANK2     0002C6
_BufferRF_12BIT                                           bssBANK1     000189
_ClearFlag_rfCMD                                          text16       009212
_CloseOrder                                               text35       008D7E
_ControlCounterMoves                                      text126      008316
_ControlCurrent                                           text116      005E24
_ControlDecelarationFactor                                text32       008FDA
_ControlInputs                                            text115      00646A
_ControlLights                                            text111      003990
_ControlMotor                                             text109      004700
_Counterchoose                                            bssBANK0     000092
_DKEY                                                     bssBANK2     0002CF
_DecCHK                                                   text69       008A30
_Decrypt                                                  text65       006D6C
_DecryptPacket_12BIT                                      text70       007642
_DispTable                                                dataBANK3    0003D2
_EHop                                                     bssBANK2     00028C
_EUSART1_DefaultErrorHandler                              text205      009236
_EUSART1_DefaultFramingErrorHandler                       text204      009278
_EUSART1_DefaultOverrunErrorHandler                       text203      009230
_EUSART1_ErrorHandler                                     nvBANK2      0002E3
_EUSART1_FramingErrorHandler                              nvBANK2      0002E7
_EUSART1_Initialize                                       text101      007AFE
_EUSART1_OverrunErrorHandler                              nvBANK2      0002E5
_EUSART1_Read                                             text58       0086F6
_EUSART1_Receive_ISR                                      text202      0073EE
_EUSART1_RxDataHandler                                    text206      008EC6
_EUSART1_RxDefaultInterruptHandler                        nvBANK2      0002E9
_EUSART1_SetErrorHandler                                  text106      009194
_EUSART1_SetFramingErrorHandler                           text105      00918A
_EUSART1_SetOverrunErrorHandler                           text104      009180
_EUSART1_SetRxInterruptHandler                            text103      009176
_EUSART1_SetTxInterruptHandler                            text102      00916C
_EUSART1_Transmit_ISR                                     text201      008A62
_EUSART1_TxDefaultInterruptHandler                        nvBANK2      0002EB
_EUSART1_Write                                            text83       00884E
_EUSART1_is_rx_ready                                      text108      0090E2
_F2Chance                                                 bssBANK1     000197
_GIE                                                      (abs)        007F97
_GetMotorPower                                            text125      006F02
_GetOpenOrder                                             text53       00514A
_GetSecurityStateInClosing                                text41       0072A2
_GetSecurityStateInOpening                                text51       007348
_Hop                                                      bssBANK0     00007C
_HopCHK                                                   text66       0077E6
_I2C1_CallbackReturnReset                                 text161      009252
_I2C1_CallbackReturnStop                                  text162      009256
_I2C1_Close                                               text179      008EA4
_I2C1_DO_ADDRESS_NACK                                     text138      00865E
_I2C1_DO_IDLE                                             text152      0091B2
_I2C1_DO_RCEN                                             text147      0091A8
_I2C1_DO_RESET                                            text139      00919E
_I2C1_DO_RX                                               text148      007BF8
_I2C1_DO_RX_ACK                                           text142      0091DC
_I2C1_DO_RX_NACK_RESTART                                  text140      0091CC
_I2C1_DO_RX_NACK_STOP                                     text141      0091D4
_I2C1_DO_SEND_ADR_READ                                    text151      00911E
_I2C1_DO_SEND_ADR_WRITE                                   text150      009110
_I2C1_DO_SEND_RESTART                                     text144      0091EC
_I2C1_DO_SEND_RESTART_READ                                text146      0091FC
_I2C1_DO_SEND_RESTART_WRITE                               text145      0091F4
_I2C1_DO_SEND_STOP                                        text143      0091E4
_I2C1_DO_TX                                               text149      00775A
_I2C1_DO_TX_EMPTY                                         text153      0081A4
_I2C1_Initialize                                          text100      0090BC
_I2C1_MasterClearIrq                                      text182      00922A
_I2C1_MasterClose                                         text181      00926A
_I2C1_MasterDisableIrq                                    text180      009266
_I2C1_MasterEnableRestart                                 text177      00925E
_I2C1_MasterFsm                                           text137      0084CA
_I2C1_MasterGetRxData                                     text158      00924A
_I2C1_MasterIsNack                                        text155      00912C
_I2C1_MasterOpen                                          text132      009022
_I2C1_MasterOperation                                     text134      008B76
_I2C1_MasterSendAck                                       text157      00921E
_I2C1_MasterSendNack                                      text159      009224
_I2C1_MasterSendTxData                                    text156      009204
_I2C1_MasterSetIrq                                        text154      009218
_I2C1_MasterStart                                         text178      009262
_I2C1_MasterStartRx                                       text160      00924E
_I2C1_MasterStop                                          text176      00925A
_I2C1_MasterWaitForEvent                                  text136      0091C4
_I2C1_MasterWrite                                         text133      0091BC
_I2C1_Open                                                text131      007978
_I2C1_Poller                                              text135      0090F2
_I2C1_Read1ByteRegister                                   text77       0082BA
_I2C1_SetAddressNackCallback                              text130      00900A
_I2C1_SetBuffer                                           text175      008FC0
_I2C1_SetCallback                                         text174      007F9A
_I2C1_SetDataCompleteCallback                             text173      00903A
_I2C1_Status                                              bssBANK2     00023C
_INLVLA                                                   (abs)        000F0D
_INLVLB                                                   (abs)        000F15
_INLVLC                                                   (abs)        000F1D
_INLVLD                                                   (abs)        000F22
_INLVLE                                                   (abs)        000F2A
_INTCONbits                                               (abs)        000FF2
_INTERRUPT_Initialize                                     text99       009246
_INTERRUPT_InterruptManager                               intcode      000008
_IOCBN3                                                   (abs)        00789B
_IOCBP3                                                   (abs)        0078A3
_InitFullAutoTime                                         text45       008F8C
_InitReceiver                                             text5        008F58
_InitSoftStart                                            text49       00825E
_InitSoftStop                                             text31       0086AC
_InitWalkAutoTime                                         text50       009094
_LATA                                                     (abs)        000F83
_LATAbits                                                 (abs)        000F83
_LATB                                                     (abs)        000F84
_LATC                                                     (abs)        000F85
_LATCbits                                                 (abs)        000F85
_LATD                                                     (abs)        000F86
_LATDbits                                                 (abs)        000F86
_LATE                                                     (abs)        000F87
_LATEbits                                                 (abs)        000F87
_LoadManufCode                                            text64       008E60
_NextHop                                                  bssBANK1     000185
_NormalKeyGen                                             text63       00669E
_ODCONA                                                   (abs)        000F0F
_ODCONB                                                   (abs)        000F17
_ODCONC                                                   (abs)        000F1F
_ODCOND                                                   (abs)        000F24
_ODCONE                                                   (abs)        000F2C
_OSCCON1                                                  (abs)        000ED8
_OSCCON3                                                  (abs)        000EDA
_OSCEN                                                    (abs)        000EDC
_OSCFRQ                                                   (abs)        000EDE
_OSCILLATOR_Initialize                                    text98       009068
_OSCTUNE                                                  (abs)        000EDD
_OpenFullOrder                                            text44       008DA4
_OpenWalkOrder                                            text46       007F2C
_PCON0bits                                                (abs)        000FD7
_PIE0bits                                                 (abs)        000EC2
_PIE3bits                                                 (abs)        000EC5
_PIE4bits                                                 (abs)        000EC6
_PIN_MANAGER_Initialize                                   text97       007488
_PIR0bits                                                 (abs)        000ECA
_PIR3bits                                                 (abs)        000ECD
_PIR4bits                                                 (abs)        000ECE
_PMD0                                                     (abs)        000EE1
_PMD1                                                     (abs)        000EE2
_PMD2                                                     (abs)        000EE3
_PMD3                                                     (abs)        000EE4
_PMD4                                                     (abs)        000EE5
_PMD5                                                     (abs)        000EE6
_PMD_Initialize                                           text96       008F20
_PORTAbits                                                (abs)        000F8D
_PORTB                                                    (abs)        000F8E
_PORTBbits                                                (abs)        000F8E
_PORTEbits                                                (abs)        000F91
_RC1REG                                                   (abs)        000F99
_RC1STA                                                   (abs)        000F9D
_RC1STAbits                                               (abs)        000F9D
_RC3PPS                                                   (abs)        000EFA
_RC4PPS                                                   (abs)        000EFB
_RC7PPS                                                   (abs)        000EFE
_RFBit                                                    bssBANK0     000089
_RFFull                                                   bssBANK0     00008B
_RFFull_12BIT                                             bssBANK0     00008A
_RFcount                                                  bssBANK0     00007E
_RFstate                                                  bssBANK1     00019A
_RGB_Set                                                  text113      009102
_RX1PPS                                                   (abs)        000EB5
_ReadADC                                                  text190      008474
_RemoveSerial                                             text11       007A7E
_ReqResync                                                text68       009052
_ResetDefaultMemory                                       text76       005B18
_SLRCONA                                                  (abs)        000F0E
_SLRCONB                                                  (abs)        000F16
_SLRCONC                                                  (abs)        000F1E
_SLRCOND                                                  (abs)        000F23
_SLRCONE                                                  (abs)        000F2B
_SP1BRGH                                                  (abs)        000F9C
_SP1BRGL                                                  (abs)        000F9B
_SSP1ADD                                                  (abs)        000F93
_SSP1BUF                                                  (abs)        000F92
_SSP1CLKPPS                                               (abs)        000EB7
_SSP1CON1                                                 (abs)        000F96
_SSP1CON1bits                                             (abs)        000F96
_SSP1CON2                                                 (abs)        000F97
_SSP1CON2bits                                             (abs)        000F97
_SSP1DATPPS                                               (abs)        000EB8
_SSP1STAT                                                 (abs)        000F95
_SYSTEM_Initialize                                        text88       008AC4
_SaveNVM_VarSystem                                        text127      0089C4
_Segments_Set                                             text186      009138
_SetSegmentValue                                          text87       008FA6
_SetSegmentValueIntermitent                               text52       008AF2
_SetSegmentValueIntermitentMain                           text55       0090A8
_SetSegmentValueLearn                                     text18       0069B2
_SetSegmentValueMain                                      text15       008F72
_ShowVersion                                              text86       0080DC
_StateTRIAC                                               bssBANK1     000192
_StopOrder                                                text40       008EE8
_SumEnergyADCHist_array                                   bssBANK2     000260
_T0CON0                                                   (abs)        000FD5
_T0CON1                                                   (abs)        000FD6
_T1CLK                                                    (abs)        000FD2
_T1CON                                                    (abs)        000FCF
_T1CONbits                                                (abs)        000FCF
_T1GATE                                                   (abs)        000FD1
_T1GCON                                                   (abs)        000FD0
_T2CLKCON                                                 (abs)        000FBF
_T2CON                                                    (abs)        000FBD
_T2HLT                                                    (abs)        000FBE
_T2PR                                                     (abs)        000FBC
_T2RST                                                    (abs)        000FC0
_T2TMR                                                    (abs)        000FBB
_TMR0H                                                    (abs)        000FD4
_TMR0IE                                                   (abs)        007615
_TMR0IF                                                   (abs)        007655
_TMR0L                                                    (abs)        000FD3
_TMR0_DefaultInterruptHandler                             text200      009276
_TMR0_ISR                                                 text198      008DF0
_TMR0_Initialize                                          text94       008E82
_TMR0_InterruptHandler                                    nvBANK2      0002E1
_TMR0_SetInterruptHandler                                 text95       009162
_TMR1H                                                    (abs)        000FCE
_TMR1L                                                    (abs)        000FCD
_TMR1_DefaultInterruptHandler                             text197      009274
_TMR1_ISR                                                 text192      00890E
_TMR1_Initialize                                          text92       00880C
_TMR1_InterruptHandler                                    nvBANK2      0002DD
_TMR1_SetInterruptHandler                                 text93       009158
_TMR1_WriteTimer                                          text196      008F3C
_TMR2_DefaultInterruptHandler                             text189      009272
_TMR2_ISR                                                 text184      005F98
_TMR2_Initialize                                          text90       008B4A
_TMR2_InterruptHandler                                    nvBANK2      0002DB
_TMR2_SetInterruptHandler                                 text91       00914E
_TRISA                                                    (abs)        000F88
_TRISB                                                    (abs)        000F89
_TRISC                                                    (abs)        000F8A
_TRISD                                                    (abs)        000F8B
_TRISE                                                    (abs)        000F8C
_TX1REG                                                   (abs)        000F9A
_TX1STA                                                   (abs)        000F9E
_VerifyElectricalBrake                                    text110      007C72
_VerifyFollowMe                                           text34       008E3C
_WDTCON0                                                  (abs)        000ED2
_WDTCON0bits                                              (abs)        000ED2
_WDTCON1                                                  (abs)        000ED3
_WPUA                                                     (abs)        000F10
_WPUB                                                     (abs)        000F18
_WPUC                                                     (abs)        000F20
_WPUD                                                     (abs)        000F25
_WPUE                                                     (abs)        000F2D
_WWDT_Initialize                                          text89       009144
_WWDT_SoftEnable                                          text85       009242
_WWDT_TimerClear                                          text84       008F04
_WaitPreFlash                                             text43       007EBC
__HRAM                                                    (abs)        000000
__Habs1                                                   abs1         000000
__Hbank0                                                  bank0        000000
__Hbank1                                                  bank1        000000
__Hbank10                                                 bank10       000000
__Hbank11                                                 bank11       000000
__Hbank12                                                 bank12       000000
__Hbank13                                                 bank13       000000
__Hbank14                                                 bank14       000000
__Hbank2                                                  bank2        000000
__Hbank3                                                  bank3        000000
__Hbank4                                                  bank4        000000
__Hbank5                                                  bank5        000000
__Hbank6                                                  bank6        000000
__Hbank7                                                  bank7        000000
__Hbank8                                                  bank8        000000
__Hbank9                                                  bank9        000000
__Hbigbss                                                 bigbss       000000
__Hbigdata                                                bigdata      000000
__Hbigram                                                 bigram       000000
__Hbigsfr                                                 bigsfr       000000
__Hbss                                                    bss          000000
__HbssBANK0                                               bssBANK0     000000
__HbssBANK1                                               bssBANK1     000000
__HbssBANK2                                               bssBANK2     000000
__HbssBANK3                                               bssBANK3     000000
__HbssCOMRAM                                              bssCOMRAM    000000
__Hcinit                                                  cinit        000000
__Hclrtext                                                clrtext      000000
__Hcomram                                                 comram       000000
__Hconfig                                                 config       30000C
__Hconst                                                  const        000000
__HcstackBANK0                                            cstackBANK0  000000
__HcstackCOMRAM                                           cstackCOMRAM 000000
[...]
memcpy@n                                                  cstackCOMRAM 000014
memcpy@s                                                  cstackCOMRAM 000019
memcpy@s1                                                 cstackCOMRAM 000012
memcpy@tmp                                                cstackCOMRAM 000016
rd1RegCompleteHandler@i2c1_master_example$F500@ptr        cstackCOMRAM 000019
rd1RegCompleteHandler@p                                   cstackCOMRAM 000019
rd2RegCompleteHandler@i2c1_master_example$F511@ptr        cstackCOMRAM 000019
rd2RegCompleteHandler@p                                   cstackCOMRAM 000019
rdBlkRegCompleteHandler@i2c1_master_example$F535@ptr      cstackCOMRAM 000019
rdBlkRegCompleteHandler@p                                 cstackCOMRAM 000019
readRFButtons@key1                                        bssBANK0     000088
readRFButtons@keyType                                     bssBANK0     000087
readRFButtons@rollingCode                                 bssBANK1     000187
readRFButtons@serial                                      bssBANK1     000181
readRFButtons@typeRemote                                  bssBANK1     000199
read_eusartparser@package                                 cstackCOMRAM 000018
read_package@package                                      cstackCOMRAM 000018
readbutton@key1                                           bssBANK0     000086
readbutton@key2                                           bssBANK1     000198
refreshADCZeroOffset@i                                    cstackCOMRAM 000017
refreshADCZeroOffset@media                                cstackCOMRAM 000018
saveEnergyADCHist@valueToSave                             cstackCOMRAM 000010
saveNewSerial@cmdType                                     cstackCOMRAM 00003A
saveNewSerial@position                                    cstackBANK0  0000DC
saveNewSerial@tempSerial                                  cstackBANK0  0000D8
setFlashLigth_ON@Freq                                     cstackCOMRAM 000010
setRGB_ON@Freq                                            cstackCOMRAM 000011
setRGB_ON@RGBLigth                                        cstackCOMRAM 000015
setValueToEdit@ParameterSelected                          cstackCOMRAM 00003A
setValueToEdit@haveValueToEdit                            cstackBANK0  0000DF
setValueToEdit@menuType                                   cstackBANK0  0000DE
sm_execute_ControlGate@psm                                cstackBANK0  0000E7
sm_execute_ControlGate@typeOpenOrder                      cstackBANK0  0000EB
sm_execute_ControlLearning@psm                            cstackBANK0  0000DC
sm_execute_ControlLearning@typeOpenOrder                  cstackCOMRAM 00003A
sm_execute_main@psm                                       cstackBANK0  0000ED
sm_execute_menuConfiguration@psm                          cstackBANK0  0000E9
sm_get_current_state@psm                                  cstackCOMRAM 000010
sm_init@hist_mode                                         cstackCOMRAM 000016
sm_init@initial_state                                     cstackCOMRAM 000014
sm_init@psm                                               cstackCOMRAM 000012
sm_restart@psm                                            cstackCOMRAM 000010
sm_send_event@event                                       cstackCOMRAM 000014
sm_send_event@psm                                         cstackCOMRAM 000012
stackhi                                                   (abs)        000000
stacklo                                                   (abs)        000000
start                                                     init         00009C
start_initialization                                      cinit        00708E
sumEnergyADC@auxValue                                     cstackCOMRAM 000016
sumEnergyADC@i                                            cstackCOMRAM 000018
sumEnergyADC@sumE                                         cstackCOMRAM 000014
sumHIST@i                                                 cstackCOMRAM 000020
sumHIST@max                                               cstackCOMRAM 000018
sumHIST@min                                               cstackCOMRAM 00001A
sumHIST@sumH                                              cstackCOMRAM 00001C
ttemp5                                                    temp         000051
ttemp6                                                    temp         000054
ttemp7                                                    temp         000058
validateRemoteSerialNumber@VerifyOnlySerial               cstackCOMRAM 000032
validateRemoteSerialNumber@i                              cstackCOMRAM 00003A
validateRemoteSerialNumber@j                              cstackCOMRAM 000039
validateRemoteSerialNumber@mask                           cstackCOMRAM 000035
validateRemoteSerialNumber@position                       cstackCOMRAM 000033
validateRemoteSerialNumber@serial                         cstackCOMRAM 00002E
verifyProgramingMode@classic_data                         cstackCOMRAM 000010
wr1RegCompleteHandler@i2c1_master_example$F517@ptr        cstackCOMRAM 000019
wr1RegCompleteHandler@p                                   cstackCOMRAM 000019
wr2RegCompleteHandler@i2c1_master_example$F523@ptr        cstackCOMRAM 000019
wr2RegCompleteHandler@p                                   cstackCOMRAM 000019
write_eusartparser@debug                                  cstackCOMRAM 00001F
write_eusartparser@debug2                                 cstackCOMRAM 000021
write_eusartparser@package                                cstackCOMRAM 000010
write_package@package                                     cstackCOMRAM 000011
wtemp8                                                    temp         000051


MODULE INFORMATION

Module		Function		Class		Link	Load	Size
controlMemory_MC50.c
		_SaveNVM_VarSystem		CODE           	89C4	0000	56
		_validateRemoteSerialNumber		CODE           	54B2	0000	412
		_checkNVM_VarSystem		CODE           	5312	0000	416
		_saveNewSerial 		CODE           	7E4C	0000	112
		_ControlCounterMoves		CODE           	8316	0000	90
		_ResetDefaultMemory		CODE           	5B18	0000	394
		_RemoveSerial  		CODE           	7A7E	0000	128
		_loadNVM_VarSystem		CODE           	6214	0000	302
		_cmdMemoryIsEmpty		CODE           	7520	0000	146

controlMemory_MC50.c estimated size: 2056

sm_ControlGate_MC50.c
		_setPositionInvertionInOpening		CODE           	6C90	0000	220
		_WaitPreFlash  		CODE           	7EBC	0000	112
		_actionZone_Opened		CODE           	4D8A	0000	494
		_actionZone_Closed		CODE           	71F8	0000	170
		_InitFullAutoTime		CODE           	8F8C	0000	26
		_InitSoftStop  		CODE           	86AC	0000	74
		_InitWalkAutoTime		CODE           	9094	0000	20
		_StopOrder     		CODE           	8EE8	0000	28
		_InitSoftStart 		CODE           	825E	0000	92
		_actionZone_Opening		CODE           	44AC	0000	596
		_actionZone_Closing		CODE           	3FAA	0000	652
		_VerifyFollowMe		CODE           	8E3C	0000	36
		_sm_execute_ControlGate		CODE           	3646	0000	842
		_CloseOrder    		CODE           	8D7E	0000	38
		_setPositionInvertionInClosing		CODE           	6342	0000	296
		_OpenFullOrder 		CODE           	8DA4	0000	38
		_OpenWalkOrder 		CODE           	7F2C	0000	110

sm_ControlGate_MC50.c estimated size: 3844

mcc_generated_files/examples/i2c1_master_example.c
		_rdBlkRegCompleteHandler@i2c1_master_example$F535		CODE           	888E	0000	64
		_rd1RegCompleteHandler@i2c1_master_example$F500		CODE           	8BFA	0000	44
		_rd2RegCompleteHandler@i2c1_master_example$F511		CODE           	8BCE	0000	44
		_wr1RegCompleteHandler@i2c1_master_example$F517		CODE           	8BA2	0000	44
		_wr2RegCompleteHandler@i2c1_master_example$F523		CODE           	8CD6	0000	44
		_I2C1_Read1ByteRegister		CODE           	82BA	0000	92

mcc_generated_files/examples/i2c1_master_example.c estimated size: 332

controlCurrent_MC50.c
		_refreshADCZeroOffset		CODE           	68B4	0000	254
		_getCurrentComparator		CODE           	564E	0000	410
		_ControlCurrent		CODE           	5E24	0000	372
		_refreshCurrent		CODE           	873E	0000	70
		_ReadADC       		CODE           	8474	0000	86
		_sumEnergyADC  		CODE           	76CE	0000	140
		_sumHIST       		CODE           	6AAE	0000	250
		_saveEnergyADCHist		CODE           	8D56	0000	40

controlCurrent_MC50.c estimated size: 1622

sm_Main_MC50.c
		_sm_execute_main		CODE           	1F94	0000	1288

sm_Main_MC50.c estimated size: 1288

outputs_MC50.c
		_getTimeDecelaration		CODE           	6BA8	0000	232
		_Segments_Set  		CODE           	9138	0000	12
		_ControlMotor  		CODE           	4700	0000	586
		_SetSegmentValueMain		CODE           	8F72	0000	26
		_GetMotorPower 		CODE           	6F02	0000	198
		_ControlLights 		CODE           	3990	0000	804
		_RGB_Set       		CODE           	9102	0000	14
		_refreshSegment		CODE           	786E	0000	134
		_setFlashLigth_ON		CODE           	894E	0000	60
		_getStateOpenPosition		CODE           	658E	0000	272
		_controlMotorForce		CODE           	494A	0000	546
		_SetSegmentValueIntermitent		CODE           	8AF2	0000	44
		_SetSegmentValueLearn		CODE           	69B2	0000	252
		_SetSegmentValue		CODE           	8FA6	0000	26
		_VerifyElectricalBrake		CODE           	7C72	0000	120
		_SetSegmentValueIntermitentMain		CODE           	90A8	0000	20
		_setRGB_ON     		CODE           	75B2	0000	144
		_controlVelocity		CODE           	4B6C	0000	542
		_ControlDecelarationFactor		CODE           	8FDA	0000	24

outputs_MC50.c estimated size: 4056

mcc_generated_files/i2c1_master.c
		_I2C1_DO_SEND_RESTART		CODE           	91EC	0000	8
		_I2C1_DO_TX_EMPTY		CODE           	81A4	0000	94
		_I2C1_DO_SEND_RESTART_READ		CODE           	91FC	0000	8
		_I2C1_CallbackReturnStop		CODE           	9256	0000	4
		_I2C1_DO_RX    		CODE           	7BF8	0000	122
		_I2C1_DO_TX    		CODE           	775A	0000	140
		_I2C1_SetAddressNackCallback		CODE           	900A	0000	24
		_I2C1_DO_IDLE  		CODE           	91B2	0000	10
		_I2C1_MasterOpen		CODE           	9022	0000	24
		_I2C1_DO_RCEN  		CODE           	91A8	0000	10
		_I2C1_MasterSendTxData		CODE           	9204	0000	8
		_I2C1_MasterStop		CODE           	925A	0000	4
		_I2C1_CallbackReturnReset		CODE           	9252	0000	4
		_I2C1_DO_RESET 		CODE           	919E	0000	10
		_I2C1_MasterStartRx		CODE           	924E	0000	4
		_I2C1_Poller   		CODE           	90F2	0000	16
		_I2C1_DO_RX_ACK		CODE           	91DC	0000	8
		_I2C1_MasterWaitForEvent		CODE           	91C4	0000	8
		_I2C1_MasterSendNack		CODE           	9224	0000	6
		_I2C1_DO_RX_NACK_RESTART		CODE           	91CC	0000	8
		_I2C1_MasterDisableIrq		CODE           	9266	0000	4
		_I2C1_MasterOperation		CODE           	8B76	0000	44
		_I2C1_SetCallback		CODE           	7F9A	0000	110
		_I2C1_MasterEnableRestart		CODE           	925E	0000	4
		_I2C1_Open     		CODE           	7978	0000	132
		_I2C1_DO_ADDRESS_NACK		CODE           	865E	0000	78
		_I2C1_SetBuffer		CODE           	8FC0	0000	26
		_I2C1_DO_SEND_RESTART_WRITE		CODE           	91F4	0000	8
		_I2C1_MasterClose		CODE           	926A	0000	4
		_I2C1_MasterWrite		CODE           	91BC	0000	8
		_I2C1_Initialize		CODE           	90BC	0000	20
		_I2C1_Close    		CODE           	8EA4	0000	34
		_I2C1_MasterIsNack		CODE           	912C	0000	12
		_I2C1_MasterStart		CODE           	9262	0000	4
		_I2C1_DO_SEND_ADR_WRITE		CODE           	9110	0000	14
		_I2C1_MasterClearIrq		CODE           	922A	0000	6
		_I2C1_SetDataCompleteCallback		CODE           	903A	0000	24
		_I2C1_DO_SEND_STOP		CODE           	91E4	0000	8
		_I2C1_MasterSendAck		CODE           	921E	0000	6
		_I2C1_MasterFsm		CODE           	84CA	0000	84
		_I2C1_MasterGetRxData		CODE           	924A	0000	4
		_I2C1_MasterSetIrq		CODE           	9218	0000	6
		_I2C1_DO_SEND_ADR_READ		CODE           	911E	0000	14
		_I2C1_DO_RX_NACK_STOP		CODE           	91D4	0000	8

mcc_generated_files/i2c1_master.c estimated size: 1182

eusartparser.c
		_read_eusartparser		CODE           	249C	0000	1288
		_write_eusartparser		CODE           	2E74	0000	1060
		_eusartparser  		CODE           	6E38	0000	202

eusartparser.c estimated size: 2550

mcc_generated_files/tmr2.c
		_TMR2_ISR      		CODE           	5F98	0000	334
		_TMR2_Initialize		CODE           	8B4A	0000	44
		_TMR2_SetInterruptHandler		CODE           	914E	0000	10
		_TMR2_DefaultInterruptHandler		CODE           	9272	0000	2

mcc_generated_files/tmr2.c estimated size: 390

mcc_generated_files/interrupt_manager.c
		_INTERRUPT_Initialize		CODE           	9246	0000	4
		_INTERRUPT_InterruptManager		CODE           	0008	0000	148

mcc_generated_files/interrupt_manager.c estimated size: 152

C:\Program Files\Microchip\xc8\v2.36\pic\sources\c99\common\Umul32.c
		___lmul        		CODE           	841E	0000	86

C:\Program Files\Microchip\xc8\v2.36\pic\sources\c99\common\Umul32.c estimated size: 86

inputs_MC50.c
		_ControlInputs 		CODE           	646A	0000	292
		_readbutton    		CODE           	8008	0000	108
		_ClearFlag_rfCMD		CODE           	9212	0000	6
		_getSerialCmd  		CODE           	8610	0000	78
		_rxi           		CODE           	4236	0000	630
		_GetSecurityStateInClosing		CODE           	72A2	0000	166
		_getTypeRemote 		CODE           	920C	0000	6
		_GetOpenOrder  		CODE           	514A	0000	456
		_readInputs    		CODE           	67AC	0000	264
		_InitReceiver  		CODE           	8F58	0000	26
		_GetSecurityStateInOpening		CODE           	7348	0000	166
		_getKeyPressed 		CODE           	8FF2	0000	24
		_readRFButtons 		CODE           	5982	0000	406

inputs_MC50.c estimated size: 2628

mcc_generated_files/tmr0.c
		_TMR0_SetInterruptHandler		CODE           	9162	0000	10
		_TMR0_DefaultInterruptHandler		CODE           	9276	0000	2
		_TMR0_ISR      		CODE           	8DF0	0000	38
		_TMR0_Initialize		CODE           	8E82	0000	34

mcc_generated_files/tmr0.c estimated size: 84

sm_MenuConfiguration_MC50.c
		_load_New_Menu 		CODE           	3CB4	0000	758
		_sm_execute_menuConfiguration		CODE           	0F22	0000	2404
		_controlSelectRemote		CODE           	3298	0000	942
		_setValueToEdit		CODE           	29A4	0000	1232
		_controlSaveRemote		CODE           	7144	0000	180
		_controlLearnDigit		CODE           	8A94	0000	48

sm_MenuConfiguration_MC50.c estimated size: 5564

mcc_generated_files/pin_manager.c
		_PIN_MANAGER_Initialize		CODE           	7488	0000	152

mcc_generated_files/pin_manager.c estimated size: 152

main_MC50.c
		_decrementTimeslot		CODE           	8D2C	0000	42
		_ShowVersion   		CODE           	80DC	0000	102
		_main          		CODE           	5CA2	0000	386
		_controlTimeslots		CODE           	57E8	0000	410

main_MC50.c estimated size: 940

C:\Program Files\Microchip\xc8\v2.36\pic\sources\c99\common\__lldiv.c
		___lldiv       		CODE           	79FC	0000	130

C:\Program Files\Microchip\xc8\v2.36\pic\sources\c99\common\__lldiv.c estimated size: 130

mcc_generated_files/drivers/i2c_simple_master.c
		_i2c_readDataBlock		CODE           	7D62	0000	118
		_wr1RegCompleteHandler		CODE           	8CAA	0000	44
		_wr2RegCompleteHandler		CODE           	8C26	0000	44
		_i2c_writeNBytes		CODE           	7DD8	0000	116
		_rdBlkRegCompleteHandler		CODE           	88CE	0000	64
		_rd1RegCompleteHandler		CODE           	8C7E	0000	44
		_rd2RegCompleteHandler		CODE           	8C52	0000	44

mcc_generated_files/drivers/i2c_simple_master.c estimated size: 474

C:\Program Files\Microchip\xc8\v2.36\pic\sources\c99\common\lwdiv.c
		___lwdiv       		CODE           	851E	0000	82

C:\Program Files\Microchip\xc8\v2.36\pic\sources\c99\common\lwdiv.c estimated size: 82

C:\Program Files\Microchip\xc8\v2.36\pic\sources\c99\common\awdiv.c
		___awdiv       		CODE           	78F4	0000	132

C:\Program Files\Microchip\xc8\v2.36\pic\sources\c99\common\awdiv.c estimated size: 132

C:\Program Files\Microchip\xc8\v2.36\pic\sources\c99\common\lbmod.c
		___lbmod       		CODE           	8D02	0000	42

C:\Program Files\Microchip\xc8\v2.36\pic\sources\c99\common\lbmod.c estimated size: 42

shared
		i2_VerifyElectricalBrake		CODE           	7CEA	0000	120
		__initialization		CODE           	708E	0000	172
		_i2c1_fsmStateTable		SMALLCONST     	0F01	0000	32
		i2_GetMotorPower		CODE           	6FC8	0000	198

shared estimated size: 522

mcc_generated_files/eusart1.c
		_EUSART1_SetRxInterruptHandler		CODE           	9176	0000	10
		_EUSART1_SetTxInterruptHandler		CODE           	916C	0000	10
		_EUSART1_is_rx_ready		CODE           	90E2	0000	16
		_EUSART1_Initialize		CODE           	7AFE	0000	126
		_EUSART1_DefaultErrorHandler		CODE           	9236	0000	6
		_EUSART1_SetFramingErrorHandler		CODE           	918A	0000	10
		_EUSART1_Read  		CODE           	86F6	0000	72
		_EUSART1_SetOverrunErrorHandler		CODE           	9180	0000	10
		_EUSART1_SetErrorHandler		CODE           	9194	0000	10
		_EUSART1_Write 		CODE           	884E	0000	64
		_EUSART1_Receive_ISR		CODE           	73EE	0000	154
		_EUSART1_RxDataHandler		CODE           	8EC6	0000	34
		_EUSART1_DefaultOverrunErrorHandler		CODE           	9230	0000	6
		_EUSART1_Transmit_ISR		CODE           	8A62	0000	50
		_EUSART1_DefaultFramingErrorHandler		CODE           	9278	0000	2

mcc_generated_files/eusart1.c estimated size: 580

mcc_generated_files/mcc.c
		_WWDT_TimerClear		CODE           	8F04	0000	28
		_PMD_Initialize		CODE           	8F20	0000	28
		_OSCILLATOR_Initialize		CODE           	9068	0000	22
		_SYSTEM_Initialize		CODE           	8AC4	0000	46
		_WWDT_Initialize		CODE           	9144	0000	10
		_WWDT_SoftEnable		CODE           	9242	0000	4

mcc_generated_files/mcc.c estimated size: 138

sm_common_MC50.c
		_sm_restart    		CODE           	8784	0000	68
		_sm_get_current_state		CODE           	90D0	0000	18
		_sm_init       		CODE           	83C8	0000	86
		_sm_send_event 		CODE           	8202	0000	92

sm_common_MC50.c estimated size: 264

mcc_generated_files/tmr1.c
		_TMR1_Initialize		CODE           	880C	0000	66
		_TMR1_SetInterruptHandler		CODE           	9158	0000	10
		_TMR1_DefaultInterruptHandler		CODE           	9274	0000	2
		_TMR1_WriteTimer		CODE           	8F3C	0000	28
		_TMR1_ISR      		CODE           	890E	0000	64

mcc_generated_files/tmr1.c estimated size: 170

eusartpackage.c
		_write_package 		CODE           	8B1E	0000	44
		_read_package  		CODE           	8570	0000	80

eusartpackage.c estimated size: 124

keeloqDecrypt_MC50.c
		_NormalKeyGen  		CODE           	669E	0000	270
		_keeloqDecryptPacket		CODE           	4F78	0000	466
		_DecCHK        		CODE           	8A30	0000	50
		_Decrypt       		CODE           	6D6C	0000	204
		_ReqResync     		CODE           	9052	0000	22
		_getHopCode    		CODE           	60E6	0000	302
		_LoadManufCode 		CODE           	8E60	0000	34
		_keeloq_classic_decrypt_packet		CODE           	8370	0000	88
		_DecryptPacket_12BIT		CODE           	7642	0000	140
		_verifyProgramingMode		CODE           	89FC	0000	52
		_HopCHK        		CODE           	77E6	0000	136

keeloqDecrypt_MC50.c estimated size: 1764

mcc_generated_files/adcc.c
		_ADCC_GetSingleConversion		CODE           	907E	0000	22
		_ADCC_Initialize		CODE           	85C0	0000	80

mcc_generated_files/adcc.c estimated size: 102

C:\Program Files\Microchip\xc8\v2.36\pic\sources\c99\common\memcpy.c
		_memcpy        		CODE           	87C8	0000	68

C:\Program Files\Microchip\xc8\v2.36\pic\sources\c99\common\memcpy.c estimated size: 68

C:\Program Files\Microchip\xc8\v2.36\pic\sources\c99\common\Umul16.c
		___wmul        		CODE           	8DCA	0000	38

C:\Program Files\Microchip\xc8\v2.36\pic\sources\c99\common\Umul16.c estimated size: 38

C:\Program Files\Microchip\xc8\v2.36\pic\sources\c99\common\lbdiv.c
		___lbdiv       		CODE           	898A	0000	58

C:\Program Files\Microchip\xc8\v2.36\pic\sources\c99\common\lbdiv.c estimated size: 58

sm_ControlLearning_MC50.c
		_sm_execute_ControlLearning		CODE           	1886	0000	1806
		_calculateMean 		CODE           	8142	0000	98
		_generateErrorLearnig		CODE           	8074	0000	104
		_clearLearningValue		CODE           	7B7C	0000	124

sm_ControlLearning_MC50.c estimated size: 2132

