Microchip MPLAB XC8 Compiler V2.36

Linker command line:

-W-3 --edf=C:\Program Files\Microchip\xc8\v2.36\pic\dat\en_msgs.txt -cn \
  -h+dist/default/production\MC50UNI.V.0.2.3.X.production.sym \
  --cmf=dist/default/production\MC50UNI.V.0.2.3.X.production.cmf -z \
  -Q18F46K40 -oC:\Users\RAFAEL~1\AppData\Local\Temp\xcAsd64.4 \
  --defsym=__MPLAB_BUILD=1 \
  -Mdist/default/production/MC50UNI.V.0.2.3.X.production.map \
  --md=C:\Users\RAFAEL~1\AppData\Local\Temp\xcAsd64.dat -E1 \
  -ver=XC8 Compiler --acfsm=1493 -ACODE=00h-0FFFFh -ACONST=00h-0FFFFh \
  -ASMALLCONST=0F00h-0FFFhx241 -AMEDIUMCONST=0F00h-0FFFFh -ACOMRAM=01h-05Fh \
  -AABS1=00h-0E87h -ABIGRAM=01h-0E87h \
  -ARAM=060h-0FFh,0100h-01FFhx13,0E00h-0E87h -ABANK0=060h-0FFh \
  -ABANK1=0100h-01FFh -ABANK2=0200h-02FFh -ABANK3=0300h-03FFh \
  -ABANK4=0400h-04FFh -ABANK5=0500h-05FFh -ABANK6=0600h-06FFh \
  -ABANK7=0700h-07FFh -ABANK8=0800h-08FFh -ABANK9=0900h-09FFh \
  -ABANK10=0A00h-0AFFh -ABANK11=0B00h-0BFFh -ABANK12=0C00h-0CFFh \
  -ABANK13=0D00h-0DFFh -ABANK14=0E00h-0E87h \
  -ASFR=0E8Dh-0EFFh,0F00h-0F5Fh,0F60h-0FFFh -ABIGSFR=0E8Dh-0FFFh \
  -ACONFIG=0300000h-030000Bh -AIDLOC=0200000h-020000Fh \
  -AEEDATA=0310000h-03103FFh -peeprom_data=EEDATA \
  -preset_vec=00h,intcode=08h,intcodelo,powerup,init -pramtop=0F00h \
  -psmallconst=SMALLCONST -pmediumconst=MEDIUMCONST -pconst=CONST \
  -AFARRAM=00h-00h \
  -prdata=COMRAM,nvrram=COMRAM,nvbit=COMRAM,rbss=COMRAM,rbit=COMRAM \
  -pfarbss=FARRAM,fardata=FARRAM,nvFARRAM=FARRAM \
  -pintsave_regs=BIGRAM,bigbss=BIGRAM,bigdata=BIGRAM -pbss=RAM \
  -pidata=CODE,irdata=CODE,ibigdata=CODE,ifardata=CODE -prparam=COMRAM \
  C:\Users\RAFAEL~1\AppData\Local\Temp\xcAsd64.o \
  dist/default/production\MC50UNI.V.0.2.3.X.production.o 

Object code version is 3.11

Machine type is 18F46K40



                Name                               Link     Load   Length Selector   Space Scale
C:\Users\RAFAEL~1\AppData\Local\Temp\xcAsd64.o
                idloc                            200000   200000       10        0       5
                config                           300000   300000        C        0       4
                init                                 9C       9C        4        4       0
                reset_vec                             0        0        4        0       0
dist/default/production\MC50UNI.V.0.2.3.X.production.o
                intcode                               8        8       94        4       0
                idloc                            200000   200000       10        0       5
                config                           300000   300000        C        0       4
                temp                                 50       50        1        1       1
                smallconst                          F00      F00       22      780       0
                text210                            9D3E     9D3E       22     4E5A       0
                text209                            A0B6     A0B6        6     4E5A       0
                text208                            A0F0     A0F0        2     4E5A       0
                text207                            A0B0     A0B0        6     4E5A       0
                text206                            810A     810A       9A      791       0
                text205                            98DA     98DA       32      791       0
                text204                            A0EE     A0EE        2     4E5A       0
                text203                            501C     501C      276      791       0
                text202                            9C68     9C68       26      791       0
                text201                            A0EC     A0EC        2     4E5A       0
                text200                            9DB4     9DB4       1C     4E5A       0
                text199                            7CEA     7CEA       C6      791       0
                text198                            8A08     8A08       78      791       0
                text197                            5730     5730      222      791       0
                text196                            9754     9754       40      791       0
                text195                            9EF8     9EF8       16     4E5A       0
                text194                            92BA     92BA       56      791       0
                text193                            A0EA     A0EA        2     4E5A       0
                text192                            9BA4     9BA4       2A      791       0
                text191                            65CE     65CE      19A      791       0
                text190                            9FB2     9FB2        C     4E5A       0
                text189                            858C     858C       86      791       0
                text188                            6D84     6D84      14E      791       0
                text186                            A0AA     A0AA        6     4E5A       0
                text185                            A0E4     A0E4        4     4E5A       0
                text184                            A0E0     A0E0        4     4E5A       0
                text183                            9D1C     9D1C       22     4E5A       0
                text182                            A0DC     A0DC        4     4E5A       0
                text181                            A0D8     A0D8        4     4E5A       0
                text180                            A0D4     A0D4        4     4E5A       0
                text179                            9E38     9E38       1A     4E5A       0
                text178                            8D28     8D28       6E      791       0
                text177                            9ECA     9ECA       18     4E5A       0
                text176                            9B4E     9B4E       2C      791       0
                text175                            9B22     9B22       2C      791       0
                text174                            9AF6     9AF6       2C      791       0
                text173                            9ACA     9ACA       2C      791       0
                text172                            9A9E     9A9E       2C      791       0
                text171                            9714     9714       40      791       0
                text170                            9A72     9A72       2C      791       0
                text169                            9A46     9A46       2C      791       0
                text168                            9A1A     9A1A       2C      791       0
                text167                            96D4     96D4       40      791       0
                text166                            A0D0     A0D0        4     4E5A       0
                text165                            A0CC     A0CC        4     4E5A       0
                text164                            A0C8     A0C8        4     4E5A       0
                text163                            A0A4     A0A4        6     4E5A       0
                text162                            A0C4     A0C4        4     4E5A       0
                text161                            A09E     A09E        6     4E5A       0
                text160                            A07E     A07E        8     4E5A       0
                text159                            9FA6     9FA6        C     4E5A       0
                text158                            A098     A098        6     4E5A       0
                text157                            8F90     8F90       5E      791       0
                text156                            A02C     A02C        A     4E5A       0
                text155                            9F98     9F98        E     4E5A       0
                text154                            9F8A     9F8A        E     4E5A       0
                text153                            8476     8476       8C      791       0
                text152                            8916     8916       7A      791       0
                text151                            A022     A022        A     4E5A       0
                text150                            A076     A076        8     4E5A       0
                text149                            A06E     A06E        8     4E5A       0
                text148                            A066     A066        8     4E5A       0
                text147                            A05E     A05E        8     4E5A       0
                text146                            A056     A056        8     4E5A       0
                text145                            A04E     A04E        8     4E5A       0
                text144                            A046     A046        8     4E5A       0
                text143                            A018     A018        A     4E5A       0
                text142                            94A4     94A4       4E      791       0
                text141                            9310     9310       54      791       0
                text140                            A03E     A03E        8     4E5A       0
                text139                            9F6C     9F6C       10     4E5A       0
                text138                            99EE     99EE       2C      791       0
                text137                            A036     A036        8     4E5A       0
                text136                            9EB2     9EB2       18     4E5A       0
                text135                            8696     8696       84      791       0
                text134                            9E9A     9E9A       18     4E5A       0
                text133                            960E     960E       44      791       0
                text132                            8AF6     8AF6       74      791       0
                text131                            980A     980A       38      791       0
                text130                            915C     915C       5A      791       0
                text129                            7C24     7C24       C6      791       0
                text128                            9C42     9C42       26      791       0
                text127                            6434     6434      19A      791       0
                text126                            9364     9364       52      791       0
                text125                            76A0     76A0       FE      791       0
                text124                            9BCE     9BCE       28      791       0
                text123                            83EA     83EA       8C      791       0
                text122                            789A     789A       FA      791       0
                text121                            9584     9584       46      791       0
                text120                            6C10     6C10      174      791       0
                text119                            7256     7256      124      791       0
                text118                            9794     9794       3C      791       0
                text117                            9F7C     9F7C        E     4E5A       0
                text116                            82CE     82CE       90      791       0
                text115                            4776     4776      324      791       0
                text114                            8990     8990       78      791       0
                text113                            54E6     54E6      24A      791       0
                text112                            9F5C     9F5C       10     4E5A       0
                text111                            9406     9406       50      791       0
                text110                            A00E     A00E        A     4E5A       0
                text109                            A004     A004        A     4E5A       0
                text108                            9FFA     9FFA        A     4E5A       0
                text107                            9FF0     9FF0        A     4E5A       0
                text106                            9FE6     9FE6        A     4E5A       0
                text105                            881C     881C       7E      791       0
                text104                            9F36     9F36       14     4E5A       0
                text103                            A0C0     A0C0        4     4E5A       0
                text102                            9EE2     9EE2       16     4E5A       0
                text101                            81A4     81A4       98      791       0
                text100                            9D98     9D98       1C     4E5A       0
                text99                             9FDC     9FDC        A     4E5A       0
                text98                             9CFA     9CFA       22     4E5A       0
                text97                             9FD2     9FD2        A     4E5A       0
                text96                             9652     9652       42      791       0
                text95                             9FC8     9FC8        A     4E5A       0
                text94                             99C2     99C2       2C      791       0
                text93                             9FBE     9FBE        A     4E5A       0
                text92                             993C     993C       2E      791       0
                text91                             9E1E     9E1E       1A     4E5A       0
                text90                             8E6A     8E6A       66      791       0
                text89                             A0BC     A0BC        4     4E5A       0
                text88                             9D7C     9D7C       1C     4E5A       0
                text87                             8A80     8A80       76      791       0
                text86                             8C4A     8C4A       70      791       0
                text85                             879C     879C       80      791       0
                text84                             823C     823C       92      791       0
                text83                             8BDA     8BDA       70      791       0
                text82                             98A8     98A8       32      791       0
                text81                             9102     9102       5A      791       0
                text80                             9694     9694       40      791       0
                text79                             9996     9996       2C      791       0
                text78                             2988     2988      6D8      791       0
                text77                             8F32     8F32       5E      791       0
                text76                             6298     6298      19C      791       0
                text75                             3060     3060      5A4      791       0
                text74                              F22      F22      9E6      791       0
                text73                             9E82     9E82       18     4E5A       0
                text72                             90A6     90A6       5C      791       0
                text71                             68FE     68FE      18A      791       0
                text70                             60F8     60F8      1A0      791       0
                text69                             7000     7000      12E      791       0
                text68                             7598     7598      108      791       0
                text67                             835E     835E       8C      791       0
                text66                             9876     9876       32      791       0
                text65                             9E6A     9E6A       18     4E5A       0
                text64                             6ED2     6ED2      12E      791       0
                text63                             8502     8502       8A      791       0
                text62                             7B58     7B58       CC      791       0
                text61                             9CD8     9CD8       22     4E5A       0
                text60                             748A     748A      10E      791       0
                text59                             91B6     91B6       58      791       0
                text58                             9842     9842       34      791       0
                text57                             5D5E     5D5E      1D2      791       0
                text56                             6768     6768      196      791       0
                text55                             953C     953C       48      791       0
                text54                             93B6     93B6       50      791       0
                text53                             8D96     8D96       6C      791       0
                text52                             9F22     9F22       14     4E5A       0
                text51                             97D0     97D0       3A      791       0
                text50                             5F30     5F30      1C8      791       0
                text49                             996A     996A       2C      791       0
                text48                             8064     8064       A6      791       0
                text47                             9F0E     9F0E       14     4E5A       0
                text46                             904A     904A       5C      791       0
                text45                             9F4A     9F4A       12     4E5A       0
                text44                             8FEE     8FEE       5C      791       0
                text43                             8CBA     8CBA       6E      791       0
                text42                             9E04     9E04       1A     4E5A       0
                text41                             9C1C     9C1C       26      791       0
                text40                             8B6A     8B6A       70      791       0
                text39                             7F14     7F14       AA      791       0
                text38                             7FBE     7FBE       A6      791       0
                text37                             9D60     9D60       1C     4E5A       0
                text36                             9264     9264       56      791       0
                text35                             7994     7994       E8      791       0
                text34                             712E     712E      128      791       0
                text33                             4D90     4D90      28C      791       0
                text32                             9BF6     9BF6       26      791       0
                text31                             9CB4     9CB4       24     4E5A       0
                text30                             5B70     5B70      1EE      791       0
                text29                             9E52     9E52       18     4E5A       0
                text28                             94F2     94F2       4A      791       0
                text27                             737A     737A      110      791       0
                text26                             5952     5952      21E      791       0
                text25                             7A7C     7A7C       DC      791       0
                text24                             5292     5292      254      791       0
                text23                             8ED0     8ED0       62      791       0
                text22                             889A     889A       7C      791       0
                text21                             95CA     95CA       44      791       0
                text20                             920E     920E       56      791       0
                text19                             8E02     8E02       68      791       0
                text18                             2270     2270      718      791       0
                text17                             442A     442A      34C      791       0
                text16                             871A     871A       82      791       0
                text15                             779E     779E       FC      791       0
                text14                             990C     990C       30      791       0
                text13                             A092     A092        6     4E5A       0
                text12                             9DEA     9DEA       1A     4E5A       0
                text11                             8612     8612       84      791       0
                text10                             9B7A     9B7A       2A      791       0
                text9                              7DB0     7DB0       B4      791       0
                text8                              9456     9456       4E      791       0
                text7                              A08C     A08C        6     4E5A       0
                text6                              4048     4048      3E2      791       0
                text5                              9DD0     9DD0       1A     4E5A       0
                text4                              4A9A     4A9A      2F6      791       0
                text3                              3604     3604      532      791       0
                text2                              1908     1908      968      791       0
                text1                              3B36     3B36      512      791       0
                text0                              6A88     6A88      188      791       0
                cstackCOMRAM                          1        1       3A        1       1
                cstackBANK0                          D8       D8       24       60       1
                cstackBANK2                         2EF      2EF        7      200       1
                dataBANK3                           3D2      3D2       25      300       1
                bssBANK3                            300      300       D2      300       1
                dataBANK2                           2F6      2F6        6      200       1
                bssBANK2                            200      200       DD      200       1
                dataBANK1                           1FE      1FE        1      100       1
                bssBANK1                            100      100       FD      100       1
                dataBANK0                            FC       FC        2       60       1
                bssBANK0                             60       60       78       60       1
                bssCOMRAM                            3B       3B       15        1       1
                cinit                              7E64     7E64       B0      791       0
                nvBANK2                             2DD      2DD       12      200       1
                nvBANK1                             1FD      1FD        1      100       1
                idataBANK3                         9C8E     9C8E       25      791       0
                idataBANK2                         A086     A086        6     4E5A       0
                idataBANK1                         A0F2     A0F2        1     4E5A       0
                idataBANK0                         A0E8     A0E8        2     4E5A       0

TOTAL           Name                               Link     Load   Length     Space
        CLASS   CODE           
                intcode                               8        8       94         0
                init                                 9C       9C        4         0
                reset_vec                             0        0        4         0
                text210                            9D3E     9D3E       22         0
                text209                            A0B6     A0B6        6         0
                text208                            A0F0     A0F0        2         0
                text207                            A0B0     A0B0        6         0
                text206                            810A     810A       9A         0
                text205                            98DA     98DA       32         0
                text204                            A0EE     A0EE        2         0
                text203                            501C     501C      276         0
                text202                            9C68     9C68       26         0
                text201                            A0EC     A0EC        2         0
                text200                            9DB4     9DB4       1C         0
                text199                            7CEA     7CEA       C6         0
                text198                            8A08     8A08       78         0
                text197                            5730     5730      222         0
                text196                            9754     9754       40         0
                text195                            9EF8     9EF8       16         0
                text194                            92BA     92BA       56         0
                text193                            A0EA     A0EA        2         0
                text192                            9BA4     9BA4       2A         0
                text191                            65CE     65CE      19A         0
                text190                            9FB2     9FB2        C         0
                text189                            858C     858C       86         0
                text188                            6D84     6D84      14E         0
                text186                            A0AA     A0AA        6         0
                text185                            A0E4     A0E4        4         0
                text184                            A0E0     A0E0        4         0
                text183                            9D1C     9D1C       22         0
                text182                            A0DC     A0DC        4         0
                text181                            A0D8     A0D8        4         0
                text180                            A0D4     A0D4        4         0
                text179                            9E38     9E38       1A         0
                text178                            8D28     8D28       6E         0
                text177                            9ECA     9ECA       18         0
                text176                            9B4E     9B4E       2C         0
                text175                            9B22     9B22       2C         0
                text174                            9AF6     9AF6       2C         0
                text173                            9ACA     9ACA       2C         0
                text172                            9A9E     9A9E       2C         0
                text171                            9714     9714       40         0
                text170                            9A72     9A72       2C         0
                text169                            9A46     9A46       2C         0
                text168                            9A1A     9A1A       2C         0
                text167                            96D4     96D4       40         0
                text166                            A0D0     A0D0        4         0
                text165                            A0CC     A0CC        4         0
                text164                            A0C8     A0C8        4         0
                text163                            A0A4     A0A4        6         0
                text162                            A0C4     A0C4        4         0
                text161                            A09E     A09E        6         0
                text160                            A07E     A07E        8         0
                text159                            9FA6     9FA6        C         0
                text158                            A098     A098        6         0
                text157                            8F90     8F90       5E         0
                text156                            A02C     A02C        A         0
                text155                            9F98     9F98        E         0
                text154                            9F8A     9F8A        E         0
                text153                            8476     8476       8C         0
                text152                            8916     8916       7A         0
                text151                            A022     A022        A         0
                text150                            A076     A076        8         0
                text149                            A06E     A06E        8         0
                text148                            A066     A066        8         0
                text147                            A05E     A05E        8         0
                text146                            A056     A056        8         0
                text145                            A04E     A04E        8         0
                text144                            A046     A046        8         0
                text143                            A018     A018        A         0
                text142                            94A4     94A4       4E         0
                text141                            9310     9310       54         0
                text140                            A03E     A03E        8         0
                text139                            9F6C     9F6C       10         0
                text138                            99EE     99EE       2C         0
                text137                            A036     A036        8         0
                text136                            9EB2     9EB2       18         0
                text135                            8696     8696       84         0
                text134                            9E9A     9E9A       18         0
                text133                            960E     960E       44         0
                text132                            8AF6     8AF6       74         0
                text131                            980A     980A       38         0
                text130                            915C     915C       5A         0
                text129                            7C24     7C24       C6         0
                text128                            9C42     9C42       26         0
                text127                            6434     6434      19A         0
                text126                            9364     9364       52         0
                text125                            76A0     76A0       FE         0
                text124                            9BCE     9BCE       28         0
                text123                            83EA     83EA       8C         0
                text122                            789A     789A       FA         0
                text121                            9584     9584       46         0
                text120                            6C10     6C10      174         0
                text119                            7256     7256      124         0
                text118                            9794     9794       3C         0
                text117                            9F7C     9F7C        E         0
                text116                            82CE     82CE       90         0
                text115                            4776     4776      324         0
                text114                            8990     8990       78         0
                text113                            54E6     54E6      24A         0
                text112                            9F5C     9F5C       10         0
                text111                            9406     9406       50         0
                text110                            A00E     A00E        A         0
                text109                            A004     A004        A         0
                text108                            9FFA     9FFA        A         0
                text107                            9FF0     9FF0        A         0
                text106                            9FE6     9FE6        A         0
                text105                            881C     881C       7E         0
                text104                            9F36     9F36       14         0
                text103                            A0C0     A0C0        4         0
                text102                            9EE2     9EE2       16         0
                text101                            81A4     81A4       98         0
                text100                            9D98     9D98       1C         0
                text99                             9FDC     9FDC        A         0
                text98                             9CFA     9CFA       22         0
                text97                             9FD2     9FD2        A         0
                text96                             9652     9652       42         0
                text95                             9FC8     9FC8        A         0
                text94                             99C2     99C2       2C         0
                text93                             9FBE     9FBE        A         0
                text92                             993C     993C       2E         0
                text91                             9E1E     9E1E       1A         0
                text90                             8E6A     8E6A       66         0
                text89                             A0BC     A0BC        4         0
                text88                             9D7C     9D7C       1C         0
                text87                             8A80     8A80       76         0
                text86                             8C4A     8C4A       70         0
                text85                             879C     879C       80         0
                text84                             823C     823C       92         0
                text83                             8BDA     8BDA       70         0
                text82                             98A8     98A8       32         0
                text81                             9102     9102       5A         0
                text80                             9694     9694       40         0
                text79                             9996     9996       2C         0
                text78                             2988     2988      6D8         0
                text77                             8F32     8F32       5E         0
                text76                             6298     6298      19C         0
                text75                             3060     3060      5A4         0
                text74                              F22      F22      9E6         0
                text73                             9E82     9E82       18         0
                text72                             90A6     90A6       5C         0
                text71                             68FE     68FE      18A         0
                text70                             60F8     60F8      1A0         0
                text69                             7000     7000      12E         0
                text68                             7598     7598      108         0
                text67                             835E     835E       8C         0
                text66                             9876     9876       32         0
                text65                             9E6A     9E6A       18         0
                text64                             6ED2     6ED2      12E         0
                text63                             8502     8502       8A         0
                text62                             7B58     7B58       CC         0
                text61                             9CD8     9CD8       22         0
                text60                             748A     748A      10E         0
                text59                             91B6     91B6       58         0
                text58                             9842     9842       34         0
                text57                             5D5E     5D5E      1D2         0
                text56                             6768     6768      196         0
                text55                             953C     953C       48         0
                text54                             93B6     93B6       50         0
                text53                             8D96     8D96       6C         0
                text52                             9F22     9F22       14         0
                text51                             97D0     97D0       3A         0
                text50                             5F30     5F30      1C8         0
                text49                             996A     996A       2C         0
                text48                             8064     8064       A6         0
                text47                             9F0E     9F0E       14         0
                text46                             904A     904A       5C         0
                text45                             9F4A     9F4A       12         0
                text44                             8FEE     8FEE       5C         0
                text43                             8CBA     8CBA       6E         0
                text42                             9E04     9E04       1A         0
                text41                             9C1C     9C1C       26         0
                text40                             8B6A     8B6A       70         0
                text39                             7F14     7F14       AA         0
                text38                             7FBE     7FBE       A6         0
                text37                             9D60     9D60       1C         0
                text36                             9264     9264       56         0
                text35                             7994     7994       E8         0
                text34                             712E     712E      128         0
                text33                             4D90     4D90      28C         0
                text32                             9BF6     9BF6       26         0
                text31                             9CB4     9CB4       24         0
                text30                             5B70     5B70      1EE         0
                text29                             9E52     9E52       18         0
                text28                             94F2     94F2       4A         0
                text27                             737A     737A      110         0
                text26                             5952     5952      21E         0
                text25                             7A7C     7A7C       DC         0
                text24                             5292     5292      254         0
                text23                             8ED0     8ED0       62         0
                text22                             889A     889A       7C         0
                text21                             95CA     95CA       44         0
                text20                             920E     920E       56         0
                text19                             8E02     8E02       68         0
                text18                             2270     2270      718         0
                text17                             442A     442A      34C         0
                text16                             871A     871A       82         0
                text15                             779E     779E       FC         0
                text14                             990C     990C       30         0
                text13                             A092     A092        6         0
                text12                             9DEA     9DEA       1A         0
                text11                             8612     8612       84         0
                text10                             9B7A     9B7A       2A         0
                text9                              7DB0     7DB0       B4         0
                text8                              9456     9456       4E         0
                text7                              A08C     A08C        6         0
                text6                              4048     4048      3E2         0
                text5                              9DD0     9DD0       1A         0
                text4                              4A9A     4A9A      2F6         0
                text3                              3604     3604      532         0
                text2                              1908     1908      968         0
                text1                              3B36     3B36      512         0
                text0                              6A88     6A88      188         0
                cinit                              7E64     7E64       B0         0
                idataBANK3                         9C8E     9C8E       25         0
                idataBANK2                         A086     A086        6         0
                idataBANK1                         A0F2     A0F2        1         0
                idataBANK0                         A0E8     A0E8        2         0

        CLASS   CONST          

        CLASS   SMALLCONST     
                smallconst                          F00      F00       22         0

        CLASS   MEDIUMCONST    

        CLASS   COMRAM         
                temp                                 50       50        1         1
                cstackCOMRAM                          1        1       3A         1
                bssCOMRAM                            3B       3B       15         1

        CLASS   ABS1           

        CLASS   BIGRAM         

        CLASS   RAM            

        CLASS   BANK0          
                cstackBANK0                          D8       D8       24         1
                dataBANK0                            FC       FC        2         1
                bssBANK0                             60       60       78         1

        CLASS   BANK1          
                dataBANK1                           1FE      1FE        1         1
                bssBANK1                            100      100       FD         1
                nvBANK1                             1FD      1FD        1         1

        CLASS   BANK2          
                cstackBANK2                         2EF      2EF        7         1
                dataBANK2                           2F6      2F6        6         1
                bssBANK2                            200      200       DD         1
                nvBANK2                             2DD      2DD       12         1

        CLASS   BANK3          
                dataBANK3                           3D2      3D2       25         1
                bssBANK3                            300      300       D2         1

        CLASS   BANK4          

        CLASS   BANK5          

        CLASS   BANK6          

        CLASS   BANK7          

        CLASS   BANK8          

        CLASS   BANK9          

        CLASS   BANK10         

        CLASS   BANK11         

        CLASS   BANK12         

        CLASS   BANK13         

        CLASS   BANK14         

        CLASS   SFR            

        CLASS   BIGSFR         

        CLASS   CONFIG         
                config                           300000   300000        C         4

        CLASS   IDLOC          
                idloc                            200000   200000       10         5

        CLASS   EEDATA         

        CLASS   FARRAM         

        CLASS   HEAP           

        CLASS   STACK          



SEGMENTS        Name                           Load    Length   Top    Selector   Space  Class

                reset_vec                      000000  000004  000004         0       0  CODE    
                cstackCOMRAM                   000001  000050  000051         1       1  COMRAM  
                intcode                        000008  000098  0000A0         4       0  CODE    
                bssBANK0                       000060  00009E  0000FE        60       1  BANK0   
                bssBANK1                       000100  0000FF  0001FF       100       1  BANK1   
                bssBANK2                       000200  0000FC  0002FC       200       1  BANK2   
                bssBANK3                       000300  0000F7  0003F7       300       1  BANK3   
                smallconst                     000F00  000022  000F22       780       0  SMALLCON
                text74                         000F22  008D91  009CB3       791       0  CODE    
                text31                         009CB4  00043F  00A0F3      4E5A       0  CODE    


UNUSED ADDRESS RANGES

        Name                Unused          Largest block    Delta
        BANK0            0000FE-0000FF                2
        BANK1            0001FF-0001FF                1
        BANK10           000A00-000AFF              100
        BANK11           000B00-000BFF              100
        BANK12           000C00-000CFF              100
        BANK13           000D00-000DFF              100
        BANK14           000E00-000E87               88
        BANK2            0002FC-0002FF                4
        BANK3            0003F7-0003FF                9
        BANK4            000400-0004FF              100
        BANK5            000500-0005FF              100
        BANK6            000600-0006FF              100
        BANK7            000700-0007FF              100
        BANK8            000800-0008FF              100
        BANK9            000900-0009FF              100
        BIGRAM           000051-00005F                F
                         0000FE-0000FF                2
                         0001FF-0001FF                1
                         0002FC-0002FF                4
                         0003F7-000E87              A91
        BIGSFR           000E8D-000FFF              173
        CODE             000004-000007                4
                         0000A0-000EFF              E60
                         009CB3-009CB3                1
                         00A0F3-00FFFF             5F0D
        COMRAM           000051-00005F                F
        CONST            000004-000007                4
                         0000A0-000EFF              E60
                         009CB3-009CB3                1
                         00A0F3-00FFFF             5F0D
        EEDATA           310000-3103FF              400
        MEDIUMCONST      009CB3-009CB3                1
                         00A0F3-00FFFF             5F0D
        RAM              0000FE-0000FF                2
                         0001FF-0001FF                1
                         0002FC-0002FF                4
                         0003F7-000E87              100
        SFR              000E8D-000FFF               73
        SMALLCONST       009CB3-009CB3                1
                         00A0F3-00FFFF              100

                                  Symbol Table

?___awdiv                                                 cstackCOMRAM 000014
?___lldiv                                                 cstackCOMRAM 000010
?___lmul                                                  cstackCOMRAM 00001D
?___lwdiv                                                 cstackCOMRAM 000010
?___wmul                                                  cstackCOMRAM 000010
?_calculateMean                                           cstackCOMRAM 000010
?_getCurrentComparator                                    cstackCOMRAM 000016
?_getHopCode                                              cstackCOMRAM 000016
?_getTimeDecelaration                                     cstackCOMRAM 000029
?_read_package                                            cstackCOMRAM 000011
?_sm_get_current_state                                    cstackCOMRAM 000010
?_sumEnergyADC                                            cstackCOMRAM 000010
?_sumHIST                                                 cstackCOMRAM 000010
ADCC_GetSingleConversion@channel                          cstackCOMRAM 000001
ControlMotor@stateMotor                                   cstackCOMRAM 000018
DecCHK@data                                               cstackCOMRAM 000010
Decrypt@Buffer                                            cstackCOMRAM 000022
Decrypt@aux                                               cstackCOMRAM 000021
Decrypt@i                                                 cstackCOMRAM 00001E
Decrypt@j                                                 cstackCOMRAM 00001F
Decrypt@key                                               cstackCOMRAM 00001D
Decrypt@p                                                 cstackCOMRAM 000020
Decrypt@packet                                            cstackCOMRAM 00001B
DecryptPacket_12BIT@classic_data                          cstackBANK0  0000E2
DecryptPacket_12BIT@commandType                           cstackBANK0  0000E4
DecryptPacket_12BIT@data                                  cstackBANK0  0000E0
EUSART1_Read@readValue                                    cstackCOMRAM 000010
EUSART1_SetErrorHandler@interruptHandler                  cstackCOMRAM 000010
EUSART1_SetFramingErrorHandler@interruptHandler           cstackCOMRAM 000010
EUSART1_SetOverrunErrorHandler@interruptHandler           cstackCOMRAM 000010
EUSART1_SetRxInterruptHandler@interruptHandler            cstackCOMRAM 000010
EUSART1_SetTxInterruptHandler@interruptHandler            cstackCOMRAM 000010
EUSART1_Write@txData                                      cstackCOMRAM 000010
GetMotorPower@defineatraso                                cstackCOMRAM 000013
HopCHK@data                                               cstackCOMRAM 000024
HopCHK@hopDiff                                            cstackCOMRAM 000026
I2C1_CallbackReturnReset@funPtr                           cstackCOMRAM 000019
I2C1_Close@returnValue                                    cstackCOMRAM 000010
I2C1_MasterOperation@read                                 cstackCOMRAM 000020
I2C1_MasterOperation@returnValue                          cstackCOMRAM 000021
I2C1_MasterSendTxData@data                                cstackCOMRAM 000010
I2C1_Open@address                                         cstackCOMRAM 000010
I2C1_Open@returnValue                                     cstackCOMRAM 000011
I2C1_Read1ByteRegister@address                            cstackCOMRAM 000023
I2C1_Read1ByteRegister@reg                                cstackCOMRAM 000022
I2C1_Read1ByteRegister@returnValue                        cstackCOMRAM 000024
I2C1_SetAddressNackCallback@cb                            cstackCOMRAM 000015
I2C1_SetAddressNackCallback@ptr                           cstackCOMRAM 000017
I2C1_SetBuffer@buffer                                     cstackCOMRAM 000010
I2C1_SetBuffer@bufferSize                                 cstackCOMRAM 000012
I2C1_SetCallback@cb                                       cstackCOMRAM 000010
I2C1_SetCallback@idx                                      cstackCOMRAM 000014
I2C1_SetCallback@ptr                                      cstackCOMRAM 000012
I2C1_SetDataCompleteCallback@cb                           cstackCOMRAM 000015
I2C1_SetDataCompleteCallback@ptr                          cstackCOMRAM 000017
NormalKeyGen@Buffer                                       cstackCOMRAM 000030
NormalKeyGen@HOPtemp                                      cstackCOMRAM 000028
NormalKeyGen@SEED                                         bssBANK2     0002D9
NormalKeyGen@SKEYtemp                                     cstackCOMRAM 00002C
NormalKeyGen@serial                                       cstackCOMRAM 000026
OpenWalkOrder@diffTime                                    cstackCOMRAM 00001A
RGB_Set@value                                             cstackCOMRAM 000010
ReadSerial@cmdType                                        cstackCOMRAM 000032
ReadSerial@position                                       cstackCOMRAM 00002F
ReadSerial@tempSerial                                     cstackCOMRAM 00002E
RemoveSerial@cmdType                                      cstackBANK0  0000DA
RemoveSerial@position                                     cstackCOMRAM 00003A
RemoveSerial@tempSerial                                   cstackBANK0  0000DB
ReqResync@CurrentHop                                      cstackCOMRAM 000010
ResetDefaultMemory@type                                   cstackCOMRAM 00003A
SaveNVM_VarSystem@page                                    cstackBANK0  0000D8
SaveNVM_VarSystem@point                                   cstackBANK0  0000DB
SaveNVM_VarSystem@tempAdd                                 cstackBANK0  0000D9
Segments_Set@value                                        cstackCOMRAM 000001
SetSegmentValue@d1                                        cstackCOMRAM 00001D
SetSegmentValue@d2                                        cstackCOMRAM 00001C
SetSegmentValueIntermitent@d1                             cstackCOMRAM 000013
SetSegmentValueIntermitent@d2                             cstackCOMRAM 000010
SetSegmentValueIntermitent@time                           cstackCOMRAM 000011
SetSegmentValueIntermitentMain@d1                         cstackCOMRAM 00001F
SetSegmentValueIntermitentMain@d2                         cstackCOMRAM 00001C
SetSegmentValueIntermitentMain@time                       cstackCOMRAM 00001D
SetSegmentValueLearn@direction                            cstackCOMRAM 000012
SetSegmentValueMain@d1                                    cstackCOMRAM 00001D
SetSegmentValueMain@d2                                    cstackCOMRAM 00001C
TMR0_SetInterruptHandler@InterruptHandler                 cstackCOMRAM 000010
TMR1_SetInterruptHandler@InterruptHandler                 cstackCOMRAM 000010
TMR1_WriteTimer@timerVal                                  cstackCOMRAM 000001
TMR2_SetInterruptHandler@InterruptHandler                 cstackCOMRAM 000010
VerifyElectricalBrake@actualState                         cstackCOMRAM 000011
VerifyElectricalBrake@tempState                           cstackCOMRAM 000010
VerifyFollowMe@securityClose                              cstackCOMRAM 000010
WWDT_TimerClear@state                                     cstackCOMRAM 000010
_ADACCH                                                   (abs)        000F71
_ADACCL                                                   (abs)        000F70
_ADACQ                                                    (abs)        000F5C
_ADACT                                                    (abs)        000F56
_ADCAP                                                    (abs)        000F5D
_ADCC_GetSingleConversion                                 text195      009EF8
_ADCC_Initialize                                          text111      009406
_ADCLK                                                    (abs)        000F57
_ADCNT                                                    (abs)        000F67
_ADCON0                                                   (abs)        000F60
_ADCON0bits                                               (abs)        000F60
_ADCON1                                                   (abs)        000F59
_ADCON2                                                   (abs)        000F5A
_ADCON3                                                   (abs)        000F5B
_ADC_array                                                bssBANK2     000200
_ADC_zero_array                                           bssBANK3     000396
_ADERRH                                                   (abs)        000F6F
_ADERRL                                                   (abs)        000F6E
_ADFLTRH                                                  (abs)        000F73
_ADFLTRL                                                  (abs)        000F72
_ADLTHH                                                   (abs)        000F6B
_ADLTHL                                                   (abs)        000F6A
_ADPCH                                                    (abs)        000F5F
_ADPRE                                                    (abs)        000F5E
_ADPREVH                                                  (abs)        000F62
_ADPREVL                                                  (abs)        000F61
_ADREF                                                    (abs)        000F58
_ADRESH                                                   (abs)        000F64
_ADRESL                                                   (abs)        000F63
_ADRPT                                                    (abs)        000F66
_ADSTAT                                                   (abs)        000F65
_ADSTPTH                                                  (abs)        000F69
_ADSTPTL                                                  (abs)        000F68
_ADUTHH                                                   (abs)        000F6D
_ADUTHL                                                   (abs)        000F6C
_ANSELA                                                   (abs)        000F11
_ANSELB                                                   (abs)        000F19
_ANSELC                                                   (abs)        000F21
_ANSELD                                                   (abs)        000F26
_ANSELE                                                   (abs)        000F2E
_Abertura_pedonal                                         bssBANK1     000191
_BAUD1CON                                                 (abs)        000F9F
_BitCount                                                 bssBANK0     00008C
_Bptr                                                     bssBANK0     00008D
_BufferRF                                                 bssBANK2     0002C8
_BufferRF_12BIT                                           bssBANK1     000189
_ClearFlag_rfCMD                                          text13       00A092
_CloseOrder                                               text32       009BF6
_ControlCounterMoves                                      text130      00915C
_ControlCurrent                                           text120      006C10
_ControlDecelarationFactor                                text29       009E52
_ControlInputs                                            text119      007256
_ControlLights                                            text115      004776
_ControlMotor                                             text113      0054E6
_Counterchoose                                            bssBANK0     000092
_DKEY                                                     bssBANK2     0002D1
_DecCHK                                                   text66       009876
_Decrypt                                                  text62       007B58
_DecryptPacket_12BIT                                      text67       00835E
_DispTable                                                dataBANK3    0003D2
_EHop                                                     bssBANK2     00028C
_EUSART1_DefaultErrorHandler                              text209      00A0B6
_EUSART1_DefaultFramingErrorHandler                       text208      00A0F0
_EUSART1_DefaultOverrunErrorHandler                       text207      00A0B0
_EUSART1_ErrorHandler                                     nvBANK2      0002E5
_EUSART1_FramingErrorHandler                              nvBANK2      0002E9
_EUSART1_Initialize                                       text105      00881C
_EUSART1_OverrunErrorHandler                              nvBANK2      0002E7
_EUSART1_Read                                             text55       00953C
_EUSART1_Receive_ISR                                      text206      00810A
_EUSART1_RxDataHandler                                    text210      009D3E
_EUSART1_RxDefaultInterruptHandler                        nvBANK2      0002EB
_EUSART1_SetErrorHandler                                  text110      00A00E
_EUSART1_SetFramingErrorHandler                           text109      00A004
_EUSART1_SetOverrunErrorHandler                           text108      009FFA
_EUSART1_SetRxInterruptHandler                            text107      009FF0
_EUSART1_SetTxInterruptHandler                            text106      009FE6
_EUSART1_Transmit_ISR                                     text205      0098DA
_EUSART1_TxDefaultInterruptHandler                        nvBANK2      0002ED
_EUSART1_Write                                            text80       009694
_EUSART1_is_rx_ready                                      text112      009F5C
_F2Chance                                                 bssBANK1     000199
_GIE                                                      (abs)        007F97
_GetMotorPower                                            text129      007C24
_GetOpenOrder                                             text50       005F30
_GetSecurityStateInClosing                                text38       007FBE
_GetSecurityStateInOpening                                text48       008064
_Hop                                                      bssBANK0     00007C
_HopCHK                                                   text63       008502
_I2C1_CallbackReturnReset                                 text165      00A0CC
_I2C1_CallbackReturnStop                                  text166      00A0D0
_I2C1_Close                                               text183      009D1C
_I2C1_DO_ADDRESS_NACK                                     text142      0094A4
_I2C1_DO_IDLE                                             text156      00A02C
_I2C1_DO_RCEN                                             text151      00A022
_I2C1_DO_RESET                                            text143      00A018
_I2C1_DO_RX                                               text152      008916
_I2C1_DO_RX_ACK                                           text146      00A056
_I2C1_DO_RX_NACK_RESTART                                  text144      00A046
_I2C1_DO_RX_NACK_STOP                                     text145      00A04E
_I2C1_DO_SEND_ADR_READ                                    text155      009F98
_I2C1_DO_SEND_ADR_WRITE                                   text154      009F8A
_I2C1_DO_SEND_RESTART                                     text148      00A066
_I2C1_DO_SEND_RESTART_READ                                text150      00A076
_I2C1_DO_SEND_RESTART_WRITE                               text149      00A06E
_I2C1_DO_SEND_STOP                                        text147      00A05E
_I2C1_DO_TX                                               text153      008476
_I2C1_DO_TX_EMPTY                                         text157      008F90
_I2C1_Initialize                                          text104      009F36
_I2C1_MasterClearIrq                                      text186      00A0AA
_I2C1_MasterClose                                         text185      00A0E4
_I2C1_MasterDisableIrq                                    text184      00A0E0
_I2C1_MasterEnableRestart                                 text181      00A0D8
_I2C1_MasterFsm                                           text141      009310
_I2C1_MasterGetRxData                                     text162      00A0C4
_I2C1_MasterIsNack                                        text159      009FA6
_I2C1_MasterOpen                                          text136      009EB2
_I2C1_MasterOperation                                     text138      0099EE
_I2C1_MasterSendAck                                       text161      00A09E
_I2C1_MasterSendNack                                      text163      00A0A4
_I2C1_MasterSendTxData                                    text160      00A07E
_I2C1_MasterSetIrq                                        text158      00A098
_I2C1_MasterStart                                         text182      00A0DC
_I2C1_MasterStartRx                                       text164      00A0C8
_I2C1_MasterStop                                          text180      00A0D4
_I2C1_MasterWaitForEvent                                  text140      00A03E
_I2C1_MasterWrite                                         text137      00A036
_I2C1_Open                                                text135      008696
_I2C1_Poller                                              text139      009F6C
_I2C1_Read1ByteRegister                                   text72       0090A6
_I2C1_SetAddressNackCallback                              text134      009E9A
_I2C1_SetBuffer                                           text179      009E38
_I2C1_SetCallback                                         text178      008D28
_I2C1_SetDataCompleteCallback                             text177      009ECA
_I2C1_Status                                              bssBANK2     00023C
_INLVLA                                                   (abs)        000F0D
_INLVLB                                                   (abs)        000F15
_INLVLC                                                   (abs)        000F1D
_INLVLD                                                   (abs)        000F22
_INLVLE                                                   (abs)        000F2A
_INTCONbits                                               (abs)        000FF2
_INTERRUPT_Initialize                                     text103      00A0C0
_INTERRUPT_InterruptManager                               intcode      000008
_IOCBN3                                                   (abs)        00789B
_IOCBP3                                                   (abs)        0078A3
_InitFullAutoTime                                         text42       009E04
_InitReceiver                                             text5        009DD0
_InitSoftStart                                            text46       00904A
_InitSoftStop                                             text28       0094F2
_InitWalkAutoTime                                         text47       009F0E
_LATA                                                     (abs)        000F83
_LATAbits                                                 (abs)        000F83
_LATB                                                     (abs)        000F84
_LATC                                                     (abs)        000F85
_LATCbits                                                 (abs)        000F85
_LATD                                                     (abs)        000F86
_LATDbits                                                 (abs)        000F86
_LATE                                                     (abs)        000F87
_LATEbits                                                 (abs)        000F87
_LoadManufCode                                            text61       009CD8
_NextHop                                                  bssBANK2     00028E
_NormalKeyGen                                             text60       00748A
_ODCONA                                                   (abs)        000F0F
_ODCONB                                                   (abs)        000F17
_ODCONC                                                   (abs)        000F1F
_ODCOND                                                   (abs)        000F24
_ODCONE                                                   (abs)        000F2C
_OSCCON1                                                  (abs)        000ED8
_OSCCON3                                                  (abs)        000EDA
_OSCEN                                                    (abs)        000EDC
_OSCFRQ                                                   (abs)        000EDE
_OSCILLATOR_Initialize                                    text102      009EE2
_OSCTUNE                                                  (abs)        000EDD
_OpenFullOrder                                            text41       009C1C
_OpenWalkOrder                                            text43       008CBA
_PCON0bits                                                (abs)        000FD7
_PIE0bits                                                 (abs)        000EC2
_PIE3bits                                                 (abs)        000EC5
_PIE4bits                                                 (abs)        000EC6
_PIN_MANAGER_Initialize                                   text101      0081A4
_PIR0bits                                                 (abs)        000ECA
_PIR3bits                                                 (abs)        000ECD
_PIR4bits                                                 (abs)        000ECE
_PMD0                                                     (abs)        000EE1
_PMD1                                                     (abs)        000EE2
_PMD2                                                     (abs)        000EE3
_PMD3                                                     (abs)        000EE4
_PMD4                                                     (abs)        000EE5
_PMD5                                                     (abs)        000EE6
_PMD_Initialize                                           text100      009D98
_PORTAbits                                                (abs)        000F8D
_PORTB                                                    (abs)        000F8E
_PORTBbits                                                (abs)        000F8E
_PORTEbits                                                (abs)        000F91
_RC1REG                                                   (abs)        000F99
_RC1STA                                                   (abs)        000F9D
_RC1STAbits                                               (abs)        000F9D
_RC3PPS                                                   (abs)        000EFA
_RC4PPS                                                   (abs)        000EFB
_RC7PPS                                                   (abs)        000EFE
_RFBit                                                    bssBANK0     000089
_RFFull                                                   bssBANK0     00008B
_RFFull_12BIT                                             bssBANK0     00008A
_RFcount                                                  bssBANK0     00007E
_RFstate                                                  bssBANK1     00019C
_RGB_Set                                                  text117      009F7C
_RX1PPS                                                   (abs)        000EB5
_ReadADC                                                  text194      0092BA
_ReadSerial                                               text86       008C4A
_RemoveSerial                                             text85       00879C
_ReqResync                                                text65       009E6A
_ResetDefaultMemory                                       text71       0068FE
_SLRCONA                                                  (abs)        000F0E
_SLRCONB                                                  (abs)        000F16
_SLRCONC                                                  (abs)        000F1E
_SLRCOND                                                  (abs)        000F23
_SLRCONE                                                  (abs)        000F2B
_SP1BRGH                                                  (abs)        000F9C
_SP1BRGL                                                  (abs)        000F9B
_SSP1ADD                                                  (abs)        000F93
_SSP1BUF                                                  (abs)        000F92
_SSP1CLKPPS                                               (abs)        000EB7
_SSP1CON1                                                 (abs)        000F96
_SSP1CON1bits                                             (abs)        000F96
_SSP1CON2                                                 (abs)        000F97
_SSP1CON2bits                                             (abs)        000F97
_SSP1DATPPS                                               (abs)        000EB8
_SSP1STAT                                                 (abs)        000F95
_SYSTEM_Initialize                                        text92       00993C
_SaveNVM_VarSystem                                        text131      00980A
_Segments_Set                                             text190      009FB2
_SetSegmentValue                                          text91       009E1E
_SetSegmentValueIntermitent                               text49       00996A
_SetSegmentValueIntermitentMain                           text52       009F22
_SetSegmentValueLearn                                     text15       00779E
_SetSegmentValueMain                                      text12       009DEA
_ShowVersion                                              text90       008E6A
_StateTRIAC                                               bssBANK1     000194
_StopOrder                                                text37       009D60
_SumEnergyADCHist_array                                   bssBANK2     000260
_T0CON0                                                   (abs)        000FD5
_T0CON1                                                   (abs)        000FD6
_T1CLK                                                    (abs)        000FD2
_T1CON                                                    (abs)        000FCF
_T1CONbits                                                (abs)        000FCF
_T1GATE                                                   (abs)        000FD1
_T1GCON                                                   (abs)        000FD0
_T2CLKCON                                                 (abs)        000FBF
_T2CON                                                    (abs)        000FBD
_T2HLT                                                    (abs)        000FBE
_T2PR                                                     (abs)        000FBC
_T2RST                                                    (abs)        000FC0
_T2TMR                                                    (abs)        000FBB
_TMR0H                                                    (abs)        000FD4
_TMR0IE                                                   (abs)        007615
_TMR0IF                                                   (abs)        007655
_TMR0L                                                    (abs)        000FD3
_TMR0_DefaultInterruptHandler                             text204      00A0EE
_TMR0_ISR                                                 text202      009C68
_TMR0_Initialize                                          text98       009CFA
_TMR0_InterruptHandler                                    nvBANK2      0002E3
_TMR0_SetInterruptHandler                                 text99       009FDC
_TMR1H                                                    (abs)        000FCE
_TMR1L                                                    (abs)        000FCD
_TMR1_DefaultInterruptHandler                             text201      00A0EC
_TMR1_ISR                                                 text196      009754
_TMR1_Initialize                                          text96       009652
_TMR1_InterruptHandler                                    nvBANK2      0002DF
_TMR1_SetInterruptHandler                                 text97       009FD2
_TMR1_WriteTimer                                          text200      009DB4
_TMR2_DefaultInterruptHandler                             text193      00A0EA
_TMR2_ISR                                                 text188      006D84
_TMR2_Initialize                                          text94       0099C2
_TMR2_InterruptHandler                                    nvBANK2      0002DD
_TMR2_SetInterruptHandler                                 text95       009FC8
_TRISA                                                    (abs)        000F88
_TRISB                                                    (abs)        000F89
_TRISC                                                    (abs)        000F8A
_TRISD                                                    (abs)        000F8B
_TRISE                                                    (abs)        000F8C
_TX1REG                                                   (abs)        000F9A
_TX1STA                                                   (abs)        000F9E
_VerifyElectricalBrake                                    text114      008990
_VerifyFollowMe                                           text31       009CB4
_WDTCON0                                                  (abs)        000ED2
_WDTCON0bits                                              (abs)        000ED2
_WDTCON1                                                  (abs)        000ED3
_WPUA                                                     (abs)        000F10
_WPUB                                                     (abs)        000F18
_WPUC                                                     (abs)        000F20
_WPUD                                                     (abs)        000F25
_WPUE                                                     (abs)        000F2D
_WWDT_Initialize                                          text93       009FBE
_WWDT_SoftEnable                                          text89       00A0BC
_WWDT_TimerClear                                          text88       009D7C
_WaitPreFlash                                             text40       008B6A
__HRAM                                                    (abs)        000000
__Habs1                                                   abs1         000000
__Hbank0                                                  bank0        000000
__Hbank1                                                  bank1        000000
__Hbank10                                                 bank10       000000
__Hbank11                                                 bank11       000000
__Hbank12                                                 bank12       000000
__Hbank13                                                 bank13       000000
__Hbank14                                                 bank14       000000
__Hbank2                                                  bank2        000000
__Hbank3                                                  bank3        000000
__Hbank4                                                  bank4        000000
__Hbank5                                                  bank5        000000
__Hbank6                                                  bank6        000000
__Hbank7                                                  bank7        000000
__Hbank8                                                  bank8        000000
__Hbank9                                                  bank9        000000
__Hbigbss                                                 bigbss       000000
__Hbigdata                                                bigdata      000000
__Hbigram                                                 bigram       000000
[...]
rdBlkRegCompleteHandler@i2c1_master_example$F535@ptr      cstackCOMRAM 000019
rdBlkRegCompleteHandler@p                                 cstackCOMRAM 000019
readRFButtons@key1                                        bssBANK0     000088
readRFButtons@keyType                                     bssBANK0     000087
readRFButtons@rollingCode                                 bssBANK1     000187
readRFButtons@serial                                      bssBANK1     000181
readRFButtons@typeRemote                                  bssBANK1     00019B
read_eusartparser@package                                 cstackCOMRAM 000018
read_package@package                                      cstackCOMRAM 000018
readbutton@key1                                           bssBANK0     000086
readbutton@key2                                           bssBANK1     00019A
refreshADCZeroOffset@i                                    cstackCOMRAM 000017
refreshADCZeroOffset@media                                cstackCOMRAM 000018
saveEnergyADCHist@valueToSave                             cstackCOMRAM 000010
saveNewSerial@cmdType                                     cstackCOMRAM 00003A
saveNewSerial@position                                    cstackBANK0  0000DC
saveNewSerial@tempSerial                                  cstackBANK0  0000D8
setFlashLigth_ON@Freq                                     cstackCOMRAM 000010
setRGB_ON@Freq                                            cstackCOMRAM 000011
setRGB_ON@RGBLigth                                        cstackCOMRAM 000015
setValueToEdit@ParameterSelected                          cstackCOMRAM 00003A
setValueToEdit@haveValueToEdit                            cstackBANK0  0000E1
setValueToEdit@menuType                                   cstackBANK0  0000DE
setValueToEdit@posindex                                   cstackBANK0  0000DF
setValueToEdit@posindex_6980                              cstackBANK0  0000E0
setValueToEdit@value                                      bssBANK1     0001FC
sm_execute_ControlGate@psm                                cstackBANK0  0000E7
sm_execute_ControlGate@typeOpenOrder                      cstackBANK0  0000EB
sm_execute_ControlLearning@psm                            cstackBANK0  0000DC
sm_execute_ControlLearning@typeOpenOrder                  cstackCOMRAM 00003A
sm_execute_main@psm                                       cstackBANK0  0000ED
sm_execute_menuConfiguration@psm                          cstackBANK0  0000E9
sm_get_current_state@psm                                  cstackCOMRAM 000010
sm_init@hist_mode                                         cstackCOMRAM 000016
sm_init@initial_state                                     cstackCOMRAM 000014
sm_init@psm                                               cstackCOMRAM 000012
sm_restart@psm                                            cstackCOMRAM 000010
sm_send_event@event                                       cstackCOMRAM 000014
sm_send_event@psm                                         cstackCOMRAM 000012
stackhi                                                   (abs)        000000
stacklo                                                   (abs)        000000
start                                                     init         00009C
start_initialization                                      cinit        007E64
sumEnergyADC@auxValue                                     cstackCOMRAM 000016
sumEnergyADC@i                                            cstackCOMRAM 000018
sumEnergyADC@sumE                                         cstackCOMRAM 000014
sumHIST@i                                                 cstackCOMRAM 000020
sumHIST@max                                               cstackCOMRAM 000018
sumHIST@min                                               cstackCOMRAM 00001A
sumHIST@sumH                                              cstackCOMRAM 00001C
ttemp5                                                    temp         000051
ttemp6                                                    temp         000054
ttemp7                                                    temp         000058
updateChangesToUart@i                                     cstackCOMRAM 00001C
updateChangesToUart@package                               cstackCOMRAM 00001D
validateRemoteSerialNumber@VerifyOnlySerial               cstackCOMRAM 000032
validateRemoteSerialNumber@i                              cstackCOMRAM 00003A
validateRemoteSerialNumber@j                              cstackCOMRAM 000039
validateRemoteSerialNumber@mask                           cstackCOMRAM 000035
validateRemoteSerialNumber@position                       cstackCOMRAM 000033
validateRemoteSerialNumber@serial                         cstackCOMRAM 00002E
verifyProgramingMode@classic_data                         cstackCOMRAM 000010
wr1RegCompleteHandler@i2c1_master_example$F517@ptr        cstackCOMRAM 000019
wr1RegCompleteHandler@p                                   cstackCOMRAM 000019
wr2RegCompleteHandler@i2c1_master_example$F523@ptr        cstackCOMRAM 000019
wr2RegCompleteHandler@p                                   cstackCOMRAM 000019
write_eusartparser@debug                                  cstackCOMRAM 00001F
write_eusartparser@debug2                                 cstackCOMRAM 000021
write_eusartparser@package                                cstackCOMRAM 000010
write_package@package                                     cstackCOMRAM 000011
wtemp8                                                    temp         000051


MODULE INFORMATION

Module		Function		Class		Link	Load	Size
controlMemory_MC50.c
		_SaveNVM_VarSystem		CODE           	980A	0000	56
		_validateRemoteSerialNumber		CODE           	6298	0000	412
		_checkNVM_VarSystem		CODE           	60F8	0000	416
		_saveNewSerial 		CODE           	8BDA	0000	112
		_ReadSerial    		CODE           	8C4A	0000	112
		_ControlCounterMoves		CODE           	915C	0000	90
		_ResetDefaultMemory		CODE           	68FE	0000	394
		_RemoveSerial  		CODE           	879C	0000	128
		_loadNVM_VarSystem		CODE           	7000	0000	302
		_cmdMemoryIsEmpty		CODE           	823C	0000	146

controlMemory_MC50.c estimated size: 2168

sm_ControlGate_MC50.c
		_setPositionInvertionInOpening		CODE           	7A7C	0000	220
		_WaitPreFlash  		CODE           	8B6A	0000	112
		_actionZone_Opened		CODE           	5B70	0000	494
		_actionZone_Closed		CODE           	7F14	0000	170
		_InitFullAutoTime		CODE           	9E04	0000	26
		_InitSoftStop  		CODE           	94F2	0000	74
		_InitWalkAutoTime		CODE           	9F0E	0000	20
		_StopOrder     		CODE           	9D60	0000	28
		_InitSoftStart 		CODE           	904A	0000	92
		_actionZone_Opening		CODE           	5292	0000	596
		_actionZone_Closing		CODE           	4D90	0000	652
		_VerifyFollowMe		CODE           	9CB4	0000	36
		_sm_execute_ControlGate		CODE           	442A	0000	844
		_CloseOrder    		CODE           	9BF6	0000	38
		_setPositionInvertionInClosing		CODE           	712E	0000	296
		_OpenFullOrder 		CODE           	9C1C	0000	38
		_OpenWalkOrder 		CODE           	8CBA	0000	110

sm_ControlGate_MC50.c estimated size: 3846

mcc_generated_files/examples/i2c1_master_example.c
		_rdBlkRegCompleteHandler@i2c1_master_example$F535		CODE           	96D4	0000	64
		_rd1RegCompleteHandler@i2c1_master_example$F500		CODE           	9A72	0000	44
		_rd2RegCompleteHandler@i2c1_master_example$F511		CODE           	9A46	0000	44
		_wr1RegCompleteHandler@i2c1_master_example$F517		CODE           	9A1A	0000	44
		_wr2RegCompleteHandler@i2c1_master_example$F523		CODE           	9B4E	0000	44
		_I2C1_Read1ByteRegister		CODE           	90A6	0000	92

mcc_generated_files/examples/i2c1_master_example.c estimated size: 332

controlCurrent_MC50.c
		_refreshADCZeroOffset		CODE           	76A0	0000	254
		_getCurrentComparator		CODE           	6434	0000	410
		_ControlCurrent		CODE           	6C10	0000	372
		_refreshCurrent		CODE           	9584	0000	70
		_ReadADC       		CODE           	92BA	0000	86
		_sumEnergyADC  		CODE           	83EA	0000	140
		_sumHIST       		CODE           	789A	0000	250
		_saveEnergyADCHist		CODE           	9BCE	0000	40

controlCurrent_MC50.c estimated size: 1622

sm_Main_MC50.c
		_sm_execute_main		CODE           	3B36	0000	1298

sm_Main_MC50.c estimated size: 1298

outputs_MC50.c
		_getTimeDecelaration		CODE           	7994	0000	232
		_Segments_Set  		CODE           	9FB2	0000	12
		_ControlMotor  		CODE           	54E6	0000	586
		_SetSegmentValueMain		CODE           	9DEA	0000	26
		_GetMotorPower 		CODE           	7C24	0000	198
		_ControlLights 		CODE           	4776	0000	804
		_RGB_Set       		CODE           	9F7C	0000	14
		_refreshSegment		CODE           	858C	0000	134
		_setFlashLigth_ON		CODE           	9794	0000	60
		_getStateOpenPosition		CODE           	737A	0000	272
		_controlMotorForce		CODE           	5730	0000	546
		_SetSegmentValueIntermitent		CODE           	996A	0000	44
		_SetSegmentValueLearn		CODE           	779E	0000	252
		_SetSegmentValue		CODE           	9E1E	0000	26
		_VerifyElectricalBrake		CODE           	8990	0000	120
		_SetSegmentValueIntermitentMain		CODE           	9F22	0000	20
		_setRGB_ON     		CODE           	82CE	0000	144
		_controlVelocity		CODE           	5952	0000	542
		_ControlDecelarationFactor		CODE           	9E52	0000	24

outputs_MC50.c estimated size: 4056

mcc_generated_files/i2c1_master.c
		_I2C1_DO_SEND_RESTART		CODE           	A066	0000	8
		_I2C1_DO_TX_EMPTY		CODE           	8F90	0000	94
		_I2C1_DO_SEND_RESTART_READ		CODE           	A076	0000	8
		_I2C1_CallbackReturnStop		CODE           	A0D0	0000	4
		_I2C1_DO_RX    		CODE           	8916	0000	122
		_I2C1_DO_TX    		CODE           	8476	0000	140
		_I2C1_SetAddressNackCallback		CODE           	9E9A	0000	24
		_I2C1_DO_IDLE  		CODE           	A02C	0000	10
		_I2C1_MasterOpen		CODE           	9EB2	0000	24
		_I2C1_DO_RCEN  		CODE           	A022	0000	10
		_I2C1_MasterSendTxData		CODE           	A07E	0000	8
		_I2C1_MasterStop		CODE           	A0D4	0000	4
		_I2C1_CallbackReturnReset		CODE           	A0CC	0000	4
		_I2C1_DO_RESET 		CODE           	A018	0000	10
		_I2C1_MasterStartRx		CODE           	A0C8	0000	4
		_I2C1_Poller   		CODE           	9F6C	0000	16
		_I2C1_DO_RX_ACK		CODE           	A056	0000	8
		_I2C1_MasterWaitForEvent		CODE           	A03E	0000	8
		_I2C1_MasterSendNack		CODE           	A0A4	0000	6
		_I2C1_DO_RX_NACK_RESTART		CODE           	A046	0000	8
		_I2C1_MasterDisableIrq		CODE           	A0E0	0000	4
		_I2C1_MasterOperation		CODE           	99EE	0000	44
		_I2C1_SetCallback		CODE           	8D28	0000	110
		_I2C1_MasterEnableRestart		CODE           	A0D8	0000	4
		_I2C1_Open     		CODE           	8696	0000	132
		_I2C1_DO_ADDRESS_NACK		CODE           	94A4	0000	78
		_I2C1_SetBuffer		CODE           	9E38	0000	26
		_I2C1_DO_SEND_RESTART_WRITE		CODE           	A06E	0000	8
		_I2C1_MasterClose		CODE           	A0E4	0000	4
		_I2C1_MasterWrite		CODE           	A036	0000	8
		_I2C1_Initialize		CODE           	9F36	0000	20
		_I2C1_Close    		CODE           	9D1C	0000	34
		_I2C1_MasterIsNack		CODE           	9FA6	0000	12
		_I2C1_MasterStart		CODE           	A0DC	0000	4
		_I2C1_DO_SEND_ADR_WRITE		CODE           	9F8A	0000	14
		_I2C1_MasterClearIrq		CODE           	A0AA	0000	6
		_I2C1_SetDataCompleteCallback		CODE           	9ECA	0000	24
		_I2C1_DO_SEND_STOP		CODE           	A05E	0000	8
		_I2C1_MasterSendAck		CODE           	A09E	0000	6
		_I2C1_MasterFsm		CODE           	9310	0000	84
		_I2C1_MasterGetRxData		CODE           	A0C4	0000	4
		_I2C1_MasterSetIrq		CODE           	A098	0000	6
		_I2C1_DO_SEND_ADR_READ		CODE           	9F98	0000	14
		_I2C1_DO_RX_NACK_STOP		CODE           	A04E	0000	8

mcc_generated_files/i2c1_master.c estimated size: 1182

eusartparser.c
		_read_eusartparser		CODE           	2988	0000	1752
		_confirmpackage		CODE           	9102	0000	90
		_write_eusartparser		CODE           	3060	0000	1444
		_eusartparser  		CODE           	0F22	0000	2534
		_updateChangesToUart		CODE           	8F32	0000	94

eusartparser.c estimated size: 5914

mcc_generated_files/tmr2.c
		_TMR2_ISR      		CODE           	6D84	0000	334
		_TMR2_Initialize		CODE           	99C2	0000	44
		_TMR2_SetInterruptHandler		CODE           	9FC8	0000	10
		_TMR2_DefaultInterruptHandler		CODE           	A0EA	0000	2

mcc_generated_files/tmr2.c estimated size: 390

mcc_generated_files/interrupt_manager.c
		_INTERRUPT_Initialize		CODE           	A0C0	0000	4
		_INTERRUPT_InterruptManager		CODE           	0008	0000	148

mcc_generated_files/interrupt_manager.c estimated size: 152

C:\Program Files\Microchip\xc8\v2.36\pic\sources\c99\common\Umul32.c
		___lmul        		CODE           	9264	0000	86

C:\Program Files\Microchip\xc8\v2.36\pic\sources\c99\common\Umul32.c estimated size: 86

inputs_MC50.c
		_ControlInputs 		CODE           	7256	0000	292
		_readbutton    		CODE           	8D96	0000	108
		_ClearFlag_rfCMD		CODE           	A092	0000	6
		_getSerialCmd  		CODE           	9456	0000	78
		_rxi           		CODE           	501C	0000	630
		_GetSecurityStateInClosing		CODE           	7FBE	0000	166
		_getTypeRemote 		CODE           	A08C	0000	6
		_GetOpenOrder  		CODE           	5F30	0000	456
		_readInputs    		CODE           	7598	0000	264
		_InitReceiver  		CODE           	9DD0	0000	26
		_GetSecurityStateInOpening		CODE           	8064	0000	166
		_getKeyPressed 		CODE           	9E82	0000	24
		_readRFButtons 		CODE           	6768	0000	406

inputs_MC50.c estimated size: 2628

mcc_generated_files/tmr0.c
		_TMR0_SetInterruptHandler		CODE           	9FDC	0000	10
		_TMR0_DefaultInterruptHandler		CODE           	A0EE	0000	2
		_TMR0_ISR      		CODE           	9C68	0000	38
		_TMR0_Initialize		CODE           	9CFA	0000	34

mcc_generated_files/tmr0.c estimated size: 84

sm_MenuConfiguration_MC50.c
		_load_New_Menu 		CODE           	4A9A	0000	758
		_sm_execute_menuConfiguration		CODE           	1908	0000	2408
		_controlSelectRemote		CODE           	4048	0000	994
		_setValueToEdit		CODE           	3604	0000	1330
		_controlSaveRemote		CODE           	7DB0	0000	180
		_controlLearnDigit		CODE           	990C	0000	48

sm_MenuConfiguration_MC50.c estimated size: 5718

mcc_generated_files/pin_manager.c
		_PIN_MANAGER_Initialize		CODE           	81A4	0000	152

mcc_generated_files/pin_manager.c estimated size: 152

main_MC50.c
		_decrementTimeslot		CODE           	9BA4	0000	42
		_ShowVersion   		CODE           	8E6A	0000	102
		_main          		CODE           	6A88	0000	392
		_controlTimeslots		CODE           	65CE	0000	410

main_MC50.c estimated size: 946

C:\Program Files\Microchip\xc8\v2.36\pic\sources\c99\common\__lldiv.c
		___lldiv       		CODE           	871A	0000	130

C:\Program Files\Microchip\xc8\v2.36\pic\sources\c99\common\__lldiv.c estimated size: 130

mcc_generated_files/drivers/i2c_simple_master.c
		_i2c_readDataBlock		CODE           	8A80	0000	118
		_wr1RegCompleteHandler		CODE           	9B22	0000	44
		_wr2RegCompleteHandler		CODE           	9A9E	0000	44
		_i2c_writeNBytes		CODE           	8AF6	0000	116
		_rdBlkRegCompleteHandler		CODE           	9714	0000	64
		_rd1RegCompleteHandler		CODE           	9AF6	0000	44
		_rd2RegCompleteHandler		CODE           	9ACA	0000	44

mcc_generated_files/drivers/i2c_simple_master.c estimated size: 474

C:\Program Files\Microchip\xc8\v2.36\pic\sources\c99\common\lwdiv.c
		___lwdiv       		CODE           	9364	0000	82

C:\Program Files\Microchip\xc8\v2.36\pic\sources\c99\common\lwdiv.c estimated size: 82

C:\Program Files\Microchip\xc8\v2.36\pic\sources\c99\common\awdiv.c
		___awdiv       		CODE           	8612	0000	132

C:\Program Files\Microchip\xc8\v2.36\pic\sources\c99\common\awdiv.c estimated size: 132

C:\Program Files\Microchip\xc8\v2.36\pic\sources\c99\common\lbmod.c
		___lbmod       		CODE           	9B7A	0000	42

C:\Program Files\Microchip\xc8\v2.36\pic\sources\c99\common\lbmod.c estimated size: 42

shared
		i2_VerifyElectricalBrake		CODE           	8A08	0000	120
		__initialization		CODE           	7E64	0000	166
		_i2c1_fsmStateTable		SMALLCONST     	0F01	0000	32
		i2_GetMotorPower		CODE           	7CEA	0000	198

shared estimated size: 516

mcc_generated_files/eusart1.c
		_EUSART1_SetRxInterruptHandler		CODE           	9FF0	0000	10
		_EUSART1_SetTxInterruptHandler		CODE           	9FE6	0000	10
		_EUSART1_is_rx_ready		CODE           	9F5C	0000	16
		_EUSART1_Initialize		CODE           	881C	0000	126
		_EUSART1_DefaultErrorHandler		CODE           	A0B6	0000	6
		_EUSART1_SetFramingErrorHandler		CODE           	A004	0000	10
		_EUSART1_Read  		CODE           	953C	0000	72
		_EUSART1_SetOverrunErrorHandler		CODE           	9FFA	0000	10
		_EUSART1_SetErrorHandler		CODE           	A00E	0000	10
		_EUSART1_Write 		CODE           	9694	0000	64
		_EUSART1_Receive_ISR		CODE           	810A	0000	154
		_EUSART1_RxDataHandler		CODE           	9D3E	0000	34
		_EUSART1_DefaultOverrunErrorHandler		CODE           	A0B0	0000	6
		_EUSART1_Transmit_ISR		CODE           	98DA	0000	50
		_EUSART1_DefaultFramingErrorHandler		CODE           	A0F0	0000	2

mcc_generated_files/eusart1.c estimated size: 580

mcc_generated_files/mcc.c
		_WWDT_TimerClear		CODE           	9D7C	0000	28
		_PMD_Initialize		CODE           	9D98	0000	28
		_OSCILLATOR_Initialize		CODE           	9EE2	0000	22
		_SYSTEM_Initialize		CODE           	993C	0000	46
		_WWDT_Initialize		CODE           	9FBE	0000	10
		_WWDT_SoftEnable		CODE           	A0BC	0000	4

mcc_generated_files/mcc.c estimated size: 138

sm_common_MC50.c
		_sm_restart    		CODE           	95CA	0000	68
		_sm_get_current_state		CODE           	9F4A	0000	18
		_sm_init       		CODE           	920E	0000	86
		_sm_send_event 		CODE           	8FEE	0000	92

sm_common_MC50.c estimated size: 264

mcc_generated_files/tmr1.c
		_TMR1_Initialize		CODE           	9652	0000	66
		_TMR1_SetInterruptHandler		CODE           	9FD2	0000	10
		_TMR1_DefaultInterruptHandler		CODE           	A0EC	0000	2
		_TMR1_WriteTimer		CODE           	9DB4	0000	28
		_TMR1_ISR      		CODE           	9754	0000	64

mcc_generated_files/tmr1.c estimated size: 170

eusartpackage.c
		_write_package 		CODE           	9996	0000	44
		_init_package  		CODE           	98A8	0000	50
		_read_package  		CODE           	93B6	0000	80

eusartpackage.c estimated size: 174

keeloqDecrypt_MC50.c
		_NormalKeyGen  		CODE           	748A	0000	270
		_keeloqDecryptPacket		CODE           	5D5E	0000	466
		_DecCHK        		CODE           	9876	0000	50
		_Decrypt       		CODE           	7B58	0000	204
		_ReqResync     		CODE           	9E6A	0000	24
		_getHopCode    		CODE           	6ED2	0000	302
		_LoadManufCode 		CODE           	9CD8	0000	34
		_keeloq_classic_decrypt_packet		CODE           	91B6	0000	88
		_DecryptPacket_12BIT		CODE           	835E	0000	140
		_verifyProgramingMode		CODE           	9842	0000	52
		_HopCHK        		CODE           	8502	0000	138

keeloqDecrypt_MC50.c estimated size: 1768

mcc_generated_files/adcc.c
		_ADCC_GetSingleConversion		CODE           	9EF8	0000	22
		_ADCC_Initialize		CODE           	9406	0000	80

mcc_generated_files/adcc.c estimated size: 102

C:\Program Files\Microchip\xc8\v2.36\pic\sources\c99\common\memcpy.c
		_memcpy        		CODE           	960E	0000	68

C:\Program Files\Microchip\xc8\v2.36\pic\sources\c99\common\memcpy.c estimated size: 68

C:\Program Files\Microchip\xc8\v2.36\pic\sources\c99\common\Umul16.c
		___wmul        		CODE           	9C42	0000	38

C:\Program Files\Microchip\xc8\v2.36\pic\sources\c99\common\Umul16.c estimated size: 38

C:\Program Files\Microchip\xc8\v2.36\pic\sources\c99\common\lbdiv.c
		___lbdiv       		CODE           	97D0	0000	58

C:\Program Files\Microchip\xc8\v2.36\pic\sources\c99\common\lbdiv.c estimated size: 58

sm_ControlLearning_MC50.c
		_sm_execute_ControlLearning		CODE           	2270	0000	1816
		_calculateMean 		CODE           	8ED0	0000	98
		_generateErrorLearnig		CODE           	8E02	0000	104
		_clearLearningValue		CODE           	889A	0000	124

sm_ControlLearning_MC50.c estimated size: 2142

