Microchip MPLAB XC8 Compiler V2.36

Linker command line:

-W-3 --edf=C:\Program Files\Microchip\xc8\v2.36\pic\dat\en_msgs.txt -cn \
  -h+dist/default/production\MC50UNI.V.0.2.3.X.production.sym \
  --cmf=dist/default/production\MC50UNI.V.0.2.3.X.production.cmf -z \
  -Q18F46K40 -oC:\Users\RAFAEL~1\AppData\Local\Temp\xcAs2fc.4 \
  --defsym=__MPLAB_BUILD=1 \
  -Mdist/default/production/MC50UNI.V.0.2.3.X.production.map \
  --md=C:\Users\RAFAEL~1\AppData\Local\Temp\xcAs2fc.dat -E1 \
  -ver=XC8 Compiler --acfsm=1493 -ACODE=00h-0FFFFh -ACONST=00h-0FFFFh \
  -ASMALLCONST=0F00h-0FFFhx241 -AMEDIUMCONST=0F00h-0FFFFh -ACOMRAM=01h-05Fh \
  -AABS1=00h-0E87h -ABIGRAM=01h-0E87h \
  -ARAM=060h-0FFh,0100h-01FFhx13,0E00h-0E87h -ABANK0=060h-0FFh \
  -ABANK1=0100h-01FFh -ABANK2=0200h-02FFh -ABANK3=0300h-03FFh \
  -ABANK4=0400h-04FFh -ABANK5=0500h-05FFh -ABANK6=0600h-06FFh \
  -ABANK7=0700h-07FFh -ABANK8=0800h-08FFh -ABANK9=0900h-09FFh \
  -ABANK10=0A00h-0AFFh -ABANK11=0B00h-0BFFh -ABANK12=0C00h-0CFFh \
  -ABANK13=0D00h-0DFFh -ABANK14=0E00h-0E87h \
  -ASFR=0E8Dh-0EFFh,0F00h-0F5Fh,0F60h-0FFFh -ABIGSFR=0E8Dh-0FFFh \
  -ACONFIG=0300000h-030000Bh -AIDLOC=0200000h-020000Fh \
  -AEEDATA=0310000h-03103FFh -peeprom_data=EEDATA \
  -preset_vec=00h,intcode=08h,intcodelo,powerup,init -pramtop=0F00h \
  -psmallconst=SMALLCONST -pmediumconst=MEDIUMCONST -pconst=CONST \
  -AFARRAM=00h-00h \
  -prdata=COMRAM,nvrram=COMRAM,nvbit=COMRAM,rbss=COMRAM,rbit=COMRAM \
  -pfarbss=FARRAM,fardata=FARRAM,nvFARRAM=FARRAM \
  -pintsave_regs=BIGRAM,bigbss=BIGRAM,bigdata=BIGRAM -pbss=RAM \
  -pidata=CODE,irdata=CODE,ibigdata=CODE,ifardata=CODE -prparam=COMRAM \
  C:\Users\RAFAEL~1\AppData\Local\Temp\xcAs2fc.o \
  dist/default/production\MC50UNI.V.0.2.3.X.production.o 

Object code version is 3.11

Machine type is 18F46K40



                Name                               Link     Load   Length Selector   Space Scale
C:\Users\RAFAEL~1\AppData\Local\Temp\xcAs2fc.o
                idloc                            200000   200000       10        0       5
                config                           300000   300000        C        0       4
                init                                 9C       9C        4        4       0
                reset_vec                             0        0        4        0       0
dist/default/production\MC50UNI.V.0.2.3.X.production.o
                intcode                               8        8       94        4       0
                idloc                            200000   200000       10        0       5
                config                           300000   300000        C        0       4
                temp                                 50       50        1        1       1
                smallconst                          F00      F00       22      780       0
                text206                            8FA2     8FA2       22     478C       0
                text205                            9314     9314        6     478C       0
                text204                            9356     9356        2     4990       0
                text203                            930E     930E        6     478C       0
                text202                            74C8     74C8       9A      791       0
                text201                            8B3E     8B3E       32      791       0
                text200                            9354     9354        2     4990       0
                text199                            4284     4284      276      791       0
                text198                            8ECC     8ECC       26      791       0
                text197                            9352     9352        2     4990       0
                text196                            9018     9018       1C     478C       0
                text195                            70A2     70A2       C6      791       0
                text194                            7DC6     7DC6       78      791       0
                text193                            4998     4998      222      791       0
                text192                            89EA     89EA       40      791       0
                text191                            915C     915C       16     478C       0
                text190                            8550     8550       56      791       0
                text189                            9350     9350        2     4990       0
                text188                            8E08     8E08       2A      791       0
                text187                            5836     5836      19A      791       0
                text186                            9216     9216        C     478C       0
                text185                            794A     794A       86      791       0
                text184                            613C     613C      14E      791       0
                text182                            9308     9308        6     478C       0
                text181                            9348     9348        4     4990       0
                text180                            9344     9344        4     4990       0
                text179                            8F80     8F80       22     478C       0
                text178                            9340     9340        4     4990       0
                text177                            933C     933C        4     4990       0
                text176                            9338     9338        4     4990       0
                text175                            909C     909C       1A     478C       0
                text174                            8076     8076       6E      791       0
                text173                            912E     912E       18     478C       0
                text172                            8DB2     8DB2       2C      791       0
                text171                            8D86     8D86       2C      791       0
                text170                            8D5A     8D5A       2C      791       0
                text169                            8D2E     8D2E       2C      791       0
                text168                            8D02     8D02       2C      791       0
                text167                            89AA     89AA       40      791       0
                text166                            8CD6     8CD6       2C      791       0
                text165                            8CAA     8CAA       2C      791       0
                text164                            8C7E     8C7E       2C      791       0
                text163                            896A     896A       40      791       0
                text162                            9334     9334        4     4990       0
                text161                            9330     9330        4     4990       0
                text160                            932C     932C        4     4990       0
                text159                            9302     9302        6     478C       0
                text158                            9328     9328        4     4990       0
                text157                            92FC     92FC        6     478C       0
                text156                            92E2     92E2        8     478C       0
                text155                            920A     920A        C     478C       0
                text154                            92F6     92F6        6     478C       0
                text153                            8280     8280       5E      791       0
                text152                            9290     9290        A     478C       0
                text151                            91FC     91FC        E     478C       0
                text150                            91EE     91EE        E     478C       0
                text149                            7834     7834       8C      791       0
                text148                            7CD4     7CD4       7A      791       0
                text147                            9286     9286        A     478C       0
                text146                            92DA     92DA        8     478C       0
                text145                            92D2     92D2        8     478C       0
                text144                            92CA     92CA        8     478C       0
                text143                            92C2     92C2        8     478C       0
                text142                            92BA     92BA        8     478C       0
                text141                            92B2     92B2        8     478C       0
                text140                            92AA     92AA        8     478C       0
                text139                            927C     927C        A     478C       0
                text138                            873A     873A       4E      791       0
                text137                            85A6     85A6       54      791       0
                text136                            92A2     92A2        8     478C       0
                text135                            91D0     91D0       10     478C       0
                text134                            8C52     8C52       2C      791       0
                text133                            929A     929A        8     478C       0
                text132                            9116     9116       18     478C       0
                text131                            7A54     7A54       84      791       0
                text130                            90FE     90FE       18     478C       0
                text129                            88A4     88A4       44      791       0
                text128                            7EB4     7EB4       74      791       0
                text127                            8AA0     8AA0       38      791       0
                text126                            83F2     83F2       5A      791       0
                text125                            6FDC     6FDC       C6      791       0
                text124                            8EA6     8EA6       26      791       0
                text123                            569C     569C      19A      791       0
                text122                            85FA     85FA       52      791       0
                text121                            6A58     6A58       FE      791       0
                text120                            8E32     8E32       28      791       0
                text119                            77A8     77A8       8C      791       0
                text118                            6C52     6C52       FA      791       0
                text117                            881A     881A       46      791       0
                text116                            5E72     5E72      174      791       0
                text115                            660E     660E      124      791       0
                text114                            8A2A     8A2A       3C      791       0
                text113                            91E0     91E0        E     478C       0
                text112                            768C     768C       90      791       0
                text111                            39DE     39DE      324      791       0
                text110                            7D4E     7D4E       78      791       0
                text109                            474E     474E      24A      791       0
                text108                            91C0     91C0       10     478C       0
                text107                            869C     869C       50      791       0
                text106                            9272     9272        A     478C       0
                text105                            9268     9268        A     478C       0
                text104                            925E     925E        A     478C       0
                text103                            9254     9254        A     478C       0
                text102                            924A     924A        A     478C       0
                text101                            7BDA     7BDA       7E      791       0
                text100                            919A     919A       14     478C       0
                text99                             9324     9324        4     4990       0
                text98                             9146     9146       16     478C       0
                text97                             7562     7562       98      791       0
                text96                             8FFC     8FFC       1C     478C       0
                text95                             9240     9240        A     478C       0
                text94                             8F5E     8F5E       22     478C       0
                text93                             9236     9236        A     478C       0
                text92                             88E8     88E8       42      791       0
                text91                             922C     922C        A     478C       0
                text90                             8C26     8C26       2C      791       0
                text89                             9222     9222        A     478C       0
                text88                             8BA0     8BA0       2E      791       0
                text87                             9082     9082       1A     478C       0
                text86                             81B8     81B8       66      791       0
                text85                             9320     9320        4     4990       0
                text84                             8FE0     8FE0       1C     478C       0
                text83                             892A     892A       40      791       0
                text82                             8BFA     8BFA       2C      791       0
                text81                             29A8     29A8      508      791       0
                text80                             2EB0     2EB0      424      791       0
                text79                             5FE6     5FE6      156      791       0
                text78                             90E6     90E6       18     478C       0
                text77                             8396     8396       5C      791       0
                text76                             5B66     5B66      18A      791       0
                text75                             5360     5360      1A0      791       0
                text74                             7E3E     7E3E       76      791       0
                text73                             63B8     63B8      12E      791       0
                text72                             6950     6950      108      791       0
                text71                             5500     5500      19C      791       0
                text70                             771C     771C       8C      791       0
                text69                             8B0C     8B0C       32      791       0
                text68                             90CE     90CE       18     478C       0
                text67                             628A     628A      12E      791       0
                text66                             78C0     78C0       8A      791       0
                text65                             6F10     6F10       CC      791       0
                text64                             8F3C     8F3C       22     478C       0
                text63                             6842     6842      10E      791       0
                text62                             844C     844C       58      791       0
                text61                             8AD8     8AD8       34      791       0
                text60                             4FC6     4FC6      1D2      791       0
                text59                             59D0     59D0      196      791       0
                text58                             87D2     87D2       48      791       0
                text57                             864C     864C       50      791       0
                text56                             80E4     80E4       6C      791       0
                text55                             9186     9186       14     478C       0
                text54                             8A66     8A66       3A      791       0
                text53                             5198     5198      1C8      791       0
                text52                             8BCE     8BCE       2C      791       0
                text51                             7422     7422       A6      791       0
                text50                             9172     9172       14     478C       0
                text49                             833A     833A       5C      791       0
                text48                             91AE     91AE       12     478C       0
                text47                             82DE     82DE       5C      791       0
                text46                             8008     8008       6E      791       0
                text45                             9068     9068       1A     478C       0
                text44                             8E80     8E80       26      791       0
                text43                             7F98     7F98       70      791       0
                text42                             72D2     72D2       AA      791       0
                text41                             737C     737C       A6      791       0
                text40                             8FC4     8FC4       1C     478C       0
                text39                             84FA     84FA       56      791       0
                text38                             6D4C     6D4C       E8      791       0
                text37                             64E6     64E6      128      791       0
                text36                             3FF8     3FF8      28C      791       0
                text35                             8E5A     8E5A       26      791       0
                text34                             8F18     8F18       24     478C       0
                text33                             4DD8     4DD8      1EE      791       0
                text32                             90B6     90B6       18     478C       0
                text31                             8788     8788       4A      791       0
                text30                             6732     6732      110      791       0
                text29                             4BBA     4BBA      21E      791       0
                text28                             6E34     6E34       DC      791       0
                text27                             44FA     44FA      254      791       0
                text26                             821E     821E       62      791       0
                text25                             7C58     7C58       7C      791       0
                text24                             8860     8860       44      791       0
                text23                             84A4     84A4       56      791       0
                text22                             8150     8150       68      791       0
                text21                             1886     1886      70E      791       0
                text20                             3694     3694      34A      791       0
                text19                             7AD8     7AD8       82      791       0
                text18                             6B56     6B56       FC      791       0
                text17                             8B70     8B70       30      791       0
                text16                             92F0     92F0        6     478C       0
                text15                             904E     904E       1A     478C       0
                text14                             79D0     79D0       84      791       0
                text13                             8DDE     8DDE       2A      791       0
                text12                             721E     721E       B4      791       0
                text11                             7B5A     7B5A       80      791       0
                text10                             75FA     75FA       92      791       0
                text9                              86EC     86EC       4E      791       0
                text8                              92EA     92EA        6     478C       0
                text7                              7F28     7F28       70      791       0
                text6                              32D4     32D4      3C0      791       0
                text5                              9034     9034       1A     478C       0
                text4                              3D02     3D02      2F6      791       0
                text3                              1F94     1F94      50C      791       0
                text2                               F22      F22      964      791       0
                text1                              24A0     24A0      508      791       0
                text0                              5CF0     5CF0      182      791       0
                cstackCOMRAM                          1        1       3A        1       1
                cstackBANK0                          D8       D8       20       60       1
                dataBANK3                           3D2      3D2       25      300       1
                bssBANK3                            300      300       D2      300       1
                dataBANK2                           2EF      2EF        2      200       1
                bssBANK2                            200      200       DD      200       1
                dataBANK1                           1F9      1F9        5      100       1
                bssBANK1                            100      100       F9      100       1
                dataBANK0                            F8       F8        2       60       1
                bssBANK0                             60       60       78       60       1
                bssCOMRAM                            3B       3B       15        1       1
                cinit                              7168     7168       B6      791       0
                nvBANK2                             2DD      2DD       12      200       1
                nvBANK1                             1FE      1FE        1      100       1
                idataBANK3                         8EF2     8EF2       25      791       0
                idataBANK2                         934E     934E        2     4990       0
                idataBANK1                         931A     931A        5     478C       0
                idataBANK0                         934C     934C        2     4990       0

TOTAL           Name                               Link     Load   Length     Space
        CLASS   CODE           
                intcode                               8        8       94         0
                init                                 9C       9C        4         0
                reset_vec                             0        0        4         0
                text206                            8FA2     8FA2       22         0
                text205                            9314     9314        6         0
                text204                            9356     9356        2         0
                text203                            930E     930E        6         0
                text202                            74C8     74C8       9A         0
                text201                            8B3E     8B3E       32         0
                text200                            9354     9354        2         0
                text199                            4284     4284      276         0
                text198                            8ECC     8ECC       26         0
                text197                            9352     9352        2         0
                text196                            9018     9018       1C         0
                text195                            70A2     70A2       C6         0
                text194                            7DC6     7DC6       78         0
                text193                            4998     4998      222         0
                text192                            89EA     89EA       40         0
                text191                            915C     915C       16         0
                text190                            8550     8550       56         0
                text189                            9350     9350        2         0
                text188                            8E08     8E08       2A         0
                text187                            5836     5836      19A         0
                text186                            9216     9216        C         0
                text185                            794A     794A       86         0
                text184                            613C     613C      14E         0
                text182                            9308     9308        6         0
                text181                            9348     9348        4         0
                text180                            9344     9344        4         0
                text179                            8F80     8F80       22         0
                text178                            9340     9340        4         0
                text177                            933C     933C        4         0
                text176                            9338     9338        4         0
                text175                            909C     909C       1A         0
                text174                            8076     8076       6E         0
                text173                            912E     912E       18         0
                text172                            8DB2     8DB2       2C         0
                text171                            8D86     8D86       2C         0
                text170                            8D5A     8D5A       2C         0
                text169                            8D2E     8D2E       2C         0
                text168                            8D02     8D02       2C         0
                text167                            89AA     89AA       40         0
                text166                            8CD6     8CD6       2C         0
                text165                            8CAA     8CAA       2C         0
                text164                            8C7E     8C7E       2C         0
                text163                            896A     896A       40         0
                text162                            9334     9334        4         0
                text161                            9330     9330        4         0
                text160                            932C     932C        4         0
                text159                            9302     9302        6         0
                text158                            9328     9328        4         0
                text157                            92FC     92FC        6         0
                text156                            92E2     92E2        8         0
                text155                            920A     920A        C         0
                text154                            92F6     92F6        6         0
                text153                            8280     8280       5E         0
                text152                            9290     9290        A         0
                text151                            91FC     91FC        E         0
                text150                            91EE     91EE        E         0
                text149                            7834     7834       8C         0
                text148                            7CD4     7CD4       7A         0
                text147                            9286     9286        A         0
                text146                            92DA     92DA        8         0
                text145                            92D2     92D2        8         0
                text144                            92CA     92CA        8         0
                text143                            92C2     92C2        8         0
                text142                            92BA     92BA        8         0
                text141                            92B2     92B2        8         0
                text140                            92AA     92AA        8         0
                text139                            927C     927C        A         0
                text138                            873A     873A       4E         0
                text137                            85A6     85A6       54         0
                text136                            92A2     92A2        8         0
                text135                            91D0     91D0       10         0
                text134                            8C52     8C52       2C         0
                text133                            929A     929A        8         0
                text132                            9116     9116       18         0
                text131                            7A54     7A54       84         0
                text130                            90FE     90FE       18         0
                text129                            88A4     88A4       44         0
                text128                            7EB4     7EB4       74         0
                text127                            8AA0     8AA0       38         0
                text126                            83F2     83F2       5A         0
                text125                            6FDC     6FDC       C6         0
                text124                            8EA6     8EA6       26         0
                text123                            569C     569C      19A         0
                text122                            85FA     85FA       52         0
                text121                            6A58     6A58       FE         0
                text120                            8E32     8E32       28         0
                text119                            77A8     77A8       8C         0
                text118                            6C52     6C52       FA         0
                text117                            881A     881A       46         0
                text116                            5E72     5E72      174         0
                text115                            660E     660E      124         0
                text114                            8A2A     8A2A       3C         0
                text113                            91E0     91E0        E         0
                text112                            768C     768C       90         0
                text111                            39DE     39DE      324         0
                text110                            7D4E     7D4E       78         0
                text109                            474E     474E      24A         0
                text108                            91C0     91C0       10         0
                text107                            869C     869C       50         0
                text106                            9272     9272        A         0
                text105                            9268     9268        A         0
                text104                            925E     925E        A         0
                text103                            9254     9254        A         0
                text102                            924A     924A        A         0
                text101                            7BDA     7BDA       7E         0
                text100                            919A     919A       14         0
                text99                             9324     9324        4         0
                text98                             9146     9146       16         0
                text97                             7562     7562       98         0
                text96                             8FFC     8FFC       1C         0
                text95                             9240     9240        A         0
                text94                             8F5E     8F5E       22         0
                text93                             9236     9236        A         0
                text92                             88E8     88E8       42         0
                text91                             922C     922C        A         0
                text90                             8C26     8C26       2C         0
                text89                             9222     9222        A         0
                text88                             8BA0     8BA0       2E         0
                text87                             9082     9082       1A         0
                text86                             81B8     81B8       66         0
                text85                             9320     9320        4         0
                text84                             8FE0     8FE0       1C         0
                text83                             892A     892A       40         0
                text82                             8BFA     8BFA       2C         0
                text81                             29A8     29A8      508         0
                text80                             2EB0     2EB0      424         0
                text79                             5FE6     5FE6      156         0
                text78                             90E6     90E6       18         0
                text77                             8396     8396       5C         0
                text76                             5B66     5B66      18A         0
                text75                             5360     5360      1A0         0
                text74                             7E3E     7E3E       76         0
                text73                             63B8     63B8      12E         0
                text72                             6950     6950      108         0
                text71                             5500     5500      19C         0
                text70                             771C     771C       8C         0
                text69                             8B0C     8B0C       32         0
                text68                             90CE     90CE       18         0
                text67                             628A     628A      12E         0
                text66                             78C0     78C0       8A         0
                text65                             6F10     6F10       CC         0
                text64                             8F3C     8F3C       22         0
                text63                             6842     6842      10E         0
                text62                             844C     844C       58         0
                text61                             8AD8     8AD8       34         0
                text60                             4FC6     4FC6      1D2         0
                text59                             59D0     59D0      196         0
                text58                             87D2     87D2       48         0
                text57                             864C     864C       50         0
                text56                             80E4     80E4       6C         0
                text55                             9186     9186       14         0
                text54                             8A66     8A66       3A         0
                text53                             5198     5198      1C8         0
                text52                             8BCE     8BCE       2C         0
                text51                             7422     7422       A6         0
                text50                             9172     9172       14         0
                text49                             833A     833A       5C         0
                text48                             91AE     91AE       12         0
                text47                             82DE     82DE       5C         0
                text46                             8008     8008       6E         0
                text45                             9068     9068       1A         0
                text44                             8E80     8E80       26         0
                text43                             7F98     7F98       70         0
                text42                             72D2     72D2       AA         0
                text41                             737C     737C       A6         0
                text40                             8FC4     8FC4       1C         0
                text39                             84FA     84FA       56         0
                text38                             6D4C     6D4C       E8         0
                text37                             64E6     64E6      128         0
                text36                             3FF8     3FF8      28C         0
                text35                             8E5A     8E5A       26         0
                text34                             8F18     8F18       24         0
                text33                             4DD8     4DD8      1EE         0
                text32                             90B6     90B6       18         0
                text31                             8788     8788       4A         0
                text30                             6732     6732      110         0
                text29                             4BBA     4BBA      21E         0
                text28                             6E34     6E34       DC         0
                text27                             44FA     44FA      254         0
                text26                             821E     821E       62         0
                text25                             7C58     7C58       7C         0
                text24                             8860     8860       44         0
                text23                             84A4     84A4       56         0
                text22                             8150     8150       68         0
                text21                             1886     1886      70E         0
                text20                             3694     3694      34A         0
                text19                             7AD8     7AD8       82         0
                text18                             6B56     6B56       FC         0
                text17                             8B70     8B70       30         0
                text16                             92F0     92F0        6         0
                text15                             904E     904E       1A         0
                text14                             79D0     79D0       84         0
                text13                             8DDE     8DDE       2A         0
                text12                             721E     721E       B4         0
                text11                             7B5A     7B5A       80         0
                text10                             75FA     75FA       92         0
                text9                              86EC     86EC       4E         0
                text8                              92EA     92EA        6         0
                text7                              7F28     7F28       70         0
                text6                              32D4     32D4      3C0         0
                text5                              9034     9034       1A         0
                text4                              3D02     3D02      2F6         0
                text3                              1F94     1F94      50C         0
                text2                               F22      F22      964         0
                text1                              24A0     24A0      508         0
                text0                              5CF0     5CF0      182         0
                cinit                              7168     7168       B6         0
                idataBANK3                         8EF2     8EF2       25         0
                idataBANK2                         934E     934E        2         0
                idataBANK1                         931A     931A        5         0
                idataBANK0                         934C     934C        2         0

        CLASS   CONST          

        CLASS   SMALLCONST     
                smallconst                          F00      F00       22         0

        CLASS   MEDIUMCONST    

        CLASS   COMRAM         
                temp                                 50       50        1         1
                cstackCOMRAM                          1        1       3A         1
                bssCOMRAM                            3B       3B       15         1

        CLASS   ABS1           

        CLASS   BIGRAM         

        CLASS   RAM            

        CLASS   BANK0          
                cstackBANK0                          D8       D8       20         1
                dataBANK0                            F8       F8        2         1
                bssBANK0                             60       60       78         1

        CLASS   BANK1          
                dataBANK1                           1F9      1F9        5         1
                bssBANK1                            100      100       F9         1
                nvBANK1                             1FE      1FE        1         1

        CLASS   BANK2          
                dataBANK2                           2EF      2EF        2         1
                bssBANK2                            200      200       DD         1
                nvBANK2                             2DD      2DD       12         1

        CLASS   BANK3          
                dataBANK3                           3D2      3D2       25         1
                bssBANK3                            300      300       D2         1

        CLASS   BANK4          

        CLASS   BANK5          

        CLASS   BANK6          

        CLASS   BANK7          

        CLASS   BANK8          

        CLASS   BANK9          

        CLASS   BANK10         

        CLASS   BANK11         

        CLASS   BANK12         

        CLASS   BANK13         

        CLASS   BANK14         

        CLASS   SFR            

        CLASS   BIGSFR         

        CLASS   CONFIG         
                config                           300000   300000        C         4

        CLASS   IDLOC          
                idloc                            200000   200000       10         5

        CLASS   EEDATA         

        CLASS   FARRAM         

        CLASS   HEAP           

        CLASS   STACK          



SEGMENTS        Name                           Load    Length   Top    Selector   Space  Class

                reset_vec                      000000  000004  000004         0       0  CODE    
                cstackCOMRAM                   000001  000050  000051         1       1  COMRAM  
                intcode                        000008  000098  0000A0         4       0  CODE    
                bssBANK0                       000060  00009A  0000FA        60       1  BANK0   
                bssBANK1                       000100  0000FF  0001FF       100       1  BANK1   
                bssBANK2                       000200  0000F1  0002F1       200       1  BANK2   
                bssBANK3                       000300  0000F7  0003F7       300       1  BANK3   
                smallconst                     000F00  000022  000F22       780       0  SMALLCON
                text2                          000F22  007FF5  008F17       791       0  CODE    
                text34                         008F18  000407  00931F      478C       0  CODE    
                text85                         009320  000038  009358      4990       0  CODE    


UNUSED ADDRESS RANGES

        Name                Unused          Largest block    Delta
        BANK0            0000FA-0000FF                6
        BANK1            0001FF-0001FF                1
        BANK10           000A00-000AFF              100
        BANK11           000B00-000BFF              100
        BANK12           000C00-000CFF              100
        BANK13           000D00-000DFF              100
        BANK14           000E00-000E87               88
        BANK2            0002F1-0002FF                F
        BANK3            0003F7-0003FF                9
        BANK4            000400-0004FF              100
        BANK5            000500-0005FF              100
        BANK6            000600-0006FF              100
        BANK7            000700-0007FF              100
        BANK8            000800-0008FF              100
        BANK9            000900-0009FF              100
        BIGRAM           000051-00005F                F
                         0000FA-0000FF                6
                         0001FF-0001FF                1
                         0002F1-0002FF                F
                         0003F7-000E87              A91
        BIGSFR           000E8D-000FFF              173
        CODE             000004-000007                4
                         0000A0-000EFF              E60
                         008F17-008F17                1
                         00931F-00931F                1
                         009358-00FFFF             6CA8
        COMRAM           000051-00005F                F
        CONST            000004-000007                4
                         0000A0-000EFF              E60
                         008F17-008F17                1
                         00931F-00931F                1
                         009358-00FFFF             6CA8
        EEDATA           310000-3103FF              400
        MEDIUMCONST      008F17-008F17                1
                         00931F-00931F                1
                         009358-00FFFF             6CA8
        RAM              0000FA-0000FF                6
                         0001FF-0001FF                1
                         0002F1-0002FF                F
                         0003F7-000E87              100
        SFR              000E8D-000FFF               73
        SMALLCONST       008F17-008F17                1
                         00931F-00931F                1
                         009358-00FFFF              100

                                  Symbol Table

?___awdiv                                                 cstackCOMRAM 000014
?___lldiv                                                 cstackCOMRAM 000010
?___lmul                                                  cstackCOMRAM 00001D
?___lwdiv                                                 cstackCOMRAM 000010
?___wmul                                                  cstackCOMRAM 000010
?_calculateMean                                           cstackCOMRAM 000010
?_getCurrentComparator                                    cstackCOMRAM 000016
?_getHopCode                                              cstackCOMRAM 000016
?_getTimeDecelaration                                     cstackCOMRAM 000029
?_read_package                                            cstackCOMRAM 000011
?_sm_get_current_state                                    cstackCOMRAM 000010
?_sumEnergyADC                                            cstackCOMRAM 000010
?_sumHIST                                                 cstackCOMRAM 000010
ADCC_GetSingleConversion@channel                          cstackCOMRAM 000001
ControlMotor@stateMotor                                   cstackCOMRAM 000018
DecCHK@data                                               cstackCOMRAM 000010
Decrypt@Buffer                                            cstackCOMRAM 000022
Decrypt@aux                                               cstackCOMRAM 000021
Decrypt@i                                                 cstackCOMRAM 00001E
Decrypt@j                                                 cstackCOMRAM 00001F
Decrypt@key                                               cstackCOMRAM 00001D
Decrypt@p                                                 cstackCOMRAM 000020
Decrypt@packet                                            cstackCOMRAM 00001B
DecryptPacket_12BIT@classic_data                          cstackBANK0  0000E2
DecryptPacket_12BIT@commandType                           cstackBANK0  0000E4
DecryptPacket_12BIT@data                                  cstackBANK0  0000E0
EUSART1_Read@readValue                                    cstackCOMRAM 000010
EUSART1_SetErrorHandler@interruptHandler                  cstackCOMRAM 000010
EUSART1_SetFramingErrorHandler@interruptHandler           cstackCOMRAM 000010
EUSART1_SetOverrunErrorHandler@interruptHandler           cstackCOMRAM 000010
EUSART1_SetRxInterruptHandler@interruptHandler            cstackCOMRAM 000010
EUSART1_SetTxInterruptHandler@interruptHandler            cstackCOMRAM 000010
EUSART1_Write@txData                                      cstackCOMRAM 000010
GetMotorPower@defineatraso                                cstackCOMRAM 000013
HopCHK@data                                               cstackCOMRAM 000024
HopCHK@hopDiff                                            cstackCOMRAM 000026
I2C1_CallbackReturnReset@funPtr                           cstackCOMRAM 000019
I2C1_Close@returnValue                                    cstackCOMRAM 000010
I2C1_MasterOperation@read                                 cstackCOMRAM 000020
I2C1_MasterOperation@returnValue                          cstackCOMRAM 000021
I2C1_MasterSendTxData@data                                cstackCOMRAM 000010
I2C1_Open@address                                         cstackCOMRAM 000010
I2C1_Open@returnValue                                     cstackCOMRAM 000011
I2C1_Read1ByteRegister@address                            cstackCOMRAM 000023
I2C1_Read1ByteRegister@reg                                cstackCOMRAM 000022
I2C1_Read1ByteRegister@returnValue                        cstackCOMRAM 000024
I2C1_SetAddressNackCallback@cb                            cstackCOMRAM 000015
I2C1_SetAddressNackCallback@ptr                           cstackCOMRAM 000017
I2C1_SetBuffer@buffer                                     cstackCOMRAM 000010
I2C1_SetBuffer@bufferSize                                 cstackCOMRAM 000012
I2C1_SetCallback@cb                                       cstackCOMRAM 000010
I2C1_SetCallback@idx                                      cstackCOMRAM 000014
I2C1_SetCallback@ptr                                      cstackCOMRAM 000012
I2C1_SetDataCompleteCallback@cb                           cstackCOMRAM 000015
I2C1_SetDataCompleteCallback@ptr                          cstackCOMRAM 000017
NormalKeyGen@Buffer                                       cstackCOMRAM 000030
NormalKeyGen@HOPtemp                                      cstackCOMRAM 000028
NormalKeyGen@SEED                                         bssBANK2     0002D9
NormalKeyGen@SKEYtemp                                     cstackCOMRAM 00002C
NormalKeyGen@serial                                       cstackCOMRAM 000026
OpenWalkOrder@diffTime                                    cstackCOMRAM 00001A
RGB_Set@value                                             cstackCOMRAM 000010
RemoveSerial@cmdType                                      cstackBANK0  0000DA
RemoveSerial@position                                     cstackCOMRAM 00003A
RemoveSerial@tempSerial                                   cstackBANK0  0000DB
ReqResync@CurrentHop                                      cstackCOMRAM 000010
ResetDefaultMemory@type                                   cstackCOMRAM 00003A
SaveNVM_VarSystem@page                                    cstackBANK0  0000D8
SaveNVM_VarSystem@point                                   cstackBANK0  0000DB
SaveNVM_VarSystem@tempAdd                                 cstackBANK0  0000D9
Segments_Set@value                                        cstackCOMRAM 000001
SetSegmentValue@d1                                        cstackCOMRAM 00001D
SetSegmentValue@d2                                        cstackCOMRAM 00001C
SetSegmentValueIntermitent@d1                             cstackCOMRAM 000013
SetSegmentValueIntermitent@d2                             cstackCOMRAM 000010
SetSegmentValueIntermitent@time                           cstackCOMRAM 000011
SetSegmentValueIntermitentMain@d1                         cstackCOMRAM 00001F
SetSegmentValueIntermitentMain@d2                         cstackCOMRAM 00001C
SetSegmentValueIntermitentMain@time                       cstackCOMRAM 00001D
SetSegmentValueLearn@direction                            cstackCOMRAM 000012
SetSegmentValueMain@d1                                    cstackCOMRAM 00001D
SetSegmentValueMain@d2                                    cstackCOMRAM 00001C
TMR0_SetInterruptHandler@InterruptHandler                 cstackCOMRAM 000010
TMR1_SetInterruptHandler@InterruptHandler                 cstackCOMRAM 000010
TMR1_WriteTimer@timerVal                                  cstackCOMRAM 000001
TMR2_SetInterruptHandler@InterruptHandler                 cstackCOMRAM 000010
VerifyElectricalBrake@actualState                         cstackCOMRAM 000011
VerifyElectricalBrake@tempState                           cstackCOMRAM 000010
VerifyFollowMe@securityClose                              cstackCOMRAM 000010
WWDT_TimerClear@state                                     cstackCOMRAM 000010
_ADACCH                                                   (abs)        000F71
_ADACCL                                                   (abs)        000F70
_ADACQ                                                    (abs)        000F5C
_ADACT                                                    (abs)        000F56
_ADCAP                                                    (abs)        000F5D
_ADCC_GetSingleConversion                                 text191      00915C
_ADCC_Initialize                                          text107      00869C
_ADCLK                                                    (abs)        000F57
_ADCNT                                                    (abs)        000F67
_ADCON0                                                   (abs)        000F60
_ADCON0bits                                               (abs)        000F60
_ADCON1                                                   (abs)        000F59
_ADCON2                                                   (abs)        000F5A
_ADCON3                                                   (abs)        000F5B
_ADC_array                                                bssBANK2     000200
_ADC_zero_array                                           bssBANK3     000396
_ADERRH                                                   (abs)        000F6F
_ADERRL                                                   (abs)        000F6E
_ADFLTRH                                                  (abs)        000F73
_ADFLTRL                                                  (abs)        000F72
_ADLTHH                                                   (abs)        000F6B
_ADLTHL                                                   (abs)        000F6A
_ADPCH                                                    (abs)        000F5F
_ADPRE                                                    (abs)        000F5E
_ADPREVH                                                  (abs)        000F62
_ADPREVL                                                  (abs)        000F61
_ADREF                                                    (abs)        000F58
_ADRESH                                                   (abs)        000F64
_ADRESL                                                   (abs)        000F63
_ADRPT                                                    (abs)        000F66
_ADSTAT                                                   (abs)        000F65
_ADSTPTH                                                  (abs)        000F69
_ADSTPTL                                                  (abs)        000F68
_ADUTHH                                                   (abs)        000F6D
_ADUTHL                                                   (abs)        000F6C
_ANSELA                                                   (abs)        000F11
_ANSELB                                                   (abs)        000F19
_ANSELC                                                   (abs)        000F21
_ANSELD                                                   (abs)        000F26
_ANSELE                                                   (abs)        000F2E
_Abertura_pedonal                                         bssBANK1     00018D
_BAUD1CON                                                 (abs)        000F9F
_BitCount                                                 bssBANK0     00008C
_Bptr                                                     bssBANK0     00008D
_BufferRF                                                 bssBANK2     0002C8
_BufferRF_12BIT                                           bssBANK1     000187
_ClearFlag_rfCMD                                          text16       0092F0
_CloseOrder                                               text35       008E5A
_ControlCounterMoves                                      text126      0083F2
_ControlCurrent                                           text116      005E72
_ControlDecelarationFactor                                text32       0090B6
_ControlInputs                                            text115      00660E
_ControlLights                                            text111      0039DE
_ControlMotor                                             text109      00474E
_Counterchoose                                            bssBANK0     000092
_DKEY                                                     bssBANK2     0002D1
_DecCHK                                                   text69       008B0C
_Decrypt                                                  text65       006F10
_DecryptPacket_12BIT                                      text70       00771C
_DispTable                                                dataBANK3    0003D2
_EHop                                                     bssBANK2     00028C
_EUSART1_DefaultErrorHandler                              text205      009314
_EUSART1_DefaultFramingErrorHandler                       text204      009356
_EUSART1_DefaultOverrunErrorHandler                       text203      00930E
_EUSART1_ErrorHandler                                     nvBANK2      0002E5
_EUSART1_FramingErrorHandler                              nvBANK2      0002E9
_EUSART1_Initialize                                       text101      007BDA
_EUSART1_OverrunErrorHandler                              nvBANK2      0002E7
_EUSART1_Read                                             text58       0087D2
_EUSART1_Receive_ISR                                      text202      0074C8
_EUSART1_RxDataHandler                                    text206      008FA2
_EUSART1_RxDefaultInterruptHandler                        nvBANK2      0002EB
_EUSART1_SetErrorHandler                                  text106      009272
_EUSART1_SetFramingErrorHandler                           text105      009268
_EUSART1_SetOverrunErrorHandler                           text104      00925E
_EUSART1_SetRxInterruptHandler                            text103      009254
_EUSART1_SetTxInterruptHandler                            text102      00924A
_EUSART1_Transmit_ISR                                     text201      008B3E
_EUSART1_TxDefaultInterruptHandler                        nvBANK2      0002ED
_EUSART1_Write                                            text83       00892A
_EUSART1_is_rx_ready                                      text108      0091C0
_F2Chance                                                 bssBANK1     000195
_GIE                                                      (abs)        007F97
_GetMotorPower                                            text125      006FDC
_GetOpenOrder                                             text53       005198
_GetSecurityStateInClosing                                text41       00737C
_GetSecurityStateInOpening                                text51       007422
_Hop                                                      bssBANK0     00007C
_HopCHK                                                   text66       0078C0
_I2C1_CallbackReturnReset                                 text161      009330
_I2C1_CallbackReturnStop                                  text162      009334
_I2C1_Close                                               text179      008F80
_I2C1_DO_ADDRESS_NACK                                     text138      00873A
_I2C1_DO_IDLE                                             text152      009290
_I2C1_DO_RCEN                                             text147      009286
_I2C1_DO_RESET                                            text139      00927C
_I2C1_DO_RX                                               text148      007CD4
_I2C1_DO_RX_ACK                                           text142      0092BA
_I2C1_DO_RX_NACK_RESTART                                  text140      0092AA
_I2C1_DO_RX_NACK_STOP                                     text141      0092B2
_I2C1_DO_SEND_ADR_READ                                    text151      0091FC
_I2C1_DO_SEND_ADR_WRITE                                   text150      0091EE
_I2C1_DO_SEND_RESTART                                     text144      0092CA
_I2C1_DO_SEND_RESTART_READ                                text146      0092DA
_I2C1_DO_SEND_RESTART_WRITE                               text145      0092D2
_I2C1_DO_SEND_STOP                                        text143      0092C2
_I2C1_DO_TX                                               text149      007834
_I2C1_DO_TX_EMPTY                                         text153      008280
_I2C1_Initialize                                          text100      00919A
_I2C1_MasterClearIrq                                      text182      009308
_I2C1_MasterClose                                         text181      009348
_I2C1_MasterDisableIrq                                    text180      009344
_I2C1_MasterEnableRestart                                 text177      00933C
_I2C1_MasterFsm                                           text137      0085A6
_I2C1_MasterGetRxData                                     text158      009328
_I2C1_MasterIsNack                                        text155      00920A
_I2C1_MasterOpen                                          text132      009116
_I2C1_MasterOperation                                     text134      008C52
_I2C1_MasterSendAck                                       text157      0092FC
_I2C1_MasterSendNack                                      text159      009302
_I2C1_MasterSendTxData                                    text156      0092E2
_I2C1_MasterSetIrq                                        text154      0092F6
_I2C1_MasterStart                                         text178      009340
_I2C1_MasterStartRx                                       text160      00932C
_I2C1_MasterStop                                          text176      009338
_I2C1_MasterWaitForEvent                                  text136      0092A2
_I2C1_MasterWrite                                         text133      00929A
_I2C1_Open                                                text131      007A54
_I2C1_Poller                                              text135      0091D0
_I2C1_Read1ByteRegister                                   text77       008396
_I2C1_SetAddressNackCallback                              text130      0090FE
_I2C1_SetBuffer                                           text175      00909C
_I2C1_SetCallback                                         text174      008076
_I2C1_SetDataCompleteCallback                             text173      00912E
_I2C1_Status                                              bssBANK2     00023C
_INLVLA                                                   (abs)        000F0D
_INLVLB                                                   (abs)        000F15
_INLVLC                                                   (abs)        000F1D
_INLVLD                                                   (abs)        000F22
_INLVLE                                                   (abs)        000F2A
_INTCONbits                                               (abs)        000FF2
_INTERRUPT_Initialize                                     text99       009324
_INTERRUPT_InterruptManager                               intcode      000008
_IOCBN3                                                   (abs)        00789B
_IOCBP3                                                   (abs)        0078A3
_InitFullAutoTime                                         text45       009068
_InitReceiver                                             text5        009034
_InitSoftStart                                            text49       00833A
_InitSoftStop                                             text31       008788
_InitWalkAutoTime                                         text50       009172
_LATA                                                     (abs)        000F83
_LATAbits                                                 (abs)        000F83
_LATB                                                     (abs)        000F84
_LATC                                                     (abs)        000F85
_LATCbits                                                 (abs)        000F85
_LATD                                                     (abs)        000F86
_LATDbits                                                 (abs)        000F86
_LATE                                                     (abs)        000F87
_LATEbits                                                 (abs)        000F87
_LoadManufCode                                            text64       008F3C
_NextHop                                                  bssBANK2     00028E
_NormalKeyGen                                             text63       006842
_ODCONA                                                   (abs)        000F0F
_ODCONB                                                   (abs)        000F17
_ODCONC                                                   (abs)        000F1F
_ODCOND                                                   (abs)        000F24
_ODCONE                                                   (abs)        000F2C
_OSCCON1                                                  (abs)        000ED8
_OSCCON3                                                  (abs)        000EDA
_OSCEN                                                    (abs)        000EDC
_OSCFRQ                                                   (abs)        000EDE
_OSCILLATOR_Initialize                                    text98       009146
_OSCTUNE                                                  (abs)        000EDD
_OpenFullOrder                                            text44       008E80
_OpenWalkOrder                                            text46       008008
_PCON0bits                                                (abs)        000FD7
_PIE0bits                                                 (abs)        000EC2
_PIE3bits                                                 (abs)        000EC5
_PIE4bits                                                 (abs)        000EC6
_PIN_MANAGER_Initialize                                   text97       007562
_PIR0bits                                                 (abs)        000ECA
_PIR3bits                                                 (abs)        000ECD
_PIR4bits                                                 (abs)        000ECE
_PMD0                                                     (abs)        000EE1
_PMD1                                                     (abs)        000EE2
_PMD2                                                     (abs)        000EE3
_PMD3                                                     (abs)        000EE4
_PMD4                                                     (abs)        000EE5
_PMD5                                                     (abs)        000EE6
_PMD_Initialize                                           text96       008FFC
_PORTAbits                                                (abs)        000F8D
_PORTB                                                    (abs)        000F8E
_PORTBbits                                                (abs)        000F8E
_PORTEbits                                                (abs)        000F91
_RC1REG                                                   (abs)        000F99
_RC1STA                                                   (abs)        000F9D
_RC1STAbits                                               (abs)        000F9D
_RC3PPS                                                   (abs)        000EFA
_RC4PPS                                                   (abs)        000EFB
_RC7PPS                                                   (abs)        000EFE
_RFBit                                                    bssBANK0     000089
_RFFull                                                   bssBANK0     00008B
_RFFull_12BIT                                             bssBANK0     00008A
_RFcount                                                  bssBANK0     00007E
_RFstate                                                  bssBANK1     000198
_RGB_Set                                                  text113      0091E0
_RX1PPS                                                   (abs)        000EB5
_ReadADC                                                  text190      008550
_RemoveSerial                                             text11       007B5A
_ReqResync                                                text68       0090CE
_ResetDefaultMemory                                       text76       005B66
_SLRCONA                                                  (abs)        000F0E
_SLRCONB                                                  (abs)        000F16
_SLRCONC                                                  (abs)        000F1E
_SLRCOND                                                  (abs)        000F23
_SLRCONE                                                  (abs)        000F2B
_SP1BRGH                                                  (abs)        000F9C
_SP1BRGL                                                  (abs)        000F9B
_SSP1ADD                                                  (abs)        000F93
_SSP1BUF                                                  (abs)        000F92
_SSP1CLKPPS                                               (abs)        000EB7
_SSP1CON1                                                 (abs)        000F96
_SSP1CON1bits                                             (abs)        000F96
_SSP1CON2                                                 (abs)        000F97
_SSP1CON2bits                                             (abs)        000F97
_SSP1DATPPS                                               (abs)        000EB8
_SSP1STAT                                                 (abs)        000F95
_SYSTEM_Initialize                                        text88       008BA0
_SaveNVM_VarSystem                                        text127      008AA0
_Segments_Set                                             text186      009216
_SetSegmentValue                                          text87       009082
_SetSegmentValueIntermitent                               text52       008BCE
_SetSegmentValueIntermitentMain                           text55       009186
_SetSegmentValueLearn                                     text18       006B56
_SetSegmentValueMain                                      text15       00904E
_ShowVersion                                              text86       0081B8
_StateTRIAC                                               bssBANK1     000190
_StopOrder                                                text40       008FC4
_SumEnergyADCHist_array                                   bssBANK2     000260
_T0CON0                                                   (abs)        000FD5
_T0CON1                                                   (abs)        000FD6
_T1CLK                                                    (abs)        000FD2
_T1CON                                                    (abs)        000FCF
_T1CONbits                                                (abs)        000FCF
_T1GATE                                                   (abs)        000FD1
_T1GCON                                                   (abs)        000FD0
_T2CLKCON                                                 (abs)        000FBF
_T2CON                                                    (abs)        000FBD
_T2HLT                                                    (abs)        000FBE
_T2PR                                                     (abs)        000FBC
_T2RST                                                    (abs)        000FC0
_T2TMR                                                    (abs)        000FBB
_TMR0H                                                    (abs)        000FD4
_TMR0IE                                                   (abs)        007615
_TMR0IF                                                   (abs)        007655
_TMR0L                                                    (abs)        000FD3
_TMR0_DefaultInterruptHandler                             text200      009354
_TMR0_ISR                                                 text198      008ECC
_TMR0_Initialize                                          text94       008F5E
_TMR0_InterruptHandler                                    nvBANK2      0002E3
_TMR0_SetInterruptHandler                                 text95       009240
_TMR1H                                                    (abs)        000FCE
_TMR1L                                                    (abs)        000FCD
_TMR1_DefaultInterruptHandler                             text197      009352
_TMR1_ISR                                                 text192      0089EA
_TMR1_Initialize                                          text92       0088E8
_TMR1_InterruptHandler                                    nvBANK2      0002DF
_TMR1_SetInterruptHandler                                 text93       009236
_TMR1_WriteTimer                                          text196      009018
_TMR2_DefaultInterruptHandler                             text189      009350
_TMR2_ISR                                                 text184      00613C
_TMR2_Initialize                                          text90       008C26
_TMR2_InterruptHandler                                    nvBANK2      0002DD
_TMR2_SetInterruptHandler                                 text91       00922C
_TRISA                                                    (abs)        000F88
_TRISB                                                    (abs)        000F89
_TRISC                                                    (abs)        000F8A
_TRISD                                                    (abs)        000F8B
_TRISE                                                    (abs)        000F8C
_TX1REG                                                   (abs)        000F9A
_TX1STA                                                   (abs)        000F9E
_VerifyElectricalBrake                                    text110      007D4E
_VerifyFollowMe                                           text34       008F18
_WDTCON0                                                  (abs)        000ED2
_WDTCON0bits                                              (abs)        000ED2
_WDTCON1                                                  (abs)        000ED3
_WPUA                                                     (abs)        000F10
_WPUB                                                     (abs)        000F18
_WPUC                                                     (abs)        000F20
_WPUD                                                     (abs)        000F25
_WPUE                                                     (abs)        000F2D
_WWDT_Initialize                                          text89       009222
_WWDT_SoftEnable                                          text85       009320
_WWDT_TimerClear                                          text84       008FE0
_WaitPreFlash                                             text43       007F98
__HRAM                                                    (abs)        000000
__Habs1                                                   abs1         000000
__Hbank0                                                  bank0        000000
__Hbank1                                                  bank1        000000
__Hbank10                                                 bank10       000000
__Hbank11                                                 bank11       000000
__Hbank12                                                 bank12       000000
__Hbank13                                                 bank13       000000
__Hbank14                                                 bank14       000000
__Hbank2                                                  bank2        000000
__Hbank3                                                  bank3        000000
__Hbank4                                                  bank4        000000
__Hbank5                                                  bank5        000000
__Hbank6                                                  bank6        000000
__Hbank7                                                  bank7        000000
__Hbank8                                                  bank8        000000
__Hbank9                                                  bank9        000000
__Hbigbss                                                 bigbss       000000
__Hbigdata                                                bigdata      000000
__Hbigram                                                 bigram       000000
__Hbigsfr                                                 bigsfr       000000
__Hbss                                                    bss          000000
__HbssBANK0                                               bssBANK0     000000
__HbssBANK1                                               bssBANK1     000000
__HbssBANK2                                               bssBANK2     000000
__HbssBANK3                                               bssBANK3     000000
__HbssCOMRAM                                              bssCOMRAM    000000
__Hcinit                                                  cinit        000000
__Hclrtext                                                clrtext      000000
__Hcomram                                                 comram       000000
__Hconfig                                                 config       30000C
[...]
memcpy@s1                                                 cstackCOMRAM 000012
memcpy@tmp                                                cstackCOMRAM 000016
rd1RegCompleteHandler@i2c1_master_example$F500@ptr        cstackCOMRAM 000019
rd1RegCompleteHandler@p                                   cstackCOMRAM 000019
rd2RegCompleteHandler@i2c1_master_example$F511@ptr        cstackCOMRAM 000019
rd2RegCompleteHandler@p                                   cstackCOMRAM 000019
rdBlkRegCompleteHandler@i2c1_master_example$F535@ptr      cstackCOMRAM 000019
rdBlkRegCompleteHandler@p                                 cstackCOMRAM 000019
readRFButtons@key1                                        bssBANK0     000088
readRFButtons@keyType                                     bssBANK0     000087
readRFButtons@rollingCode                                 bssBANK1     000185
readRFButtons@serial                                      bssBANK1     000181
readRFButtons@typeRemote                                  bssBANK1     000197
read_eusartparser@package                                 cstackCOMRAM 000018
read_package@package                                      cstackCOMRAM 000018
readbutton@key1                                           bssBANK0     000086
readbutton@key2                                           bssBANK1     000196
refreshADCZeroOffset@i                                    cstackCOMRAM 000017
refreshADCZeroOffset@media                                cstackCOMRAM 000018
saveEnergyADCHist@valueToSave                             cstackCOMRAM 000010
saveNewSerial@cmdType                                     cstackCOMRAM 00003A
saveNewSerial@position                                    cstackBANK0  0000DC
saveNewSerial@tempSerial                                  cstackBANK0  0000D8
setFlashLigth_ON@Freq                                     cstackCOMRAM 000010
setRGB_ON@Freq                                            cstackCOMRAM 000011
setRGB_ON@RGBLigth                                        cstackCOMRAM 000015
setValueToEdit@ParameterSelected                          cstackCOMRAM 00003A
setValueToEdit@haveValueToEdit                            cstackBANK0  0000E0
setValueToEdit@menuType                                   cstackBANK0  0000DE
setValueToEdit@posindex                                   cstackBANK0  0000DF
setValueToEdit@value                                      bssBANK1     0001F8
sm_execute_ControlGate@psm                                cstackBANK0  0000E7
sm_execute_ControlGate@typeOpenOrder                      cstackBANK0  0000EB
sm_execute_ControlLearning@psm                            cstackBANK0  0000DC
sm_execute_ControlLearning@typeOpenOrder                  cstackCOMRAM 00003A
sm_execute_main@psm                                       cstackBANK0  0000ED
sm_execute_menuConfiguration@psm                          cstackBANK0  0000E9
sm_get_current_state@psm                                  cstackCOMRAM 000010
sm_init@hist_mode                                         cstackCOMRAM 000016
sm_init@initial_state                                     cstackCOMRAM 000014
sm_init@psm                                               cstackCOMRAM 000012
sm_restart@psm                                            cstackCOMRAM 000010
sm_send_event@event                                       cstackCOMRAM 000014
sm_send_event@psm                                         cstackCOMRAM 000012
stackhi                                                   (abs)        000000
stacklo                                                   (abs)        000000
start                                                     init         00009C
start_initialization                                      cinit        007168
sumEnergyADC@auxValue                                     cstackCOMRAM 000016
sumEnergyADC@i                                            cstackCOMRAM 000018
sumEnergyADC@sumE                                         cstackCOMRAM 000014
sumHIST@i                                                 cstackCOMRAM 000020
sumHIST@max                                               cstackCOMRAM 000018
sumHIST@min                                               cstackCOMRAM 00001A
sumHIST@sumH                                              cstackCOMRAM 00001C
ttemp5                                                    temp         000051
ttemp6                                                    temp         000054
ttemp7                                                    temp         000058
validateRemoteSerialNumber@VerifyOnlySerial               cstackCOMRAM 000032
validateRemoteSerialNumber@i                              cstackCOMRAM 00003A
validateRemoteSerialNumber@j                              cstackCOMRAM 000039
validateRemoteSerialNumber@mask                           cstackCOMRAM 000035
validateRemoteSerialNumber@position                       cstackCOMRAM 000033
validateRemoteSerialNumber@serial                         cstackCOMRAM 00002E
verifyProgramingMode@classic_data                         cstackCOMRAM 000010
wr1RegCompleteHandler@i2c1_master_example$F517@ptr        cstackCOMRAM 000019
wr1RegCompleteHandler@p                                   cstackCOMRAM 000019
wr2RegCompleteHandler@i2c1_master_example$F523@ptr        cstackCOMRAM 000019
wr2RegCompleteHandler@p                                   cstackCOMRAM 000019
write_eusartparser@debug                                  cstackCOMRAM 00001F
write_eusartparser@debug2                                 cstackCOMRAM 000021
write_eusartparser@package                                cstackCOMRAM 000010
write_package@package                                     cstackCOMRAM 000011
wtemp8                                                    temp         000051


MODULE INFORMATION

Module		Function		Class		Link	Load	Size
controlMemory_MC50.c
		_SaveNVM_VarSystem		CODE           	8AA0	0000	56
		_validateRemoteSerialNumber		CODE           	5500	0000	412
		_checkNVM_VarSystem		CODE           	5360	0000	416
		_saveNewSerial 		CODE           	7F28	0000	112
		_ControlCounterMoves		CODE           	83F2	0000	90
		_ResetDefaultMemory		CODE           	5B66	0000	394
		_RemoveSerial  		CODE           	7B5A	0000	128
		_loadNVM_VarSystem		CODE           	63B8	0000	302
		_cmdMemoryIsEmpty		CODE           	75FA	0000	146

controlMemory_MC50.c estimated size: 2056

sm_ControlGate_MC50.c
		_setPositionInvertionInOpening		CODE           	6E34	0000	220
		_WaitPreFlash  		CODE           	7F98	0000	112
		_actionZone_Opened		CODE           	4DD8	0000	494
		_actionZone_Closed		CODE           	72D2	0000	170
		_InitFullAutoTime		CODE           	9068	0000	26
		_InitSoftStop  		CODE           	8788	0000	74
		_InitWalkAutoTime		CODE           	9172	0000	20
		_StopOrder     		CODE           	8FC4	0000	28
		_InitSoftStart 		CODE           	833A	0000	92
		_actionZone_Opening		CODE           	44FA	0000	596
		_actionZone_Closing		CODE           	3FF8	0000	652
		_VerifyFollowMe		CODE           	8F18	0000	36
		_sm_execute_ControlGate		CODE           	3694	0000	842
		_CloseOrder    		CODE           	8E5A	0000	38
		_setPositionInvertionInClosing		CODE           	64E6	0000	296
		_OpenFullOrder 		CODE           	8E80	0000	38
		_OpenWalkOrder 		CODE           	8008	0000	110

sm_ControlGate_MC50.c estimated size: 3844

mcc_generated_files/examples/i2c1_master_example.c
		_rdBlkRegCompleteHandler@i2c1_master_example$F535		CODE           	896A	0000	64
		_rd1RegCompleteHandler@i2c1_master_example$F500		CODE           	8CD6	0000	44
		_rd2RegCompleteHandler@i2c1_master_example$F511		CODE           	8CAA	0000	44
		_wr1RegCompleteHandler@i2c1_master_example$F517		CODE           	8C7E	0000	44
		_wr2RegCompleteHandler@i2c1_master_example$F523		CODE           	8DB2	0000	44
		_I2C1_Read1ByteRegister		CODE           	8396	0000	92

mcc_generated_files/examples/i2c1_master_example.c estimated size: 332

controlCurrent_MC50.c
		_refreshADCZeroOffset		CODE           	6A58	0000	254
		_getCurrentComparator		CODE           	569C	0000	410
		_ControlCurrent		CODE           	5E72	0000	372
		_refreshCurrent		CODE           	881A	0000	70
		_ReadADC       		CODE           	8550	0000	86
		_sumEnergyADC  		CODE           	77A8	0000	140
		_sumHIST       		CODE           	6C52	0000	250
		_saveEnergyADCHist		CODE           	8E32	0000	40

controlCurrent_MC50.c estimated size: 1622

sm_Main_MC50.c
		_sm_execute_main		CODE           	24A0	0000	1288

sm_Main_MC50.c estimated size: 1288

outputs_MC50.c
		_getTimeDecelaration		CODE           	6D4C	0000	232
		_Segments_Set  		CODE           	9216	0000	12
		_ControlMotor  		CODE           	474E	0000	586
		_SetSegmentValueMain		CODE           	904E	0000	26
		_GetMotorPower 		CODE           	6FDC	0000	198
		_ControlLights 		CODE           	39DE	0000	804
		_RGB_Set       		CODE           	91E0	0000	14
		_refreshSegment		CODE           	794A	0000	134
		_setFlashLigth_ON		CODE           	8A2A	0000	60
		_getStateOpenPosition		CODE           	6732	0000	272
		_controlMotorForce		CODE           	4998	0000	546
		_SetSegmentValueIntermitent		CODE           	8BCE	0000	44
		_SetSegmentValueLearn		CODE           	6B56	0000	252
		_SetSegmentValue		CODE           	9082	0000	26
		_VerifyElectricalBrake		CODE           	7D4E	0000	120
		_SetSegmentValueIntermitentMain		CODE           	9186	0000	20
		_setRGB_ON     		CODE           	768C	0000	144
		_controlVelocity		CODE           	4BBA	0000	542
		_ControlDecelarationFactor		CODE           	90B6	0000	24

outputs_MC50.c estimated size: 4056

mcc_generated_files/i2c1_master.c
		_I2C1_DO_SEND_RESTART		CODE           	92CA	0000	8
		_I2C1_DO_TX_EMPTY		CODE           	8280	0000	94
		_I2C1_DO_SEND_RESTART_READ		CODE           	92DA	0000	8
		_I2C1_CallbackReturnStop		CODE           	9334	0000	4
		_I2C1_DO_RX    		CODE           	7CD4	0000	122
		_I2C1_DO_TX    		CODE           	7834	0000	140
		_I2C1_SetAddressNackCallback		CODE           	90FE	0000	24
		_I2C1_DO_IDLE  		CODE           	9290	0000	10
		_I2C1_MasterOpen		CODE           	9116	0000	24
		_I2C1_DO_RCEN  		CODE           	9286	0000	10
		_I2C1_MasterSendTxData		CODE           	92E2	0000	8
		_I2C1_MasterStop		CODE           	9338	0000	4
		_I2C1_CallbackReturnReset		CODE           	9330	0000	4
		_I2C1_DO_RESET 		CODE           	927C	0000	10
		_I2C1_MasterStartRx		CODE           	932C	0000	4
		_I2C1_Poller   		CODE           	91D0	0000	16
		_I2C1_DO_RX_ACK		CODE           	92BA	0000	8
		_I2C1_MasterWaitForEvent		CODE           	92A2	0000	8
		_I2C1_MasterSendNack		CODE           	9302	0000	6
		_I2C1_DO_RX_NACK_RESTART		CODE           	92AA	0000	8
		_I2C1_MasterDisableIrq		CODE           	9344	0000	4
		_I2C1_MasterOperation		CODE           	8C52	0000	44
		_I2C1_SetCallback		CODE           	8076	0000	110
		_I2C1_MasterEnableRestart		CODE           	933C	0000	4
		_I2C1_Open     		CODE           	7A54	0000	132
		_I2C1_DO_ADDRESS_NACK		CODE           	873A	0000	78
		_I2C1_SetBuffer		CODE           	909C	0000	26
		_I2C1_DO_SEND_RESTART_WRITE		CODE           	92D2	0000	8
		_I2C1_MasterClose		CODE           	9348	0000	4
		_I2C1_MasterWrite		CODE           	929A	0000	8
		_I2C1_Initialize		CODE           	919A	0000	20
		_I2C1_Close    		CODE           	8F80	0000	34
		_I2C1_MasterIsNack		CODE           	920A	0000	12
		_I2C1_MasterStart		CODE           	9340	0000	4
		_I2C1_DO_SEND_ADR_WRITE		CODE           	91EE	0000	14
		_I2C1_MasterClearIrq		CODE           	9308	0000	6
		_I2C1_SetDataCompleteCallback		CODE           	912E	0000	24
		_I2C1_DO_SEND_STOP		CODE           	92C2	0000	8
		_I2C1_MasterSendAck		CODE           	92FC	0000	6
		_I2C1_MasterFsm		CODE           	85A6	0000	84
		_I2C1_MasterGetRxData		CODE           	9328	0000	4
		_I2C1_MasterSetIrq		CODE           	92F6	0000	6
		_I2C1_DO_SEND_ADR_READ		CODE           	91FC	0000	14
		_I2C1_DO_RX_NACK_STOP		CODE           	92B2	0000	8

mcc_generated_files/i2c1_master.c estimated size: 1182

eusartparser.c
		_read_eusartparser		CODE           	29A8	0000	1288
		_write_eusartparser		CODE           	2EB0	0000	1060
		_eusartparser  		CODE           	5FE6	0000	342

eusartparser.c estimated size: 2690

mcc_generated_files/tmr2.c
		_TMR2_ISR      		CODE           	613C	0000	334
		_TMR2_Initialize		CODE           	8C26	0000	44
		_TMR2_SetInterruptHandler		CODE           	922C	0000	10
		_TMR2_DefaultInterruptHandler		CODE           	9350	0000	2

mcc_generated_files/tmr2.c estimated size: 390

mcc_generated_files/interrupt_manager.c
		_INTERRUPT_Initialize		CODE           	9324	0000	4
		_INTERRUPT_InterruptManager		CODE           	0008	0000	148

mcc_generated_files/interrupt_manager.c estimated size: 152

C:\Program Files\Microchip\xc8\v2.36\pic\sources\c99\common\Umul32.c
		___lmul        		CODE           	84FA	0000	86

C:\Program Files\Microchip\xc8\v2.36\pic\sources\c99\common\Umul32.c estimated size: 86

inputs_MC50.c
		_ControlInputs 		CODE           	660E	0000	292
		_readbutton    		CODE           	80E4	0000	108
		_ClearFlag_rfCMD		CODE           	92F0	0000	6
		_getSerialCmd  		CODE           	86EC	0000	78
		_rxi           		CODE           	4284	0000	630
		_GetSecurityStateInClosing		CODE           	737C	0000	166
		_getTypeRemote 		CODE           	92EA	0000	6
		_GetOpenOrder  		CODE           	5198	0000	456
		_readInputs    		CODE           	6950	0000	264
		_InitReceiver  		CODE           	9034	0000	26
		_GetSecurityStateInOpening		CODE           	7422	0000	166
		_getKeyPressed 		CODE           	90E6	0000	24
		_readRFButtons 		CODE           	59D0	0000	406

inputs_MC50.c estimated size: 2628

mcc_generated_files/tmr0.c
		_TMR0_SetInterruptHandler		CODE           	9240	0000	10
		_TMR0_DefaultInterruptHandler		CODE           	9354	0000	2
		_TMR0_ISR      		CODE           	8ECC	0000	38
		_TMR0_Initialize		CODE           	8F5E	0000	34

mcc_generated_files/tmr0.c estimated size: 84

sm_MenuConfiguration_MC50.c
		_load_New_Menu 		CODE           	3D02	0000	758
		_sm_execute_menuConfiguration		CODE           	0F22	0000	2404
		_controlSelectRemote		CODE           	32D4	0000	960
		_setValueToEdit		CODE           	1F94	0000	1292
		_controlSaveRemote		CODE           	721E	0000	180
		_controlLearnDigit		CODE           	8B70	0000	48

sm_MenuConfiguration_MC50.c estimated size: 5642

mcc_generated_files/pin_manager.c
		_PIN_MANAGER_Initialize		CODE           	7562	0000	152

mcc_generated_files/pin_manager.c estimated size: 152

main_MC50.c
		_decrementTimeslot		CODE           	8E08	0000	42
		_ShowVersion   		CODE           	81B8	0000	102
		_main          		CODE           	5CF0	0000	386
		_controlTimeslots		CODE           	5836	0000	410

main_MC50.c estimated size: 940

C:\Program Files\Microchip\xc8\v2.36\pic\sources\c99\common\__lldiv.c
		___lldiv       		CODE           	7AD8	0000	130

C:\Program Files\Microchip\xc8\v2.36\pic\sources\c99\common\__lldiv.c estimated size: 130

mcc_generated_files/drivers/i2c_simple_master.c
		_i2c_readDataBlock		CODE           	7E3E	0000	118
		_wr1RegCompleteHandler		CODE           	8D86	0000	44
		_wr2RegCompleteHandler		CODE           	8D02	0000	44
		_i2c_writeNBytes		CODE           	7EB4	0000	116
		_rdBlkRegCompleteHandler		CODE           	89AA	0000	64
		_rd1RegCompleteHandler		CODE           	8D5A	0000	44
		_rd2RegCompleteHandler		CODE           	8D2E	0000	44

mcc_generated_files/drivers/i2c_simple_master.c estimated size: 474

C:\Program Files\Microchip\xc8\v2.36\pic\sources\c99\common\lwdiv.c
		___lwdiv       		CODE           	85FA	0000	82

C:\Program Files\Microchip\xc8\v2.36\pic\sources\c99\common\lwdiv.c estimated size: 82

C:\Program Files\Microchip\xc8\v2.36\pic\sources\c99\common\awdiv.c
		___awdiv       		CODE           	79D0	0000	132

C:\Program Files\Microchip\xc8\v2.36\pic\sources\c99\common\awdiv.c estimated size: 132

C:\Program Files\Microchip\xc8\v2.36\pic\sources\c99\common\lbmod.c
		___lbmod       		CODE           	8DDE	0000	42

C:\Program Files\Microchip\xc8\v2.36\pic\sources\c99\common\lbmod.c estimated size: 42

shared
		i2_VerifyElectricalBrake		CODE           	7DC6	0000	120
		__initialization		CODE           	7168	0000	172
		_i2c1_fsmStateTable		SMALLCONST     	0F01	0000	32
		i2_GetMotorPower		CODE           	70A2	0000	198

shared estimated size: 522

mcc_generated_files/eusart1.c
		_EUSART1_SetRxInterruptHandler		CODE           	9254	0000	10
		_EUSART1_SetTxInterruptHandler		CODE           	924A	0000	10
		_EUSART1_is_rx_ready		CODE           	91C0	0000	16
		_EUSART1_Initialize		CODE           	7BDA	0000	126
		_EUSART1_DefaultErrorHandler		CODE           	9314	0000	6
		_EUSART1_SetFramingErrorHandler		CODE           	9268	0000	10
		_EUSART1_Read  		CODE           	87D2	0000	72
		_EUSART1_SetOverrunErrorHandler		CODE           	925E	0000	10
		_EUSART1_SetErrorHandler		CODE           	9272	0000	10
		_EUSART1_Write 		CODE           	892A	0000	64
		_EUSART1_Receive_ISR		CODE           	74C8	0000	154
		_EUSART1_RxDataHandler		CODE           	8FA2	0000	34
		_EUSART1_DefaultOverrunErrorHandler		CODE           	930E	0000	6
		_EUSART1_Transmit_ISR		CODE           	8B3E	0000	50
		_EUSART1_DefaultFramingErrorHandler		CODE           	9356	0000	2

mcc_generated_files/eusart1.c estimated size: 580

mcc_generated_files/mcc.c
		_WWDT_TimerClear		CODE           	8FE0	0000	28
		_PMD_Initialize		CODE           	8FFC	0000	28
		_OSCILLATOR_Initialize		CODE           	9146	0000	22
		_SYSTEM_Initialize		CODE           	8BA0	0000	46
		_WWDT_Initialize		CODE           	9222	0000	10
		_WWDT_SoftEnable		CODE           	9320	0000	4

mcc_generated_files/mcc.c estimated size: 138

sm_common_MC50.c
		_sm_restart    		CODE           	8860	0000	68
		_sm_get_current_state		CODE           	91AE	0000	18
		_sm_init       		CODE           	84A4	0000	86
		_sm_send_event 		CODE           	82DE	0000	92

sm_common_MC50.c estimated size: 264

mcc_generated_files/tmr1.c
		_TMR1_Initialize		CODE           	88E8	0000	66
		_TMR1_SetInterruptHandler		CODE           	9236	0000	10
		_TMR1_DefaultInterruptHandler		CODE           	9352	0000	2
		_TMR1_WriteTimer		CODE           	9018	0000	28
		_TMR1_ISR      		CODE           	89EA	0000	64

mcc_generated_files/tmr1.c estimated size: 170

eusartpackage.c
		_write_package 		CODE           	8BFA	0000	44
		_read_package  		CODE           	864C	0000	80

eusartpackage.c estimated size: 124

keeloqDecrypt_MC50.c
		_NormalKeyGen  		CODE           	6842	0000	270
		_keeloqDecryptPacket		CODE           	4FC6	0000	466
		_DecCHK        		CODE           	8B0C	0000	50
		_Decrypt       		CODE           	6F10	0000	204
		_ReqResync     		CODE           	90CE	0000	24
		_getHopCode    		CODE           	628A	0000	302
		_LoadManufCode 		CODE           	8F3C	0000	34
		_keeloq_classic_decrypt_packet		CODE           	844C	0000	88
		_DecryptPacket_12BIT		CODE           	771C	0000	140
		_verifyProgramingMode		CODE           	8AD8	0000	52
		_HopCHK        		CODE           	78C0	0000	138

keeloqDecrypt_MC50.c estimated size: 1768

mcc_generated_files/adcc.c
		_ADCC_GetSingleConversion		CODE           	915C	0000	22
		_ADCC_Initialize		CODE           	869C	0000	80

mcc_generated_files/adcc.c estimated size: 102

C:\Program Files\Microchip\xc8\v2.36\pic\sources\c99\common\memcpy.c
		_memcpy        		CODE           	88A4	0000	68

C:\Program Files\Microchip\xc8\v2.36\pic\sources\c99\common\memcpy.c estimated size: 68

C:\Program Files\Microchip\xc8\v2.36\pic\sources\c99\common\Umul16.c
		___wmul        		CODE           	8EA6	0000	38

C:\Program Files\Microchip\xc8\v2.36\pic\sources\c99\common\Umul16.c estimated size: 38

C:\Program Files\Microchip\xc8\v2.36\pic\sources\c99\common\lbdiv.c
		___lbdiv       		CODE           	8A66	0000	58

C:\Program Files\Microchip\xc8\v2.36\pic\sources\c99\common\lbdiv.c estimated size: 58

sm_ControlLearning_MC50.c
		_sm_execute_ControlLearning		CODE           	1886	0000	1806
		_calculateMean 		CODE           	821E	0000	98
		_generateErrorLearnig		CODE           	8150	0000	104
		_clearLearningValue		CODE           	7C58	0000	124

sm_ControlLearning_MC50.c estimated size: 2132

